Archive member included because of file (symbol)

../lib/libxc.a(atoi.o)        ../shell/xsh_kill.o (atoi)
../lib/libxc.a(atol.o)        ../shell/xsh_sleep.o (atol)
../lib/libxc.a(bzero.o)       ../device/loopback/loopbackOpen.o (bzero)
../lib/libxc.a(ctype_.o)      ../device/tty/ttyRead.o (_ctype_)
../lib/libxc.a(doprnt.o)      ../device/uart-pl011/kprintf.o (_doprnt)
../lib/libxc.a(fprintf.o)     ../system/debug.o (fprintf)
../lib/libxc.a(getchar.o)     ../shell/xsh_snoop.o (getchar)
../lib/libxc.a(memcpy.o)      ../system/tar.o (memcpy)
../lib/libxc.a(printf.o)      ../device/uart-pl011/uartStat.o (printf)
../lib/libxc.a(rand.o)        ../apps/producer.o (srand)
../lib/libxc.a(sprintf.o)     ../shell/xsh_user.o (sprintf)
../lib/libxc.a(strncmp.o)     ../system/getdev.o (strncmp)
../lib/libxc.a(strncpy.o)     ../system/platforms/raspberry-pi/create.o (strncpy)
../lib/libxc.a(malloc.o)      ../shell/xsh_voip.o (malloc)
../lib/libxc.a(fgetc.o)       ../lib/libxc.a(getchar.o) (fgetc)
/nfs/nfs5/home/research/hardware/arm2/arm-2012.09/bin/../lib/gcc/arm-none-eabi/4.7.2/libgcc.a(_udivsi3.o)
                              ../shell/xsh_ping.o (__aeabi_uidiv)
/nfs/nfs5/home/research/hardware/arm2/arm-2012.09/bin/../lib/gcc/arm-none-eabi/4.7.2/libgcc.a(_divsi3.o)
                              ../shell/xsh_ping.o (__aeabi_idiv)
/nfs/nfs5/home/research/hardware/arm2/arm-2012.09/bin/../lib/gcc/arm-none-eabi/4.7.2/libgcc.a(_dvmd_tls.o)
                              /nfs/nfs5/home/research/hardware/arm2/arm-2012.09/bin/../lib/gcc/arm-none-eabi/4.7.2/libgcc.a(_udivsi3.o) (__aeabi_idiv0)

Discarded input sections

 .data          0x00000000        0x0 ../loader/platforms/raspberry-pi/start.o
 .bss           0x00000000        0x0 ../loader/platforms/raspberry-pi/start.o
 .data          0x00000000        0x0 ../system/platforms/raspberry-pi/ctxsw.o
 .bss           0x00000000        0x0 ../system/platforms/raspberry-pi/ctxsw.o
 .data          0x00000000        0x0 ../system/platforms/raspberry-pi/pause.o
 .bss           0x00000000        0x0 ../system/platforms/raspberry-pi/pause.o
 .data          0x00000000        0x0 ../system/platforms/raspberry-pi/halt.o
 .bss           0x00000000        0x0 ../system/platforms/raspberry-pi/halt.o
 .text          0x00000000        0x0 ../system/platforms/raspberry-pi/clkupdate.o
 .data          0x00000000        0x0 ../system/platforms/raspberry-pi/clkupdate.o
 .text          0x00000000        0x0 ../system/platforms/raspberry-pi/create.o
 .data          0x00000000        0x0 ../system/platforms/raspberry-pi/create.o
 .text          0x00000000        0x0 ../system/platforms/raspberry-pi/handlers.o
 .data          0x00000000        0x0 ../system/platforms/raspberry-pi/handlers.o
 .bss           0x00000000        0x0 ../system/platforms/raspberry-pi/handlers.o
 .text          0x00000000        0x0 ../system/platforms/raspberry-pi/interrupt.o
 .data          0x00000000        0x0 ../system/platforms/raspberry-pi/interrupt.o
 .bss           0x00000000        0x0 ../system/platforms/raspberry-pi/interrupt.o
 .text.an_interrupt_handler
                0x00000000        0x4 ../system/platforms/raspberry-pi/interrupt.o
 .text          0x00000000        0x0 ../system/platforms/raspberry-pi/platforminit.o
 .data          0x00000000        0x0 ../system/platforms/raspberry-pi/platforminit.o
 .bss           0x00000000        0x0 ../system/platforms/raspberry-pi/platforminit.o
 .text          0x00000000        0x0 ../system/platforms/raspberry-pi/stubs.o
 .data          0x00000000        0x0 ../system/platforms/raspberry-pi/stubs.o
 .bss           0x00000000        0x0 ../system/platforms/raspberry-pi/stubs.o
 .text          0x00000000        0x0 ../system/platforms/raspberry-pi/vic.o
 .data          0x00000000        0x0 ../system/platforms/raspberry-pi/vic.o
 .text.vic_deregister_irq
                0x00000000       0x3c ../system/platforms/raspberry-pi/vic.o
 .text          0x00000000        0x0 ../system/initialize.o
 .data          0x00000000        0x0 ../system/initialize.o
 .text          0x00000000        0x0 ../system/queue.o
 .data          0x00000000        0x0 ../system/queue.o
 .text          0x00000000        0x0 ../system/kill.o
 .data          0x00000000        0x0 ../system/kill.o
 .bss           0x00000000        0x0 ../system/kill.o
 .text          0x00000000        0x0 ../system/ready.o
 .data          0x00000000        0x0 ../system/ready.o
 .bss           0x00000000        0x0 ../system/ready.o
 .text          0x00000000        0x0 ../system/resched.o
 .data          0x00000000        0x0 ../system/resched.o
 .text          0x00000000        0x0 ../system/resume.o
 .data          0x00000000        0x0 ../system/resume.o
 .bss           0x00000000        0x0 ../system/resume.o
 .text          0x00000000        0x0 ../system/suspend.o
 .data          0x00000000        0x0 ../system/suspend.o
 .bss           0x00000000        0x0 ../system/suspend.o
[...]
Memory Configuration

Name             Origin             Length             Attributes
*default*        0x00000000         0xffffffff

Linker script and memory map

                0x00010000                . = 0x10000
                0x00010000                . = ALIGN (0x4)

.text           0x00010000     0xba22
 *(.text .text.*)
 .text          0x00010000      0x1f8 ../loader/platforms/raspberry-pi/start.o
                0x00010000                _start
                0x00010044                Reset_Handler
 *fill*         0x000101f8        0x8 
 .text          0x00010200       0x30 ../system/platforms/raspberry-pi/ctxsw.o
                0x00010200                ctxsw
 .text          0x00010230       0x10 ../system/platforms/raspberry-pi/pause.o
                0x00010230                pause
 .text          0x00010240       0x10 ../system/platforms/raspberry-pi/halt.o
                0x00010240                halt
 .text.clkupdate
                0x00010250       0xac ../system/platforms/raspberry-pi/clkupdate.o
                0x00010250                clkupdate
 .text.create   0x000102fc      0x3b4 ../system/platforms/raspberry-pi/create.o
                0x000102fc                create
 .text.thrnew   0x000106b0       0xc8 ../system/platforms/raspberry-pi/create.o
 .text.SWI_Routine
                0x00010778        0x4 ../system/platforms/raspberry-pi/handlers.o
                0x00010778                SWI_Routine
 .text.UNDEF_Routine
                0x0001077c        0x4 ../system/platforms/raspberry-pi/handlers.o
                0x0001077c                UNDEF_Routine
 .text.FIQ_Routine
                0x00010780        0x4 ../system/platforms/raspberry-pi/handlers.o
                0x00010780                FIQ_Routine
 .text.PAbt_Routine
                0x00010784       0x18 ../system/platforms/raspberry-pi/handlers.o
                0x00010784                PAbt_Routine
 .text.DAbt_Routine
                0x0001079c       0x18 ../system/platforms/raspberry-pi/handlers.o
                0x0001079c                DAbt_Routine
 .text.vic_interrupts_disabled
                0x000107b4       0x28 ../system/platforms/raspberry-pi/interrupt.o
 .text.vic_enable_interrupts
                0x000107dc       0x30 ../system/platforms/raspberry-pi/interrupt.o
 .text.vic_disable_interrupts
                0x0001080c       0x30 ../system/platforms/raspberry-pi/interrupt.o
 .text.enable   0x0001083c       0x2c ../system/platforms/raspberry-pi/interrupt.o
                0x0001083c                enable
 .text.disable  0x00010868       0x3c ../system/platforms/raspberry-pi/interrupt.o
                0x00010868                disable
 .text.restore  0x000108a4       0x4c ../system/platforms/raspberry-pi/interrupt.o
                0x000108a4                restore
 .text.enable_irq
                0x000108f0       0x44 ../system/platforms/raspberry-pi/interrupt.o
                0x000108f0                enable_irq
 .text.disable_irq
                0x00010934       0x44 ../system/platforms/raspberry-pi/interrupt.o
                0x00010934                disable_irq
 .text.register_irq
                0x00010978       0x28 ../system/platforms/raspberry-pi/interrupt.o
                0x00010978                register_irq
 .text.platforminit
                0x000109a0      0x2a4 ../system/platforms/raspberry-pi/platforminit.o
                0x000109a0                platforminit
 .text._startup
                0x00010c44       0x10 ../system/platforms/raspberry-pi/stubs.o
                0x00010c44                _startup
 .text.vic_interrupts_disabled
                0x00010c54       0x28 ../system/platforms/raspberry-pi/vic.o
 .text.vic_enable_interrupts
                0x00010c7c       0x30 ../system/platforms/raspberry-pi/vic.o
 .text.vic_disable_interrupts
                0x00010cac       0x30 ../system/platforms/raspberry-pi/vic.o
 .text.vic_init
                0x00010cdc       0x64 ../system/platforms/raspberry-pi/vic.o
                0x00010cdc                vic_init
 .text.vic_get_irqmask
                0x00010d40       0x58 ../system/platforms/raspberry-pi/vic.o
                0x00010d40                vic_get_irqmask
 .text.vic_set_irqmask
                0x00010d98       0x7c ../system/platforms/raspberry-pi/vic.o
                0x00010d98                vic_set_irqmask
 .text.vic_enable_irq
                0x00010e14       0x54 ../system/platforms/raspberry-pi/vic.o
                0x00010e14                vic_enable_irq
 .text.vic_disable_irq
                0x00010e68       0x54 ../system/platforms/raspberry-pi/vic.o
                0x00010e68                vic_disable_irq
 .text.vic_register_irq
                0x00010ebc       0x40 ../system/platforms/raspberry-pi/vic.o
                0x00010ebc                vic_register_irq
 .text.vic_irq_handler
                0x00010efc      0x108 ../system/platforms/raspberry-pi/vic.o
                0x00010efc                vic_irq_handler
 .text.nulluser
                0x00011004      0x1cc ../system/initialize.o
                0x00011004                nulluser
 .text.sysinit  0x000111d0      0x430 ../system/initialize.o
 .text.enqueue  0x00011600      0x180 ../system/queue.o
                0x00011600                enqueue
 .text.dequeue  0x00011780      0x1ac ../system/queue.o
                0x00011780                dequeue
 .text.kill     0x0001192c      0x200 ../system/kill.o
                0x0001192c                kill
 .text.ready    0x00011b2c       0xd8 ../system/ready.o
                0x00011b2c                ready
 .text.resched  0x00011c04      0x248 ../system/resched.o
                0x00011c04                resched
 .text.resume   0x00011e4c       0xec ../system/resume.o
                0x00011e4c                resume
 .text.getfirst
                0x00011f38       0xc0 ../system/getitem.o
                0x00011f38                getfirst
 .text.getitem  0x00011ff8      0x124 ../system/getitem.o
                0x00011ff8                getitem
 .text.queinit  0x0001211c      0x170 ../system/queinit.o
                0x0001211c                queinit
 .text.insert   0x0001228c      0x224 ../system/insert.o
                0x0001228c                insert
 .text.gettid   0x000124b0       0x14 ../system/gettid.o
                0x000124b0                gettid
 .text.xdone    0x000124c4       0x48 ../system/xdone.o
                0x000124c4                xdone
 .text.userret  0x0001250c       0x1c ../system/userret.o
                0x0001250c                userret
 .text.clkinit  0x00012528       0x98 ../system/clkinit.o
                0x00012528                clkinit
 .text.clkhandler
                0x000125c0      0x14c ../system/clkhandler.o
                0x000125c0                clkhandler
 .text.insertd  0x0001270c      0x2a4 ../system/insertd.o
                0x0001270c                insertd
 .text.sleep    0x000129b0      0x108 ../system/sleep.o
                0x000129b0                sleep
 .text.unsleep  0x00012ab8      0x1b0 ../system/unsleep.o
                0x00012ab8                unsleep
 .text.wakeup   0x00012c68       0xbc ../system/wakeup.o
                0x00012c68                wakeup
 .text.semcreate
                0x00012d24       0xa4 ../system/semcreate.o
                0x00012d24                semcreate
 .text.semalloc
                0x00012dc8       0xf0 ../system/semcreate.o
 .text.semfree  0x00012eb8      0x114 ../system/semfree.o
                0x00012eb8                semfree
 .text.semcount
                0x00012fcc       0x7c ../system/semcount.o
                0x00012fcc                semcount
 .text.signal   0x00013048       0xe8 ../system/signal.o
                0x00013048                signal
 .text.signaln  0x00013130      0x118 ../system/signaln.o
                0x00013130                signaln
 .text.wait     0x00013248      0x124 ../system/wait.o
                0x00013248                wait
 .text.memfree  0x0001336c      0x1bc ../system/memfree.o
                0x0001336c                memfree
 .text.stkget   0x00013528      0x174 ../system/stkget.o
                0x00013528                stkget
 .text.send     0x0001369c      0x150 ../system/send.o
                0x0001369c                send
 .text.receive  0x000137ec       0x94 ../system/receive.o
                0x000137ec                receive
 .text.recvclr  0x00013880       0x94 ../system/recvclr.o
                0x00013880                recvclr
 .text.control  0x00013914       0x90 ../system/control.o
                0x00013914                control
 .text.open     0x000139a4       0x8c ../system/open.o
                0x000139a4                open
 .text.ioerr    0x00013a30        0xc ../system/ioerr.o
                0x00013a30                ioerr
 .text.ionull   0x00013a3c        0xc ../system/ionull.o
                0x00013a3c                ionull
 .text.read     0x00013a48       0x88 ../system/read.o
                0x00013a48                read
 .text.putc     0x00013ad0       0x88 ../system/putc.o
                0x00013ad0                putc
 .text.getdev   0x00013b58       0x94 ../system/getdev.o
                0x00013b58                getdev
 .text.loopbackGetc
                0x00013bec       0xc4 ../device/loopback/loopbackGetc.o
                0x00013bec                loopbackGetc
 .text.loopbackClose
                0x00013cb0       0xb0 ../device/loopback/loopbackClose.o
                0x00013cb0                loopbackClose
 .text.loopbackOpen
                0x00013d60       0xdc ../device/loopback/loopbackOpen.o
                0x00013d60                loopbackOpen
 .text.loopbackPutc
                0x00013e3c      0x118 ../device/loopback/loopbackPutc.o
                0x00013e3c                loopbackPutc
 .text.loopbackWrite
                0x00013f54       0xd0 ../device/loopback/loopbackWrite.o
                0x00013f54                loopbackWrite
 .text.loopbackRead
                0x00014024       0xc0 ../device/loopback/loopbackRead.o
                0x00014024                loopbackRead
 .text.loopbackControl
                0x000140e4       0xf0 ../device/loopback/loopbackControl.o
                0x000140e4                loopbackControl
 .text.loopbackInit
                0x000141d4       0x60 ../device/loopback/loopbackInit.o
                0x000141d4                loopbackInit
 .text.uartInit
                0x00014234      0x210 ../device/uart-pl011/uartInit.o
                0x00014234                uartInit
 .text.uartInterrupt
                0x00014444      0x3a4 ../device/uart-pl011/uartInterrupt.o
                0x00014444                uartInterrupt
 .text.uartPutc
                0x000147e8       0x3c ../device/uart-pl011/uartPutc.o
                0x000147e8                uartPutc
 .text.uartRead
                0x00014824      0x204 ../device/uart-pl011/uartRead.o
                0x00014824                uartRead
 .text.uartWrite
                0x00014a28      0x250 ../device/uart-pl011/uartWrite.o
                0x00014a28                uartWrite
 .text.uartGetc
                0x00014c78       0x3c ../device/uart-pl011/uartGetc.o
                0x00014c78                uartGetc
 .text.kputc    0x00014cb4       0xc0 ../device/uart-pl011/kprintf.o
                0x00014cb4                kputc
 .text.kgetc    0x00014d74       0x6c ../device/uart-pl011/kprintf.o
                0x00014d74                kgetc
 .text.kprintf  0x00014de0       0x48 ../device/uart-pl011/kprintf.o
                0x00014de0                kprintf
 .text.ttyControl
                0x00014e28      0x1e8 ../device/tty/ttyControl.o
                0x00014e28                ttyControl
 .text.ttyOpen  0x00015010      0x170 ../device/tty/ttyOpen.o
                0x00015010                ttyOpen
 .text.ttyRead  0x00015180      0x588 ../device/tty/ttyRead.o
                0x00015180                ttyRead
 .text.ttyEcho  0x00015708       0x9c ../device/tty/ttyRead.o
 .text.ttyClose
                0x000157a4       0x80 ../device/tty/ttyClose.o
                0x000157a4                ttyClose
 .text.ttyGetc  0x00015824       0x54 ../device/tty/ttyGetc.o
                0x00015824                ttyGetc
 .text.ttyInit  0x00015878       0x60 ../device/tty/ttyInit.o
                0x00015878                ttyInit
 .text.ttyPutc  0x000158d8      0x128 ../device/tty/ttyPutc.o
                0x000158d8                ttyPutc
 .text.ttyWrite
                0x00015a00       0x9c ../device/tty/ttyWrite.o
                0x00015a00                ttyWrite
 .text.get_datetime
                0x00015a9c       0x24 ../apps/date.o
                0x00015a9c                get_datetime
 .text.printDate
                0x00015ac0       0x24 ../apps/date.o
                0x00015ac0                printDate
 .text.printDateTZ
                0x00015ae4      0x174 ../apps/date.o
                0x00015ae4                printDateTZ
 .text.convertDate
                0x00015c58      0x764 ../apps/date.o
                0x00015c58                convertDate
 .text.printHello
                0x000163bc       0x28 ../apps/hello.o
                0x000163bc                printHello
 .text.consumer
                0x000163e4       0x50 ../apps/consumer.o
                0x000163e4                consumer
 .text.producer
                0x00016434       0x60 ../apps/producer.o
                0x00016434                producer
 .text.mailboxInit
                0x00016494       0x90 ../mailbox/mailboxInit.o
                0x00016494                mailboxInit
 .text.shell    0x00016524      0xbf4 ../shell/shell.o
                0x00016524                shell
 .text.lexan    0x00017118      0x48c ../shell/lexan.o
                0x00017118                lexan
 .text.xsh_clear
                0x000175a4      0x174 ../shell/xsh_clear.o
                0x000175a4                xsh_clear
 .text.xsh_date
                0x00017718      0x228 ../shell/xsh_date.o
                0x00017718                xsh_date
 .text.xsh_exit
                0x00017940      0x18c ../shell/xsh_exit.o
                0x00017940                xsh_exit
 .text.xsh_help
                0x00017acc      0x340 ../shell/xsh_help.o
                0x00017acc                xsh_help
 .text.xsh_reset
                0x00017e0c      0x188 ../shell/xsh_reset.o
                0x00017e0c                xsh_reset
 .text.xsh_sleep
                0x00017f94      0x2c8 ../shell/xsh_sleep.o
                0x00017f94                xsh_sleep
 .text.xsh_kill
                0x0001825c      0x380 ../shell/xsh_kill.o
                0x0001825c                xsh_kill
 .text.xsh_ps   0x000185dc      0x318 ../shell/xsh_ps.o
                0x000185dc                xsh_ps
 .text.xsh_memdump
                0x000188f4       0x1c ../shell/xsh_memdump.o
                0x000188f4                xsh_memdump
 .text.xsh_memstat
                0x00018910       0x1c ../shell/xsh_memstat.o
                0x00018910                xsh_memstat
 .text.xsh_uartstat
                0x0001892c       0x1c ../shell/xsh_uartstat.o
                0x0001892c                xsh_uartstat
 .text.xsh_gpiostat
                0x00018948      0x2ac ../shell/xsh_gpiostat.o
                0x00018948                xsh_gpiostat
 .text.xsh_led  0x00018bf4      0x53c ../shell/xsh_led.o
                0x00018bf4                xsh_led
 .text.xsh_tar  0x00019130       0x1c ../shell/xsh_tar.o
                0x00019130                xsh_tar
 .text.xsh_test
                0x0001914c       0x1c ../shell/xsh_test.o
                0x0001914c                xsh_test
 .text.xsh_testsuite
                0x00019168       0x1c ../shell/xsh_testsuite.o
                0x00019168                xsh_testsuite
 .text.xsh_hello
                0x00019184       0x98 ../shell/xsh_hello.o
                0x00019184                xsh_hello
 .text.xsh_prodcons
                0x0001921c      0x1bc ../shell/xsh_prodcons.o
                0x0001921c                xsh_prodcons
 .text.main     0x000193d8       0x80 ../system/main.o
                0x000193d8                main
 .text.atoi     0x00019458       0x88 ../lib/libxc.a(atoi.o)
                0x00019458                atoi
 .text.atol     0x000194e0       0x88 ../lib/libxc.a(atol.o)
                0x000194e0                atol
 .text.bzero    0x00019568       0x20 ../lib/libxc.a(bzero.o)
                0x00019568                bzero
 .text._prtl10  0x00019588       0x98 ../lib/libxc.a(doprnt.o)
 .text._doprnt  0x00019620      0x5d4 ../lib/libxc.a(doprnt.o)
                0x00019620                _doprnt
 .text.fprintf  0x00019bf4       0x34 ../lib/libxc.a(fprintf.o)
                0x00019bf4                fprintf
 .text.printf   0x00019c28       0x50 ../lib/libxc.a(printf.o)
                0x00019c28                printf
 .text.srand    0x00019c78       0x10 ../lib/libxc.a(rand.o)
                0x00019c78                srand
 .text.rand     0x00019c88       0x30 ../lib/libxc.a(rand.o)
                0x00019c88                rand
 .text.strncmp  0x00019cb8       0x48 ../lib/libxc.a(strncmp.o)
                0x00019cb8                strncmp
 .text.strncpy  0x00019d00       0x58 ../lib/libxc.a(strncpy.o)
                0x00019d00                strncpy
 .text          0x00019d58      0x114 /nfs/nfs5/home/research/hardware/arm2/arm-2012.09/bin/../lib/gcc/arm-none-eabi/4.7.2/libgcc.a(_udivsi3.o)
                0x00019d58                __udivsi3
                0x00019d58                __aeabi_uidiv
                0x00019e4c                __aeabi_uidivmod
 .text          0x00019e6c      0x148 /nfs/nfs5/home/research/hardware/arm2/arm-2012.09/bin/../lib/gcc/arm-none-eabi/4.7.2/libgcc.a(_divsi3.o)
                0x00019e6c                __aeabi_idiv
                0x00019e6c                __divsi3
                0x00019f94                __aeabi_idivmod
 .text          0x00019fb4        0x4 /nfs/nfs5/home/research/hardware/arm2/arm-2012.09/bin/../lib/gcc/arm-none-eabi/4.7.2/libgcc.a(_dvmd_tls.o)
                0x00019fb4                __aeabi_ldiv0
                0x00019fb4                __aeabi_idiv0
 *(.rodata .rodata.*)
 .rodata        0x00019fb8       0x35 ../loader/platforms/raspberry-pi/start.o
 *fill*         0x00019fed        0x3 
 .rodata        0x00019ff0       0x10 ../system/platforms/raspberry-pi/handlers.o
 .rodata        0x0001a000       0x28 ../system/platforms/raspberry-pi/platforminit.o
 .rodata        0x0001a028      0x3fc ../system/initialize.o
 .rodata        0x0001a424       0xac ../system/queue.o
 .rodata        0x0001a4d0       0x34 ../system/queinit.o
 .rodata        0x0001a504       0x2c ../system/xdone.o
 .rodata        0x0001a530       0x28 ../system/clkinit.o
 .rodata        0x0001a558       0x20 ../device/tty/ttyOpen.o
 .rodata        0x0001a578       0xfc ../apps/date.o
 .rodata        0x0001a674       0x2c ../apps/hello.o
 .rodata        0x0001a6a0       0x10 ../apps/consumer.o
 .rodata        0x0001a6b0       0x10 ../apps/producer.o
 .rodata        0x0001a6c0      0x464 ../shell/shell.o
                0x0001a858                commandtab
                0x0001a93c                ncommand
 .rodata        0x0001ab24       0xbc ../shell/xsh_clear.o
 .rodata        0x0001abe0       0xc4 ../shell/xsh_date.o
 .rodata        0x0001aca4       0xc4 ../shell/xsh_exit.o
 .rodata        0x0001ad68      0x218 ../shell/xsh_help.o
 .rodata        0x0001af80       0xc0 ../shell/xsh_reset.o
 .rodata        0x0001b040       0xfc ../shell/xsh_sleep.o
 .rodata        0x0001b13c      0x148 ../shell/xsh_kill.o
 .rodata        0x0001b284      0x1fc ../shell/xsh_ps.o
 .rodata        0x0001b480      0x150 ../shell/xsh_gpiostat.o
 .rodata        0x0001b5d0      0x188 ../shell/xsh_led.o
 .rodata        0x0001b758       0x44 ../shell/xsh_hello.o
 .rodata        0x0001b79c       0x80 ../shell/xsh_prodcons.o
 .rodata        0x0001b81c      0x154 ../system/conf.o
                0x0001b844                devtab
 .rodata        0x0001b970        0x8 ../system/main.o
 .rodata        0x0001b978       0x81 ../lib/libxc.a(ctype_.o)
                0x0001b978                _ctype_
 .rodata.str1.1
                0x0001b9f9       0x29 ../lib/libxc.a(doprnt.o)
 *(.glue_7 .glue_7t)
 .glue_7        0x00000000        0x0 linker stubs
 .glue_7t       0x00000000        0x0 linker stubs
                0x0001ba22                _etext = .

.vfp11_veneer   0x0001ba24        0x0
 .vfp11_veneer  0x00000000        0x0 linker stubs

.v4_bx          0x0001ba24        0x0
 .v4_bx         0x00000000        0x0 linker stubs

.iplt           0x0001ba24        0x0
 .iplt          0x00000000        0x0 ../loader/platforms/raspberry-pi/start.o

.rel.dyn        0x0001ba24        0x0
 .rel.iplt      0x00000000        0x0 ../loader/platforms/raspberry-pi/start.o

.data           0x0001ba24       0xc0
                0x0001ba24                _data = .
 *(.data .data.*)
 .data          0x0001ba24        0x4 ../system/queinit.o
 .data          0x0001ba28       0xb8 ../apps/date.o
                0x0001ba28                days_in_month
                0x0001ba34                month_names
                0x0001ba64                weekday_names
                0x0001ba80                tz_names
 .data          0x0001bae0        0x4 ../lib/libxc.a(rand.o)
                0x0001bae4                _edata = .

.igot.plt       0x0001bae4        0x0
 .igot.plt      0x00000000        0x0 ../loader/platforms/raspberry-pi/start.o

.bss            0x0001bae4     0x4f2c
                0x0001bae4                _bss = .
 *(.bss .bss.*)
 .bss           0x0001bae4        0x1 ../system/platforms/raspberry-pi/clkupdate.o
 *fill*         0x0001bae5        0x3 
 .bss           0x0001bae8        0x4 ../system/platforms/raspberry-pi/create.o
 .bss           0x0001baec      0x100 ../system/platforms/raspberry-pi/vic.o
 .bss           0x0001bbec     0x29ac ../system/initialize.o
                0x0001bbec                thrtab
                0x0001dfdc                semtab
                0x0001e48c                readylist
                0x0001e490                memlist
                0x0001e498                bfptab
                0x0001e558                thrcount
                0x0001e55c                thrcurrent
                0x0001e560                memheap
                0x0001e564                cpuid
                0x0001e568                platform
 .bss           0x0001e598      0xe40 ../system/queue.o
                0x0001e598                quetab
 .bss           0x0001f3d8        0x4 ../system/resched.o
                0x0001f3d8                resdefer
 .bss           0x0001f3dc        0xc ../system/clkinit.o
                0x0001f3dc                clkticks
                0x0001f3e0                clktime
                0x0001f3e4                sleepq
 .bss           0x0001f3e8        0x4 ../system/semcreate.o
 .bss           0x0001f3ec      0x410 ../device/loopback/loopbackInit.o
                0x0001f3ec                looptab
 .bss           0x0001f7fc      0x83c ../device/uart-pl011/uartInit.o
                0x0001f7fc                uarttab
 .bss           0x00020038      0x828 ../device/tty/ttyInit.o
                0x00020038                ttytab
 .bss           0x00020860        0x4 ../apps/date.o
 .bss           0x00020864      0x1a8 ../mailbox/mailboxInit.o
                0x00020864                mboxtab
                0x00020a08                mboxtabsem
 .bss           0x00020a0c        0x4 ../shell/xsh_prodcons.o
                0x00020a0c                n
 *(COMMON)
                0x00020a10                . = ALIGN (0x4)
                0x00020a10                _bss_end = .
                0x00020a10                _end = .
LOAD ../loader/platforms/raspberry-pi/start.o
LOAD ../system/platforms/raspberry-pi/ctxsw.o
LOAD ../system/platforms/raspberry-pi/pause.o
LOAD ../system/platforms/raspberry-pi/halt.o
LOAD ../system/platforms/raspberry-pi/clkupdate.o
LOAD ../system/platforms/raspberry-pi/create.o
LOAD ../system/platforms/raspberry-pi/handlers.o
LOAD ../system/platforms/raspberry-pi/interrupt.o
LOAD ../system/platforms/raspberry-pi/platforminit.o
LOAD ../system/platforms/raspberry-pi/stubs.o
LOAD ../system/platforms/raspberry-pi/vic.o
LOAD ../system/initialize.o
LOAD ../system/queue.o
LOAD ../system/kill.o
LOAD ../system/ready.o
LOAD ../system/resched.o
LOAD ../system/resume.o
LOAD ../system/suspend.o
LOAD ../system/chprio.o
LOAD ../system/getprio.o
LOAD ../system/getitem.o
LOAD ../system/queinit.o
LOAD ../system/insert.o
LOAD ../system/gettid.o
LOAD ../system/xdone.o
LOAD ../system/yield.o
LOAD ../system/userret.o
LOAD ../system/clkinit.o
LOAD ../system/clkhandler.o
LOAD ../system/insertd.o
LOAD ../system/sleep.o
LOAD ../system/unsleep.o
LOAD ../system/wakeup.o
LOAD ../system/semcreate.o
LOAD ../system/semfree.o
LOAD ../system/semcount.o
LOAD ../system/signal.o
LOAD ../system/signaln.o
LOAD ../system/wait.o
LOAD ../system/memget.o
LOAD ../system/memfree.o
LOAD ../system/stkget.o
LOAD ../system/bfpalloc.o
LOAD ../system/bfpfree.o
LOAD ../system/bufget.o
LOAD ../system/buffree.o
LOAD ../system/send.o
LOAD ../system/receive.o
LOAD ../system/recvclr.o
LOAD ../system/recvtime.o
LOAD ../system/close.o
LOAD ../system/control.o
LOAD ../system/getc.o
LOAD ../system/open.o
LOAD ../system/ioerr.o
LOAD ../system/ionull.o
LOAD ../system/read.o
LOAD ../system/putc.o
LOAD ../system/seek.o
LOAD ../system/write.o
LOAD ../system/getdev.o
LOAD ../system/debug.o
LOAD ../system/tar.o
LOAD ../device/loopback/loopbackGetc.o
LOAD ../device/loopback/loopbackClose.o
LOAD ../device/loopback/loopbackOpen.o
LOAD ../device/loopback/loopbackPutc.o
LOAD ../device/loopback/loopbackWrite.o
LOAD ../device/loopback/loopbackRead.o
LOAD ../device/loopback/loopbackControl.o
LOAD ../device/loopback/loopbackInit.o
LOAD ../device/uart-pl011/uartInit.o
LOAD ../device/uart-pl011/uartInterrupt.o
LOAD ../device/uart-pl011/uartPutc.o
LOAD ../device/uart-pl011/uartRead.o
LOAD ../device/uart-pl011/uartWrite.o
LOAD ../device/uart-pl011/uartGetc.o
LOAD ../device/uart-pl011/uartControl.o
LOAD ../device/uart-pl011/uartStat.o
LOAD ../device/uart-pl011/kprintf.o
LOAD ../device/tty/ttyControl.o
LOAD ../device/tty/ttyOpen.o
LOAD ../device/tty/ttyRead.o
LOAD ../device/tty/ttyClose.o
LOAD ../device/tty/ttyGetc.o
LOAD ../device/tty/ttyInit.o
LOAD ../device/tty/ttyPutc.o
LOAD ../device/tty/ttyWrite.o
LOAD ../apps/date.o
LOAD ../apps/rdate.o
LOAD ../apps/hello.o
LOAD ../apps/consumer.o
LOAD ../apps/producer.o
LOAD ../mailbox/mailboxAlloc.o
LOAD ../mailbox/mailboxCount.o
LOAD ../mailbox/mailboxFree.o
LOAD ../mailbox/mailboxInit.o
LOAD ../mailbox/mailboxReceive.o
LOAD ../mailbox/mailboxSend.o
LOAD ../shell/shell.o
LOAD ../shell/lexan.o
LOAD ../shell/xsh_clear.o
LOAD ../shell/xsh_date.o
LOAD ../shell/xsh_exit.o
LOAD ../shell/xsh_help.o
LOAD ../shell/xsh_reset.o
LOAD ../shell/xsh_sleep.o
LOAD ../shell/xsh_kill.o
LOAD ../shell/xsh_ps.o
LOAD ../shell/xsh_memdump.o
LOAD ../shell/xsh_memstat.o
LOAD ../shell/xsh_dumptlb.o
LOAD ../shell/xsh_user.o
LOAD ../shell/xsh_uartstat.o
LOAD ../shell/xsh_gpiostat.o
LOAD ../shell/xsh_led.o
LOAD ../shell/xsh_arp.o
LOAD ../shell/xsh_ethstat.o
LOAD ../shell/xsh_nc.o
LOAD ../shell/xsh_netdown.o
LOAD ../shell/xsh_netemu.o
LOAD ../shell/xsh_netstat.o
LOAD ../shell/xsh_netup.o
LOAD ../shell/xsh_ping.o
LOAD ../shell/xsh_rdate.o
LOAD ../shell/xsh_route.o
LOAD ../shell/xsh_snoop.o
LOAD ../shell/xsh_tcpstat.o
LOAD ../shell/xsh_telnet.o
LOAD ../shell/xsh_telnetserver.o
LOAD ../shell/xsh_udpstat.o
LOAD ../shell/xsh_vlanstat.o
LOAD ../shell/xsh_voip.o
LOAD ../shell/xsh_xweb.o
LOAD ../shell/xsh_tar.o
LOAD ../shell/xsh_flashstat.o
LOAD ../shell/xsh_nvram.o
LOAD ../shell/xsh_test.o
LOAD ../shell/xsh_testsuite.o
LOAD ../shell/xsh_hello.o
LOAD ../shell/xsh_prodcons.o
LOAD ../system/conf.o
LOAD ../system/main.o
LOAD ../lib/libxc.a
LOAD ../lib/libdsp.a
LOAD /nfs/nfs5/home/research/hardware/arm2/arm-2012.09/bin/../lib/gcc/arm-none-eabi/4.7.2/libgcc.a
OUTPUT(xinu.elf elf32-littlearm)

.ARM.attributes
                0x00000000       0x2b
 .ARM.attributes
                0x00000000       0x14 ../loader/platforms/raspberry-pi/start.o
 .ARM.attributes
                0x00000014       0x14 ../system/platforms/raspberry-pi/ctxsw.o
 .ARM.attributes
                0x00000028       0x14 ../system/platforms/raspberry-pi/pause.o
 .ARM.attributes
                0x0000003c       0x14 ../system/platforms/raspberry-pi/halt.o
 .ARM.attributes
                0x00000050       0x30 ../system/platforms/raspberry-pi/clkupdate.o
 .ARM.attributes
                0x00000080       0x30 ../system/platforms/raspberry-pi/create.o
 .ARM.attributes
                0x000000b0       0x30 ../system/platforms/raspberry-pi/handlers.o
 .ARM.attributes
                0x000000e0       0x30 ../system/platforms/raspberry-pi/interrupt.o
 .ARM.attributes
                0x00000110       0x30 ../system/platforms/raspberry-pi/platforminit.o
 .ARM.attributes
                0x00000140       0x30 ../system/platforms/raspberry-pi/stubs.o
 .ARM.attributes
                0x00000170       0x30 ../system/platforms/raspberry-pi/vic.o
 .ARM.attributes
                0x000001a0       0x30 ../system/initialize.o
 .ARM.attributes
                0x000001d0       0x30 ../system/queue.o
 .ARM.attributes
                0x00000200       0x30 ../system/kill.o
 .ARM.attributes
                0x00000230       0x30 ../system/ready.o
 .ARM.attributes
                0x00000260       0x30 ../system/resched.o
 .ARM.attributes
                0x00000290       0x30 ../system/resume.o
 .ARM.attributes
                0x000002c0       0x30 ../system/getitem.o
 .ARM.attributes
                0x000002f0       0x30 ../system/queinit.o
 .ARM.attributes
                0x00000320       0x30 ../system/insert.o
 .ARM.attributes
                0x00000350       0x30 ../system/gettid.o
 .ARM.attributes
                0x00000380       0x30 ../system/xdone.o
 .ARM.attributes
                0x000003b0       0x30 ../system/userret.o
 .ARM.attributes
                0x000003e0       0x30 ../system/clkinit.o
 .ARM.attributes
                0x00000410       0x30 ../system/clkhandler.o
 .ARM.attributes
                0x00000440       0x30 ../system/insertd.o
 .ARM.attributes
                0x00000470       0x30 ../system/sleep.o
 .ARM.attributes
                0x000004a0       0x30 ../system/unsleep.o
 .ARM.attributes
                0x000004d0       0x30 ../system/wakeup.o
 .ARM.attributes
                0x00000500       0x30 ../system/semcreate.o
 .ARM.attributes
                0x00000530       0x30 ../system/semfree.o
 .ARM.attributes
                0x00000560       0x30 ../system/semcount.o
 .ARM.attributes
                0x00000590       0x30 ../system/signal.o
 .ARM.attributes
                0x000005c0       0x30 ../system/signaln.o
 .ARM.attributes
                0x000005f0       0x30 ../system/wait.o
 .ARM.attributes
                0x00000620       0x30 ../system/memfree.o
 .ARM.attributes
                0x00000650       0x30 ../system/stkget.o
 .ARM.attributes
                0x00000680       0x30 ../system/send.o
 .ARM.attributes
                0x000006b0       0x30 ../system/receive.o
 .ARM.attributes
                0x000006e0       0x30 ../system/recvclr.o
 .ARM.attributes
                0x00000710       0x30 ../system/control.o
 .ARM.attributes
                0x00000740       0x30 ../system/open.o
 .ARM.attributes
                0x00000770       0x30 ../system/ioerr.o
 .ARM.attributes
                0x000007a0       0x30 ../system/ionull.o
 .ARM.attributes
                0x000007d0       0x30 ../system/read.o
 .ARM.attributes
                0x00000800       0x30 ../system/putc.o
 .ARM.attributes
                0x00000830       0x30 ../system/getdev.o
 .ARM.attributes
                0x00000860       0x30 ../device/loopback/loopbackGetc.o
 .ARM.attributes
                0x00000890       0x30 ../device/loopback/loopbackClose.o
 .ARM.attributes
                0x000008c0       0x30 ../device/loopback/loopbackOpen.o
 .ARM.attributes
                0x000008f0       0x30 ../device/loopback/loopbackPutc.o
 .ARM.attributes
                0x00000920       0x30 ../device/loopback/loopbackWrite.o
 .ARM.attributes
                0x00000950       0x30 ../device/loopback/loopbackRead.o
 .ARM.attributes
                0x00000980       0x30 ../device/loopback/loopbackControl.o
 .ARM.attributes
                0x000009b0       0x30 ../device/loopback/loopbackInit.o
 .ARM.attributes
                0x000009e0       0x30 ../device/uart-pl011/uartInit.o
 .ARM.attributes
                0x00000a10       0x30 ../device/uart-pl011/uartInterrupt.o
 .ARM.attributes
                0x00000a40       0x30 ../device/uart-pl011/uartPutc.o
 .ARM.attributes
                0x00000a70       0x30 ../device/uart-pl011/uartRead.o
 .ARM.attributes
                0x00000aa0       0x30 ../device/uart-pl011/uartWrite.o
 .ARM.attributes
                0x00000ad0       0x30 ../device/uart-pl011/uartGetc.o
 .ARM.attributes
                0x00000b00       0x30 ../device/uart-pl011/kprintf.o
 .ARM.attributes
                0x00000b30       0x30 ../device/tty/ttyControl.o
 .ARM.attributes
                0x00000b60       0x30 ../device/tty/ttyOpen.o
 .ARM.attributes
                0x00000b90       0x30 ../device/tty/ttyRead.o
 .ARM.attributes
                0x00000bc0       0x30 ../device/tty/ttyClose.o
 .ARM.attributes
                0x00000bf0       0x30 ../device/tty/ttyGetc.o
 .ARM.attributes
                0x00000c20       0x30 ../device/tty/ttyInit.o
 .ARM.attributes
                0x00000c50       0x30 ../device/tty/ttyPutc.o
 .ARM.attributes
                0x00000c80       0x30 ../device/tty/ttyWrite.o
 .ARM.attributes
                0x00000cb0       0x30 ../apps/date.o
 .ARM.attributes
                0x00000ce0       0x30 ../apps/hello.o
 .ARM.attributes
                0x00000d10       0x30 ../apps/consumer.o
 .ARM.attributes
                0x00000d40       0x30 ../apps/producer.o
 .ARM.attributes
                0x00000d70       0x30 ../mailbox/mailboxInit.o
 .ARM.attributes
                0x00000da0       0x30 ../shell/shell.o
 .ARM.attributes
                0x00000dd0       0x30 ../shell/lexan.o
 .ARM.attributes
                0x00000e00       0x30 ../shell/xsh_clear.o
 .ARM.attributes
                0x00000e30       0x30 ../shell/xsh_date.o
 .ARM.attributes
                0x00000e60       0x30 ../shell/xsh_exit.o
 .ARM.attributes
                0x00000e90       0x30 ../shell/xsh_help.o
 .ARM.attributes
                0x00000ec0       0x30 ../shell/xsh_reset.o
 .ARM.attributes
                0x00000ef0       0x30 ../shell/xsh_sleep.o
 .ARM.attributes
                0x00000f20       0x30 ../shell/xsh_kill.o
 .ARM.attributes
                0x00000f50       0x30 ../shell/xsh_ps.o
 .ARM.attributes
                0x00000f80       0x30 ../shell/xsh_memdump.o
 .ARM.attributes
                0x00000fb0       0x30 ../shell/xsh_memstat.o
 .ARM.attributes
                0x00000fe0       0x30 ../shell/xsh_uartstat.o
 .ARM.attributes
                0x00001010       0x30 ../shell/xsh_gpiostat.o
 .ARM.attributes
                0x00001040       0x30 ../shell/xsh_led.o
 .ARM.attributes
                0x00001070       0x30 ../shell/xsh_tar.o
 .ARM.attributes
                0x000010a0       0x30 ../shell/xsh_test.o
 .ARM.attributes
                0x000010d0       0x30 ../shell/xsh_testsuite.o
 .ARM.attributes
                0x00001100       0x30 ../shell/xsh_hello.o
 .ARM.attributes
                0x00001130       0x30 ../shell/xsh_prodcons.o
 .ARM.attributes
                0x00001160       0x30 ../system/conf.o
 .ARM.attributes
                0x00001190       0x30 ../system/main.o
 .ARM.attributes
                0x000011c0       0x30 ../lib/libxc.a(atoi.o)
 .ARM.attributes
                0x000011f0       0x30 ../lib/libxc.a(atol.o)
 .ARM.attributes
                0x00001220       0x30 ../lib/libxc.a(bzero.o)
 .ARM.attributes
                0x00001250       0x30 ../lib/libxc.a(ctype_.o)
 .ARM.attributes
                0x00001280       0x30 ../lib/libxc.a(doprnt.o)
 .ARM.attributes
                0x000012b0       0x30 ../lib/libxc.a(fprintf.o)
 .ARM.attributes
                0x000012e0       0x30 ../lib/libxc.a(printf.o)
 .ARM.attributes
                0x00001310       0x30 ../lib/libxc.a(rand.o)
 .ARM.attributes
                0x00001340       0x30 ../lib/libxc.a(strncmp.o)
 .ARM.attributes
                0x00001370       0x30 ../lib/libxc.a(strncpy.o)
 .ARM.attributes
                0x000013a0       0x18 /nfs/nfs5/home/research/hardware/arm2/arm-2012.09/bin/../lib/gcc/arm-none-eabi/4.7.2/libgcc.a(_udivsi3.o)
 .ARM.attributes
                0x000013b8       0x18 /nfs/nfs5/home/research/hardware/arm2/arm-2012.09/bin/../lib/gcc/arm-none-eabi/4.7.2/libgcc.a(_divsi3.o)
 .ARM.attributes
                0x000013d0       0x18 /nfs/nfs5/home/research/hardware/arm2/arm-2012.09/bin/../lib/gcc/arm-none-eabi/4.7.2/libgcc.a(_dvmd_tls.o)

.comment        0x00000000       0x30
 .comment       0x00000000       0x30 ../system/platforms/raspberry-pi/clkupdate.o
                                 0x31 (size before relaxing)
 .comment       0x00000000       0x31 ../system/platforms/raspberry-pi/create.o
 .comment       0x00000000       0x31 ../system/platforms/raspberry-pi/handlers.o
 .comment       0x00000000       0x31 ../system/platforms/raspberry-pi/interrupt.o
 .comment       0x00000000       0x31 ../system/platforms/raspberry-pi/platforminit.o
 .comment       0x00000000       0x31 ../system/platforms/raspberry-pi/stubs.o
 .comment       0x00000000       0x31 ../system/platforms/raspberry-pi/vic.o
 .comment       0x00000000       0x31 ../system/initialize.o
 .comment       0x00000000       0x31 ../system/queue.o
 .comment       0x00000000       0x31 ../system/kill.o
 .comment       0x00000000       0x31 ../system/ready.o
 .comment       0x00000000       0x31 ../system/resched.o
 .comment       0x00000000       0x31 ../system/resume.o
 .comment       0x00000000       0x31 ../system/getitem.o
 .comment       0x00000000       0x31 ../system/queinit.o
 .comment       0x00000000       0x31 ../system/insert.o
 .comment       0x00000000       0x31 ../system/gettid.o
 .comment       0x00000000       0x31 ../system/xdone.o
 .comment       0x00000000       0x31 ../system/userret.o
 .comment       0x00000000       0x31 ../system/clkinit.o
 .comment       0x00000000       0x31 ../system/clkhandler.o
 .comment       0x00000000       0x31 ../system/insertd.o
 .comment       0x00000000       0x31 ../system/sleep.o
 .comment       0x00000000       0x31 ../system/unsleep.o
 .comment       0x00000000       0x31 ../system/wakeup.o
 .comment       0x00000000       0x31 ../system/semcreate.o
 .comment       0x00000000       0x31 ../system/semfree.o
 .comment       0x00000000       0x31 ../system/semcount.o
 .comment       0x00000000       0x31 ../system/signal.o
 .comment       0x00000000       0x31 ../system/signaln.o
 .comment       0x00000000       0x31 ../system/wait.o
 .comment       0x00000000       0x31 ../system/memfree.o
 .comment       0x00000000       0x31 ../system/stkget.o
 .comment       0x00000000       0x31 ../system/send.o
 .comment       0x00000000       0x31 ../system/receive.o
 .comment       0x00000000       0x31 ../system/recvclr.o
 .comment       0x00000000       0x31 ../system/control.o
 .comment       0x00000000       0x31 ../system/open.o
 .comment       0x00000000       0x31 ../system/ioerr.o
 .comment       0x00000000       0x31 ../system/ionull.o
 .comment       0x00000000       0x31 ../system/read.o
 .comment       0x00000000       0x31 ../system/putc.o
 .comment       0x00000000       0x31 ../system/getdev.o
 .comment       0x00000000       0x31 ../device/loopback/loopbackGetc.o
 .comment       0x00000000       0x31 ../device/loopback/loopbackClose.o
 .comment       0x00000000       0x31 ../device/loopback/loopbackOpen.o
 .comment       0x00000000       0x31 ../device/loopback/loopbackPutc.o
 .comment       0x00000000       0x31 ../device/loopback/loopbackWrite.o
 .comment       0x00000000       0x31 ../device/loopback/loopbackRead.o
 .comment       0x00000000       0x31 ../device/loopback/loopbackControl.o
 .comment       0x00000000       0x31 ../device/loopback/loopbackInit.o
 .comment       0x00000000       0x31 ../device/uart-pl011/uartInit.o
 .comment       0x00000000       0x31 ../device/uart-pl011/uartInterrupt.o
 .comment       0x00000000       0x31 ../device/uart-pl011/uartPutc.o
 .comment       0x00000000       0x31 ../device/uart-pl011/uartRead.o
 .comment       0x00000000       0x31 ../device/uart-pl011/uartWrite.o
 .comment       0x00000000       0x31 ../device/uart-pl011/uartGetc.o
 .comment       0x00000000       0x31 ../device/uart-pl011/kprintf.o
 .comment       0x00000000       0x31 ../device/tty/ttyControl.o
 .comment       0x00000000       0x31 ../device/tty/ttyOpen.o
 .comment       0x00000000       0x31 ../device/tty/ttyRead.o
 .comment       0x00000000       0x31 ../device/tty/ttyClose.o
 .comment       0x00000000       0x31 ../device/tty/ttyGetc.o
 .comment       0x00000000       0x31 ../device/tty/ttyInit.o
 .comment       0x00000000       0x31 ../device/tty/ttyPutc.o
 .comment       0x00000000       0x31 ../device/tty/ttyWrite.o
 .comment       0x00000000       0x31 ../apps/date.o
 .comment       0x00000000       0x31 ../apps/hello.o
 .comment       0x00000000       0x31 ../apps/consumer.o
 .comment       0x00000000       0x31 ../apps/producer.o
 .comment       0x00000000       0x31 ../mailbox/mailboxInit.o
 .comment       0x00000000       0x31 ../shell/shell.o
 .comment       0x00000000       0x31 ../shell/lexan.o
 .comment       0x00000000       0x31 ../shell/xsh_clear.o
 .comment       0x00000000       0x31 ../shell/xsh_date.o
 .comment       0x00000000       0x31 ../shell/xsh_exit.o
 .comment       0x00000000       0x31 ../shell/xsh_help.o
 .comment       0x00000000       0x31 ../shell/xsh_reset.o
 .comment       0x00000000       0x31 ../shell/xsh_sleep.o
 .comment       0x00000000       0x31 ../shell/xsh_kill.o
 .comment       0x00000000       0x31 ../shell/xsh_ps.o
 .comment       0x00000000       0x31 ../shell/xsh_memdump.o
 .comment       0x00000000       0x31 ../shell/xsh_memstat.o
 .comment       0x00000000       0x31 ../shell/xsh_uartstat.o
 .comment       0x00000000       0x31 ../shell/xsh_gpiostat.o
 .comment       0x00000000       0x31 ../shell/xsh_led.o
 .comment       0x00000000       0x31 ../shell/xsh_tar.o
 .comment       0x00000000       0x31 ../shell/xsh_test.o
 .comment       0x00000000       0x31 ../shell/xsh_testsuite.o
 .comment       0x00000000       0x31 ../shell/xsh_hello.o
 .comment       0x00000000       0x31 ../shell/xsh_prodcons.o
 .comment       0x00000000       0x31 ../system/conf.o
 .comment       0x00000000       0x31 ../system/main.o
 .comment       0x00000000       0x31 ../lib/libxc.a(atoi.o)
 .comment       0x00000000       0x31 ../lib/libxc.a(atol.o)
 .comment       0x00000000       0x31 ../lib/libxc.a(bzero.o)
 .comment       0x00000000       0x31 ../lib/libxc.a(ctype_.o)
 .comment       0x00000000       0x31 ../lib/libxc.a(doprnt.o)
 .comment       0x00000000       0x31 ../lib/libxc.a(fprintf.o)
 .comment       0x00000000       0x31 ../lib/libxc.a(printf.o)
 .comment       0x00000000       0x31 ../lib/libxc.a(rand.o)
 .comment       0x00000000       0x31 ../lib/libxc.a(strncmp.o)
 .comment       0x00000000       0x31 ../lib/libxc.a(strncpy.o)

.debug_line     0x00000000     0x4c9d
 .debug_line    0x00000000       0xd4 ../loader/platforms/raspberry-pi/start.o
 .debug_line    0x000000d4       0x61 ../system/platforms/raspberry-pi/ctxsw.o
 .debug_line    0x00000135       0x59 ../system/platforms/raspberry-pi/pause.o
 .debug_line    0x0000018e       0x59 ../system/platforms/raspberry-pi/halt.o
 .debug_line    0x000001e7       0x85 ../system/platforms/raspberry-pi/clkupdate.o
 .debug_line    0x0000026c      0x17e ../system/platforms/raspberry-pi/create.o
 .debug_line    0x000003ea       0x9c ../system/platforms/raspberry-pi/handlers.o
 .debug_line    0x00000486      0x139 ../system/platforms/raspberry-pi/interrupt.o
 .debug_line    0x000005bf      0x103 ../system/platforms/raspberry-pi/platforminit.o
 .debug_line    0x000006c2       0x5a ../system/platforms/raspberry-pi/stubs.o
 .debug_line    0x0000071c      0x1ad ../system/platforms/raspberry-pi/vic.o
 .debug_line    0x000008c9      0x1c0 ../system/initialize.o
 .debug_line    0x00000a89      0x10e ../system/queue.o
 .debug_line    0x00000b97       0xed ../system/kill.o
 .debug_line    0x00000c84       0xd8 ../system/ready.o
 .debug_line    0x00000d5c       0xe9 ../system/resched.o
 .debug_line    0x00000e45       0xd4 ../system/resume.o
 .debug_line    0x00000f19       0xb1 ../system/getitem.o
 .debug_line    0x00000fca       0x78 ../system/queinit.o
 .debug_line    0x00001042       0xea ../system/insert.o
 .debug_line    0x0000112c       0x67 ../system/gettid.o
 .debug_line    0x00001193       0x67 ../system/xdone.o
 .debug_line    0x000011fa       0x45 ../system/userret.o
 .debug_line    0x0000123f       0x7c ../system/clkinit.o
 .debug_line    0x000012bb       0x96 ../system/clkhandler.o
 .debug_line    0x00001351       0xf9 ../system/insertd.o
 .debug_line    0x0000144a       0xe0 ../system/sleep.o
 .debug_line    0x0000152a       0xeb ../system/unsleep.o
 .debug_line    0x00001615       0x91 ../system/wakeup.o
 .debug_line    0x000016a6       0xde ../system/semcreate.o
 .debug_line    0x00001784       0xcb ../system/semfree.o
 .debug_line    0x0000184f       0x82 ../system/semcount.o
 .debug_line    0x000018d1       0xc1 ../system/signal.o
 .debug_line    0x00001992       0xcc ../system/signaln.o
 .debug_line    0x00001a5e       0xdc ../system/wait.o
 .debug_line    0x00001b3a       0xe3 ../system/memfree.o
 .debug_line    0x00001c1d       0xc3 ../system/stkget.o
 .debug_line    0x00001ce0       0xdc ../system/send.o
 .debug_line    0x00001dbc       0xc8 ../system/receive.o
 .debug_line    0x00001e84       0xc7 ../system/recvclr.o
 .debug_line    0x00001f4b       0x71 ../system/control.o
 .debug_line    0x00001fbc       0x89 ../system/open.o
 .debug_line    0x00002045       0x5a ../system/ioerr.o
 .debug_line    0x0000209f       0x5b ../system/ionull.o
 .debug_line    0x000020fa       0x6d ../system/read.o
 .debug_line    0x00002167       0x6d ../system/putc.o
 .debug_line    0x000021d4       0x72 ../system/getdev.o
 .debug_line    0x00002246       0xd5 ../device/loopback/loopbackGetc.o
 .debug_line    0x0000231b       0xd7 ../device/loopback/loopbackClose.o
 .debug_line    0x000023f2       0xd9 ../device/loopback/loopbackOpen.o
 .debug_line    0x000024cb       0xd8 ../device/loopback/loopbackPutc.o
 .debug_line    0x000025a3       0xa6 ../device/loopback/loopbackWrite.o
 .debug_line    0x00002649       0xa9 ../device/loopback/loopbackRead.o
 .debug_line    0x000026f2       0xa1 ../device/loopback/loopbackControl.o
 .debug_line    0x00002793       0x96 ../device/loopback/loopbackInit.o
 .debug_line    0x00002829       0xeb ../device/uart-pl011/uartInit.o
 .debug_line    0x00002914      0x128 ../device/uart-pl011/uartInterrupt.o
 .debug_line    0x00002a3c       0x72 ../device/uart-pl011/uartPutc.o
 .debug_line    0x00002aae       0xeb ../device/uart-pl011/uartRead.o
 .debug_line    0x00002b99      0x101 ../device/uart-pl011/uartWrite.o
 .debug_line    0x00002c9a       0x74 ../device/uart-pl011/uartGetc.o
 .debug_line    0x00002d0e      0x120 ../device/uart-pl011/kprintf.o
 .debug_line    0x00002e2e       0x8d ../device/tty/ttyControl.o
 .debug_line    0x00002ebb       0xe5 ../device/tty/ttyOpen.o
 .debug_line    0x00002fa0      0x136 ../device/tty/ttyRead.o
 .debug_line    0x000030d6       0xb5 ../device/tty/ttyClose.o
 .debug_line    0x0000318b       0x6e ../device/tty/ttyGetc.o
 .debug_line    0x000031f9       0x76 ../device/tty/ttyInit.o
 .debug_line    0x0000326f       0x86 ../device/tty/ttyPutc.o
 .debug_line    0x000032f5       0x7c ../device/tty/ttyWrite.o
 .debug_line    0x00003371      0x182 ../apps/date.o
 .debug_line    0x000034f3       0x41 ../apps/hello.o
 .debug_line    0x00003534       0x67 ../apps/consumer.o
 .debug_line    0x0000359b       0x75 ../apps/producer.o
 .debug_line    0x00003610       0x92 ../mailbox/mailboxInit.o
 .debug_line    0x000036a2      0x1d0 ../shell/shell.o
 .debug_line    0x00003872       0xe6 ../shell/lexan.o
 .debug_line    0x00003958       0xd8 ../shell/xsh_clear.o
 .debug_line    0x00003a30       0xdf ../shell/xsh_date.o
 .debug_line    0x00003b0f       0xd9 ../shell/xsh_exit.o
 .debug_line    0x00003be8      0x115 ../shell/xsh_help.o
 .debug_line    0x00003cfd       0xe3 ../shell/xsh_reset.o
 .debug_line    0x00003de0       0xe7 ../shell/xsh_sleep.o
 .debug_line    0x00003ec7       0xef ../shell/xsh_kill.o
 .debug_line    0x00003fb6       0xf9 ../shell/xsh_ps.o
 .debug_line    0x000040af       0x62 ../shell/xsh_memdump.o
 .debug_line    0x00004111       0x7c ../shell/xsh_memstat.o
 .debug_line    0x0000418d       0x63 ../shell/xsh_uartstat.o
 .debug_line    0x000041f0      0x104 ../shell/xsh_gpiostat.o
 .debug_line    0x000042f4      0x10c ../shell/xsh_led.o
 .debug_line    0x00004400       0x75 ../shell/xsh_tar.o
 .debug_line    0x00004475       0x5c ../shell/xsh_test.o
 .debug_line    0x000044d1       0x63 ../shell/xsh_testsuite.o
 .debug_line    0x00004534       0x6c ../shell/xsh_hello.o
 .debug_line    0x000045a0       0xd5 ../shell/xsh_prodcons.o
 .debug_line    0x00004675       0x52 ../system/conf.o
 .debug_line    0x000046c7       0x4b ../system/main.o
 .debug_line    0x00004712       0x59 ../lib/libxc.a(atoi.o)
 .debug_line    0x0000476b       0x5b ../lib/libxc.a(atol.o)
 .debug_line    0x000047c6       0x48 ../lib/libxc.a(bzero.o)
 .debug_line    0x0000480e       0x29 ../lib/libxc.a(ctype_.o)
 .debug_line    0x00004837      0x237 ../lib/libxc.a(doprnt.o)
 .debug_line    0x00004a6e       0x67 ../lib/libxc.a(fprintf.o)
 .debug_line    0x00004ad5       0xe1 ../lib/libxc.a(printf.o)
 .debug_line    0x00004bb6       0x48 ../lib/libxc.a(rand.o)
 .debug_line    0x00004bfe       0x4a ../lib/libxc.a(strncmp.o)
 .debug_line    0x00004c48       0x55 ../lib/libxc.a(strncpy.o)

.debug_info     0x00000000     0xf128
 .debug_info    0x00000000       0x85 ../loader/platforms/raspberry-pi/start.o
 .debug_info    0x00000085       0x85 ../system/platforms/raspberry-pi/ctxsw.o
 .debug_info    0x0000010a       0x85 ../system/platforms/raspberry-pi/pause.o
 .debug_info    0x0000018f       0x84 ../system/platforms/raspberry-pi/halt.o
 .debug_info    0x00000213       0xb9 ../system/platforms/raspberry-pi/clkupdate.o
 .debug_info    0x000002cc      0x392 ../system/platforms/raspberry-pi/create.o
 .debug_info    0x0000065e       0xc0 ../system/platforms/raspberry-pi/handlers.o
 .debug_info    0x0000071e      0x277 ../system/platforms/raspberry-pi/interrupt.o
 .debug_info    0x00000995      0x325 ../system/platforms/raspberry-pi/platforminit.o
 .debug_info    0x00000cba       0x7f ../system/platforms/raspberry-pi/stubs.o
 .debug_info    0x00000d39      0x2bf ../system/platforms/raspberry-pi/vic.o
 .debug_info    0x00000ff8      0x6eb ../system/initialize.o
 .debug_info    0x000016e3      0x31e ../system/queue.o
 .debug_info    0x00001a01      0x2ea ../system/kill.o
 .debug_info    0x00001ceb      0x291 ../system/ready.o
 .debug_info    0x00001f7c      0x2f2 ../system/resched.o
 .debug_info    0x0000226e      0x291 ../system/resume.o
 .debug_info    0x000024ff      0x17b ../system/getitem.o
 .debug_info    0x0000267a       0xfc ../system/queinit.o
 .debug_info    0x00002776      0x2e8 ../system/insert.o
 .debug_info    0x00002a5e       0x9a ../system/gettid.o
 .debug_info    0x00002af8       0xd4 ../system/xdone.o
 .debug_info    0x00002bcc       0x7f ../system/userret.o
 .debug_info    0x00002c4b      0x156 ../system/clkinit.o
 .debug_info    0x00002da1      0x1a1 ../system/clkhandler.o
 .debug_info    0x00002f42      0x2e8 ../system/insertd.o
 .debug_info    0x0000322a      0x2a2 ../system/sleep.o
 .debug_info    0x000034cc      0x2e0 ../system/unsleep.o
 .debug_info    0x000037ac      0x105 ../system/wakeup.o
 .debug_info    0x000038b1      0x194 ../system/semcreate.o
 .debug_info    0x00003a45      0x1d7 ../system/semfree.o
 .debug_info    0x00003c1c       0xf8 ../system/semcount.o
 .debug_info    0x00003d14      0x16f ../system/signal.o
 .debug_info    0x00003e83      0x17d ../system/signaln.o
 .debug_info    0x00004000      0x2fd ../system/wait.o
 .debug_info    0x000042fd      0x21d ../system/memfree.o
 .debug_info    0x0000451a      0x171 ../system/stkget.o
 .debug_info    0x0000468b      0x291 ../system/send.o
 .debug_info    0x0000491c      0x285 ../system/receive.o
 .debug_info    0x00004ba1      0x285 ../system/recvclr.o
 .debug_info    0x00004e26      0x2ac ../system/control.o
 .debug_info    0x000050d2      0x2c3 ../system/open.o
 .debug_info    0x00005395       0x78 ../system/ioerr.o
 .debug_info    0x0000540d       0x78 ../system/ionull.o
 .debug_info    0x00005485      0x29e ../system/read.o
 .debug_info    0x00005723      0x28f ../system/putc.o
 .debug_info    0x000059b2      0x287 ../system/getdev.o
 .debug_info    0x00005c39      0x363 ../device/loopback/loopbackGetc.o
 .debug_info    0x00005f9c      0x357 ../device/loopback/loopbackClose.o
 .debug_info    0x000062f3      0x357 ../device/loopback/loopbackOpen.o
 .debug_info    0x0000664a      0x370 ../device/loopback/loopbackPutc.o
 .debug_info    0x000069ba      0x330 ../device/loopback/loopbackWrite.o
 .debug_info    0x00006cea      0x330 ../device/loopback/loopbackRead.o
 .debug_info    0x0000701a      0x33d ../device/loopback/loopbackControl.o
 .debug_info    0x00007357      0x304 ../device/loopback/loopbackInit.o
 .debug_info    0x0000765b      0x51a ../device/uart-pl011/uartInit.o
 .debug_info    0x00007b75      0x54d ../device/uart-pl011/uartInterrupt.o
 .debug_info    0x000080c2      0x267 ../device/uart-pl011/uartPutc.o
 .debug_info    0x00008329      0x485 ../device/uart-pl011/uartRead.o
 .debug_info    0x000087ae      0x59e ../device/uart-pl011/uartWrite.o
 .debug_info    0x00008d4c      0x267 ../device/uart-pl011/uartGetc.o
 .debug_info    0x00008fb3      0x61a ../device/uart-pl011/kprintf.o
 .debug_info    0x000095cd      0x36c ../device/tty/ttyControl.o
 .debug_info    0x00009939      0x41e ../device/tty/ttyOpen.o
 .debug_info    0x00009d57      0x3cb ../device/tty/ttyRead.o
 .debug_info    0x0000a122      0x383 ../device/tty/ttyClose.o
 .debug_info    0x0000a4a5      0x275 ../device/tty/ttyGetc.o
 .debug_info    0x0000a71a      0x330 ../device/tty/ttyInit.o
 .debug_info    0x0000aa4a      0x341 ../device/tty/ttyPutc.o
 .debug_info    0x0000ad8b      0x2a9 ../device/tty/ttyWrite.o
 .debug_info    0x0000b034      0x2d7 ../apps/date.o
 .debug_info    0x0000b30b       0x92 ../apps/hello.o
 .debug_info    0x0000b39d       0xab ../apps/consumer.o
 .debug_info    0x0000b448       0xab ../apps/producer.o
 .debug_info    0x0000b4f3      0x162 ../mailbox/mailboxInit.o
 .debug_info    0x0000b655      0x643 ../shell/shell.o
 .debug_info    0x0000bc98       0xf1 ../shell/lexan.o
 .debug_info    0x0000bd89      0x28a ../shell/xsh_clear.o
 .debug_info    0x0000c013      0x28a ../shell/xsh_date.o
 .debug_info    0x0000c29d      0x28a ../shell/xsh_exit.o
 .debug_info    0x0000c527      0x335 ../shell/xsh_help.o
 .debug_info    0x0000c85c      0x2e8 ../shell/xsh_reset.o
 .debug_info    0x0000cb44      0x298 ../shell/xsh_sleep.o
 .debug_info    0x0000cddc      0x298 ../shell/xsh_kill.o
 .debug_info    0x0000d074      0x2c8 ../shell/xsh_ps.o
 .debug_info    0x0000d33c       0xbb ../shell/xsh_memdump.o
 .debug_info    0x0000d3f7       0xe3 ../shell/xsh_memstat.o
 .debug_info    0x0000d4da       0xbb ../shell/xsh_uartstat.o
 .debug_info    0x0000d595      0x302 ../shell/xsh_gpiostat.o
 .debug_info    0x0000d897      0x2e2 ../shell/xsh_led.o
 .debug_info    0x0000db79       0xe0 ../shell/xsh_tar.o
 .debug_info    0x0000dc59       0xa6 ../shell/xsh_test.o
 .debug_info    0x0000dcff       0xbb ../shell/xsh_testsuite.o
 .debug_info    0x0000ddba       0xbb ../shell/xsh_hello.o
 .debug_info    0x0000de75      0x2d4 ../shell/xsh_prodcons.o
 .debug_info    0x0000e149      0x246 ../system/conf.o
 .debug_info    0x0000e38f       0xbc ../system/main.o
 .debug_info    0x0000e44b       0x84 ../lib/libxc.a(atoi.o)
 .debug_info    0x0000e4cf       0x8b ../lib/libxc.a(atol.o)
 .debug_info    0x0000e55a       0x90 ../lib/libxc.a(bzero.o)
 .debug_info    0x0000e5ea       0x53 ../lib/libxc.a(ctype_.o)
 .debug_info    0x0000e63d      0x501 ../lib/libxc.a(doprnt.o)
 .debug_info    0x0000eb3e      0x124 ../lib/libxc.a(fprintf.o)
 .debug_info    0x0000ec62      0x317 ../lib/libxc.a(printf.o)
 .debug_info    0x0000ef79       0x80 ../lib/libxc.a(rand.o)
 .debug_info    0x0000eff9       0x86 ../lib/libxc.a(strncmp.o)
 .debug_info    0x0000f07f       0xa9 ../lib/libxc.a(strncpy.o)

.debug_abbrev   0x00000000     0x57cc
 .debug_abbrev  0x00000000       0x14 ../loader/platforms/raspberry-pi/start.o
 .debug_abbrev  0x00000014       0x14 ../system/platforms/raspberry-pi/ctxsw.o
 .debug_abbrev  0x00000028       0x14 ../system/platforms/raspberry-pi/pause.o
 .debug_abbrev  0x0000003c       0x14 ../system/platforms/raspberry-pi/halt.o
 .debug_abbrev  0x00000050       0x6f ../system/platforms/raspberry-pi/clkupdate.o
 .debug_abbrev  0x000000bf      0x131 ../system/platforms/raspberry-pi/create.o
 .debug_abbrev  0x000001f0       0x81 ../system/platforms/raspberry-pi/handlers.o
 .debug_abbrev  0x00000271      0x13d ../system/platforms/raspberry-pi/interrupt.o
 .debug_abbrev  0x000003ae       0xee ../system/platforms/raspberry-pi/platforminit.o
 .debug_abbrev  0x0000049c       0x44 ../system/platforms/raspberry-pi/stubs.o
 .debug_abbrev  0x000004e0      0x137 ../system/platforms/raspberry-pi/vic.o
 .debug_abbrev  0x00000617      0x133 ../system/initialize.o
 .debug_abbrev  0x0000074a      0x12a ../system/queue.o
 .debug_abbrev  0x00000874       0xf4 ../system/kill.o
 .debug_abbrev  0x00000968       0xf4 ../system/ready.o
 .debug_abbrev  0x00000a5c       0xe7 ../system/resched.o
 .debug_abbrev  0x00000b43       0xf4 ../system/resume.o
 .debug_abbrev  0x00000c37       0xdb ../system/getitem.o
 .debug_abbrev  0x00000d12       0xbf ../system/queinit.o
 .debug_abbrev  0x00000dd1       0xe5 ../system/insert.o
 .debug_abbrev  0x00000eb6       0x64 ../system/gettid.o
 .debug_abbrev  0x00000f1a       0x76 ../system/xdone.o
 .debug_abbrev  0x00000f90       0x44 ../system/userret.o
 .debug_abbrev  0x00000fd4       0xaa ../system/clkinit.o
 .debug_abbrev  0x0000107e       0xad ../system/clkhandler.o
 .debug_abbrev  0x0000112b       0xe5 ../system/insertd.o
 .debug_abbrev  0x00001210       0xf4 ../system/sleep.o
 .debug_abbrev  0x00001304       0xf4 ../system/unsleep.o
 .debug_abbrev  0x000013f8       0xb3 ../system/wakeup.o
 .debug_abbrev  0x000014ab       0xe6 ../system/semcreate.o
 .debug_abbrev  0x00001591       0xe4 ../system/semfree.o
 .debug_abbrev  0x00001675       0xa1 ../system/semcount.o
 .debug_abbrev  0x00001716       0xd5 ../system/signal.o
 .debug_abbrev  0x000017eb       0xe4 ../system/signaln.o
 .debug_abbrev  0x000018cf       0xf4 ../system/wait.o
 .debug_abbrev  0x000019c3       0xe0 ../system/memfree.o
 .debug_abbrev  0x00001aa3       0xce ../system/stkget.o
 .debug_abbrev  0x00001b71       0xf4 ../system/send.o
 .debug_abbrev  0x00001c65       0xe5 ../system/receive.o
 .debug_abbrev  0x00001d4a       0xe5 ../system/recvclr.o
 .debug_abbrev  0x00001e2f       0xf4 ../system/control.o
 .debug_abbrev  0x00001f23      0x110 ../system/open.o
 .debug_abbrev  0x00002033       0x53 ../system/ioerr.o
 .debug_abbrev  0x00002086       0x53 ../system/ionull.o
 .debug_abbrev  0x000020d9       0xf4 ../system/read.o
 .debug_abbrev  0x000021cd      0x103 ../system/putc.o
 .debug_abbrev  0x000022d0       0xf4 ../system/getdev.o
 .debug_abbrev  0x000023c4      0x121 ../device/loopback/loopbackGetc.o
 .debug_abbrev  0x000024e5      0x121 ../device/loopback/loopbackClose.o
 .debug_abbrev  0x00002606      0x121 ../device/loopback/loopbackOpen.o
 .debug_abbrev  0x00002727      0x130 ../device/loopback/loopbackPutc.o
 .debug_abbrev  0x00002857      0x123 ../device/loopback/loopbackWrite.o
 .debug_abbrev  0x0000297a      0x123 ../device/loopback/loopbackRead.o
 .debug_abbrev  0x00002a9d      0x114 ../device/loopback/loopbackControl.o
 .debug_abbrev  0x00002bb1      0x109 ../device/loopback/loopbackInit.o
 .debug_abbrev  0x00002cba      0x110 ../device/uart-pl011/uartInit.o
 .debug_abbrev  0x00002dca      0x10a ../device/uart-pl011/uartInterrupt.o
 .debug_abbrev  0x00002ed4       0xcc ../device/uart-pl011/uartPutc.o
 .debug_abbrev  0x00002fa0      0x137 ../device/uart-pl011/uartRead.o
 .debug_abbrev  0x000030d7      0x137 ../device/uart-pl011/uartWrite.o
 .debug_abbrev  0x0000320e       0xcc ../device/uart-pl011/uartGetc.o
 .debug_abbrev  0x000032da      0x15a ../device/uart-pl011/kprintf.o
 .debug_abbrev  0x00003434      0x114 ../device/tty/ttyControl.o
 .debug_abbrev  0x00003548      0x174 ../device/tty/ttyOpen.o
 .debug_abbrev  0x000036bc      0x142 ../device/tty/ttyRead.o
 .debug_abbrev  0x000037fe      0x121 ../device/tty/ttyClose.o
 .debug_abbrev  0x0000391f       0xdb ../device/tty/ttyGetc.o
 .debug_abbrev  0x000039fa      0x109 ../device/tty/ttyInit.o
 .debug_abbrev  0x00003b03      0x123 ../device/tty/ttyPutc.o
 .debug_abbrev  0x00003c26       0xec ../device/tty/ttyWrite.o
 .debug_abbrev  0x00003d12      0x13a ../apps/date.o
 .debug_abbrev  0x00003e4c       0x5c ../apps/hello.o
 .debug_abbrev  0x00003ea8       0x75 ../apps/consumer.o
 .debug_abbrev  0x00003f1d       0x75 ../apps/producer.o
 .debug_abbrev  0x00003f92       0xbd ../mailbox/mailboxInit.o
 .debug_abbrev  0x0000404f      0x12a ../shell/shell.o
 .debug_abbrev  0x00004179       0x9a ../shell/lexan.o
 .debug_abbrev  0x00004213       0xd6 ../shell/xsh_clear.o
 .debug_abbrev  0x000042e9       0xd6 ../shell/xsh_date.o
 .debug_abbrev  0x000043bf       0xd6 ../shell/xsh_exit.o
 .debug_abbrev  0x00004495      0x10d ../shell/xsh_help.o
 .debug_abbrev  0x000045a2       0xec ../shell/xsh_reset.o
 .debug_abbrev  0x0000468e       0xe5 ../shell/xsh_sleep.o
 .debug_abbrev  0x00004773       0xe5 ../shell/xsh_kill.o
 .debug_abbrev  0x00004858       0xf4 ../shell/xsh_ps.o
 .debug_abbrev  0x0000494c       0x6d ../shell/xsh_memdump.o
 .debug_abbrev  0x000049b9       0x85 ../shell/xsh_memstat.o
 .debug_abbrev  0x00004a3e       0x6d ../shell/xsh_uartstat.o
 .debug_abbrev  0x00004aab       0xfb ../shell/xsh_gpiostat.o
 .debug_abbrev  0x00004ba6       0xec ../shell/xsh_led.o
 .debug_abbrev  0x00004c92       0x85 ../shell/xsh_tar.o
 .debug_abbrev  0x00004d17       0x6d ../shell/xsh_test.o
 .debug_abbrev  0x00004d84       0x6d ../shell/xsh_testsuite.o
 .debug_abbrev  0x00004df1       0x6d ../shell/xsh_hello.o
 .debug_abbrev  0x00004e5e      0x128 ../shell/xsh_prodcons.o
 .debug_abbrev  0x00004f86       0xb8 ../system/conf.o
 .debug_abbrev  0x0000503e       0x6f ../system/main.o
 .debug_abbrev  0x000050ad       0x6f ../lib/libxc.a(atoi.o)
 .debug_abbrev  0x0000511c       0x6f ../lib/libxc.a(atol.o)
 .debug_abbrev  0x0000518b       0x83 ../lib/libxc.a(bzero.o)
 .debug_abbrev  0x0000520e       0x45 ../lib/libxc.a(ctype_.o)
 .debug_abbrev  0x00005253      0x1c3 ../lib/libxc.a(doprnt.o)
 .debug_abbrev  0x00005416      0x102 ../lib/libxc.a(fprintf.o)
 .debug_abbrev  0x00005518      0x14d ../lib/libxc.a(printf.o)
 .debug_abbrev  0x00005665       0x73 ../lib/libxc.a(rand.o)
 .debug_abbrev  0x000056d8       0x60 ../lib/libxc.a(strncmp.o)
 .debug_abbrev  0x00005738       0x94 ../lib/libxc.a(strncpy.o)

.debug_aranges  0x00000000      0xe98
 .debug_aranges
                0x00000000       0x20 ../loader/platforms/raspberry-pi/start.o
 .debug_aranges
                0x00000020       0x20 ../system/platforms/raspberry-pi/ctxsw.o
 .debug_aranges
                0x00000040       0x20 ../system/platforms/raspberry-pi/pause.o
 .debug_aranges
                0x00000060       0x20 ../system/platforms/raspberry-pi/halt.o
 .debug_aranges
                0x00000080       0x20 ../system/platforms/raspberry-pi/clkupdate.o
 .debug_aranges
                0x000000a0       0x28 ../system/platforms/raspberry-pi/create.o
 .debug_aranges
                0x000000c8       0x40 ../system/platforms/raspberry-pi/handlers.o
 .debug_aranges
                0x00000108       0x68 ../system/platforms/raspberry-pi/interrupt.o
 .debug_aranges
                0x00000170       0x20 ../system/platforms/raspberry-pi/platforminit.o
 .debug_aranges
                0x00000190       0x20 ../system/platforms/raspberry-pi/stubs.o
 .debug_aranges
                0x000001b0       0x70 ../system/platforms/raspberry-pi/vic.o
 .debug_aranges
                0x00000220       0x28 ../system/initialize.o
 .debug_aranges
                0x00000248       0x28 ../system/queue.o
 .debug_aranges
                0x00000270       0x20 ../system/kill.o
 .debug_aranges
                0x00000290       0x20 ../system/ready.o
 .debug_aranges
                0x000002b0       0x20 ../system/resched.o
 .debug_aranges
                0x000002d0       0x20 ../system/resume.o
 .debug_aranges
                0x000002f0       0x30 ../system/getitem.o
 .debug_aranges
                0x00000320       0x20 ../system/queinit.o
 .debug_aranges
                0x00000340       0x20 ../system/insert.o
 .debug_aranges
                0x00000360       0x20 ../system/gettid.o
 .debug_aranges
                0x00000380       0x20 ../system/xdone.o
 .debug_aranges
                0x000003a0       0x20 ../system/userret.o
 .debug_aranges
                0x000003c0       0x20 ../system/clkinit.o
 .debug_aranges
                0x000003e0       0x20 ../system/clkhandler.o
 .debug_aranges
                0x00000400       0x20 ../system/insertd.o
 .debug_aranges
                0x00000420       0x20 ../system/sleep.o
 .debug_aranges
                0x00000440       0x20 ../system/unsleep.o
 .debug_aranges
                0x00000460       0x28 ../system/wakeup.o
 .debug_aranges
                0x00000488       0x28 ../system/semcreate.o
 .debug_aranges
                0x000004b0       0x20 ../system/semfree.o
 .debug_aranges
                0x000004d0       0x20 ../system/semcount.o
 .debug_aranges
                0x000004f0       0x20 ../system/signal.o
 .debug_aranges
                0x00000510       0x20 ../system/signaln.o
 .debug_aranges
                0x00000530       0x20 ../system/wait.o
 .debug_aranges
                0x00000550       0x20 ../system/memfree.o
 .debug_aranges
                0x00000570       0x20 ../system/stkget.o
 .debug_aranges
                0x00000590       0x20 ../system/send.o
 .debug_aranges
                0x000005b0       0x20 ../system/receive.o
 .debug_aranges
                0x000005d0       0x20 ../system/recvclr.o
 .debug_aranges
                0x000005f0       0x20 ../system/control.o
 .debug_aranges
                0x00000610       0x20 ../system/open.o
 .debug_aranges
                0x00000630       0x20 ../system/ioerr.o
 .debug_aranges
                0x00000650       0x20 ../system/ionull.o
 .debug_aranges
                0x00000670       0x20 ../system/read.o
 .debug_aranges
                0x00000690       0x20 ../system/putc.o
 .debug_aranges
                0x000006b0       0x20 ../system/getdev.o
 .debug_aranges
                0x000006d0       0x20 ../device/loopback/loopbackGetc.o
 .debug_aranges
                0x000006f0       0x20 ../device/loopback/loopbackClose.o
 .debug_aranges
                0x00000710       0x20 ../device/loopback/loopbackOpen.o
 .debug_aranges
                0x00000730       0x20 ../device/loopback/loopbackPutc.o
 .debug_aranges
                0x00000750       0x20 ../device/loopback/loopbackWrite.o
 .debug_aranges
                0x00000770       0x20 ../device/loopback/loopbackRead.o
 .debug_aranges
                0x00000790       0x20 ../device/loopback/loopbackControl.o
 .debug_aranges
                0x000007b0       0x20 ../device/loopback/loopbackInit.o
 .debug_aranges
                0x000007d0       0x20 ../device/uart-pl011/uartInit.o
 .debug_aranges
                0x000007f0       0x20 ../device/uart-pl011/uartInterrupt.o
 .debug_aranges
                0x00000810       0x20 ../device/uart-pl011/uartPutc.o
 .debug_aranges
                0x00000830       0x20 ../device/uart-pl011/uartRead.o
 .debug_aranges
                0x00000850       0x20 ../device/uart-pl011/uartWrite.o
 .debug_aranges
                0x00000870       0x20 ../device/uart-pl011/uartGetc.o
 .debug_aranges
                0x00000890       0x30 ../device/uart-pl011/kprintf.o
 .debug_aranges
                0x000008c0       0x20 ../device/tty/ttyControl.o
 .debug_aranges
                0x000008e0       0x20 ../device/tty/ttyOpen.o
 .debug_aranges
                0x00000900       0x28 ../device/tty/ttyRead.o
 .debug_aranges
                0x00000928       0x20 ../device/tty/ttyClose.o
 .debug_aranges
                0x00000948       0x20 ../device/tty/ttyGetc.o
 .debug_aranges
                0x00000968       0x20 ../device/tty/ttyInit.o
 .debug_aranges
                0x00000988       0x20 ../device/tty/ttyPutc.o
 .debug_aranges
                0x000009a8       0x20 ../device/tty/ttyWrite.o
 .debug_aranges
                0x000009c8       0x40 ../apps/date.o
 .debug_aranges
                0x00000a08       0x20 ../apps/hello.o
 .debug_aranges
                0x00000a28       0x20 ../apps/consumer.o
 .debug_aranges
                0x00000a48       0x20 ../apps/producer.o
 .debug_aranges
                0x00000a68       0x20 ../mailbox/mailboxInit.o
 .debug_aranges
                0x00000a88       0x20 ../shell/shell.o
 .debug_aranges
                0x00000aa8       0x20 ../shell/lexan.o
 .debug_aranges
                0x00000ac8       0x20 ../shell/xsh_clear.o
 .debug_aranges
                0x00000ae8       0x20 ../shell/xsh_date.o
 .debug_aranges
                0x00000b08       0x20 ../shell/xsh_exit.o
 .debug_aranges
                0x00000b28       0x20 ../shell/xsh_help.o
 .debug_aranges
                0x00000b48       0x20 ../shell/xsh_reset.o
 .debug_aranges
                0x00000b68       0x20 ../shell/xsh_sleep.o
 .debug_aranges
                0x00000b88       0x20 ../shell/xsh_kill.o
 .debug_aranges
                0x00000ba8       0x20 ../shell/xsh_ps.o
 .debug_aranges
                0x00000bc8       0x20 ../shell/xsh_memdump.o
 .debug_aranges
                0x00000be8       0x28 ../shell/xsh_memstat.o
 .debug_aranges
                0x00000c10       0x20 ../shell/xsh_uartstat.o
 .debug_aranges
                0x00000c30       0x20 ../shell/xsh_gpiostat.o
 .debug_aranges
                0x00000c50       0x20 ../shell/xsh_led.o
 .debug_aranges
                0x00000c70       0x28 ../shell/xsh_tar.o
 .debug_aranges
                0x00000c98       0x20 ../shell/xsh_test.o
 .debug_aranges
                0x00000cb8       0x20 ../shell/xsh_testsuite.o
 .debug_aranges
                0x00000cd8       0x20 ../shell/xsh_hello.o
 .debug_aranges
                0x00000cf8       0x20 ../shell/xsh_prodcons.o
 .debug_aranges
                0x00000d18       0x18 ../system/conf.o
 .debug_aranges
                0x00000d30       0x20 ../system/main.o
 .debug_aranges
                0x00000d50       0x20 ../lib/libxc.a(atoi.o)
 .debug_aranges
                0x00000d70       0x20 ../lib/libxc.a(atol.o)
 .debug_aranges
                0x00000d90       0x20 ../lib/libxc.a(bzero.o)
 .debug_aranges
                0x00000db0       0x18 ../lib/libxc.a(ctype_.o)
 .debug_aranges
                0x00000dc8       0x28 ../lib/libxc.a(doprnt.o)
 .debug_aranges
                0x00000df0       0x20 ../lib/libxc.a(fprintf.o)
 .debug_aranges
                0x00000e10       0x20 ../lib/libxc.a(printf.o)
 .debug_aranges
                0x00000e30       0x28 ../lib/libxc.a(rand.o)
 .debug_aranges
                0x00000e58       0x20 ../lib/libxc.a(strncmp.o)
 .debug_aranges
                0x00000e78       0x20 ../lib/libxc.a(strncpy.o)

.debug_loc      0x00000000     0x2029
 .debug_loc     0x00000000       0x2c ../system/platforms/raspberry-pi/clkupdate.o
 .debug_loc     0x0000002c       0x4d ../system/platforms/raspberry-pi/create.o
 .debug_loc     0x00000079       0x40 ../system/platforms/raspberry-pi/handlers.o
 .debug_loc     0x000000b9      0x18c ../system/platforms/raspberry-pi/interrupt.o
 .debug_loc     0x00000245       0x2c ../system/platforms/raspberry-pi/platforminit.o
 .debug_loc     0x00000271       0x20 ../system/platforms/raspberry-pi/stubs.o
 .debug_loc     0x00000291      0x1a8 ../system/platforms/raspberry-pi/vic.o
 .debug_loc     0x00000439       0x58 ../system/initialize.o
 .debug_loc     0x00000491       0x4c ../system/queue.o
 .debug_loc     0x000004dd       0x2c ../system/kill.o
 .debug_loc     0x00000509       0x2c ../system/ready.o
 .debug_loc     0x00000535       0x2c ../system/resched.o
 .debug_loc     0x00000561       0x2c ../system/resume.o
 .debug_loc     0x0000058d       0x78 ../system/getitem.o
 .debug_loc     0x00000605       0x2c ../system/queinit.o
 .debug_loc     0x00000631       0x20 ../system/insert.o
 .debug_loc     0x00000651       0x2c ../system/xdone.o
 .debug_loc     0x0000067d       0x20 ../system/userret.o
 .debug_loc     0x0000069d       0x2c ../system/clkinit.o
 .debug_loc     0x000006c9       0x20 ../system/clkhandler.o
 .debug_loc     0x000006e9       0x20 ../system/insertd.o
 .debug_loc     0x00000709       0x2c ../system/sleep.o
 .debug_loc     0x00000735       0x2c ../system/unsleep.o
 .debug_loc     0x00000761       0x20 ../system/wakeup.o
 .debug_loc     0x00000781       0x4c ../system/semcreate.o
 .debug_loc     0x000007cd       0x2c ../system/semfree.o
 .debug_loc     0x000007f9       0x20 ../system/semcount.o
 .debug_loc     0x00000819       0x2c ../system/signal.o
 .debug_loc     0x00000845       0x2c ../system/signaln.o
 .debug_loc     0x00000871       0x2c ../system/wait.o
 .debug_loc     0x0000089d       0x2c ../system/memfree.o
 .debug_loc     0x000008c9       0x2d ../system/stkget.o
 .debug_loc     0x000008f6       0x2c ../system/send.o
 .debug_loc     0x00000922       0x2c ../system/receive.o
 .debug_loc     0x0000094e       0x2c ../system/recvclr.o
 .debug_loc     0x0000097a       0x2c ../system/control.o
 .debug_loc     0x000009a6       0x38 ../system/open.o
 .debug_loc     0x000009de       0x2c ../system/read.o
 .debug_loc     0x00000a0a       0x2c ../system/putc.o
 .debug_loc     0x00000a36       0x2c ../system/getdev.o
 .debug_loc     0x00000a62       0x2c ../device/loopback/loopbackGetc.o
 .debug_loc     0x00000a8e       0x2c ../device/loopback/loopbackClose.o
 .debug_loc     0x00000aba       0x2c ../device/loopback/loopbackOpen.o
 .debug_loc     0x00000ae6       0x2c ../device/loopback/loopbackPutc.o
 .debug_loc     0x00000b12       0x2c ../device/loopback/loopbackWrite.o
 .debug_loc     0x00000b3e       0x2c ../device/loopback/loopbackRead.o
 .debug_loc     0x00000b6a       0x20 ../device/loopback/loopbackControl.o
 .debug_loc     0x00000b8a       0x20 ../device/loopback/loopbackInit.o
 .debug_loc     0x00000baa       0x2c ../device/uart-pl011/uartInit.o
 .debug_loc     0x00000bd6       0x2c ../device/uart-pl011/uartInterrupt.o
 .debug_loc     0x00000c02       0x2c ../device/uart-pl011/uartPutc.o
 .debug_loc     0x00000c2e       0x2d ../device/uart-pl011/uartRead.o
 .debug_loc     0x00000c5b       0x2d ../device/uart-pl011/uartWrite.o
 .debug_loc     0x00000c88       0x2c ../device/uart-pl011/uartGetc.o
 .debug_loc     0x00000cb4       0x78 ../device/uart-pl011/kprintf.o
 .debug_loc     0x00000d2c       0x20 ../device/tty/ttyControl.o
 .debug_loc     0x00000d4c       0x2c ../device/tty/ttyOpen.o
 .debug_loc     0x00000d78       0x58 ../device/tty/ttyRead.o
 .debug_loc     0x00000dd0       0x2c ../device/tty/ttyClose.o
 .debug_loc     0x00000dfc       0x2c ../device/tty/ttyGetc.o
 .debug_loc     0x00000e28       0x2c ../device/tty/ttyInit.o
 .debug_loc     0x00000e54       0x2c ../device/tty/ttyPutc.o
 .debug_loc     0x00000e80       0x2c ../device/tty/ttyWrite.o
 .debug_loc     0x00000eac       0x99 ../apps/date.o
 .debug_loc     0x00000f45       0x2c ../apps/hello.o
 .debug_loc     0x00000f71       0x2c ../apps/consumer.o
 .debug_loc     0x00000f9d       0x2c ../apps/producer.o
 .debug_loc     0x00000fc9       0x2c ../mailbox/mailboxInit.o
 .debug_loc     0x00000ff5       0x2d ../shell/shell.o
 .debug_loc     0x00001022       0x20 ../shell/lexan.o
 .debug_loc     0x00001042       0x2c ../shell/xsh_clear.o
 .debug_loc     0x0000106e       0x2c ../shell/xsh_date.o
 .debug_loc     0x0000109a       0x2c ../shell/xsh_exit.o
 .debug_loc     0x000010c6       0x2c ../shell/xsh_help.o
 .debug_loc     0x000010f2       0x2c ../shell/xsh_reset.o
 .debug_loc     0x0000111e       0x2c ../shell/xsh_sleep.o
 .debug_loc     0x0000114a       0x2c ../shell/xsh_kill.o
 .debug_loc     0x00001176       0x2d ../shell/xsh_ps.o
 .debug_loc     0x000011a3       0x20 ../shell/xsh_memdump.o
 .debug_loc     0x000011c3       0x4c ../shell/xsh_memstat.o
 .debug_loc     0x0000120f       0x20 ../shell/xsh_uartstat.o
 .debug_loc     0x0000122f       0x2c ../shell/xsh_gpiostat.o
 .debug_loc     0x0000125b       0x2c ../shell/xsh_led.o
 .debug_loc     0x00001287       0x4c ../shell/xsh_tar.o
 .debug_loc     0x000012d3       0x20 ../shell/xsh_test.o
 .debug_loc     0x000012f3       0x20 ../shell/xsh_testsuite.o
 .debug_loc     0x00001313       0x2c ../shell/xsh_hello.o
 .debug_loc     0x0000133f       0x2c ../shell/xsh_prodcons.o
 .debug_loc     0x0000136b       0x2c ../system/main.o
 .debug_loc     0x00001397       0x87 ../lib/libxc.a(atoi.o)
 .debug_loc     0x0000141e       0x87 ../lib/libxc.a(atol.o)
 .debug_loc     0x000014a5       0x63 ../lib/libxc.a(bzero.o)
 .debug_loc     0x00001508      0x9a6 ../lib/libxc.a(doprnt.o)
 .debug_loc     0x00001eae       0x58 ../lib/libxc.a(fprintf.o)
 .debug_loc     0x00001f06       0x2c ../lib/libxc.a(printf.o)
 .debug_loc     0x00001f32       0x71 ../lib/libxc.a(strncmp.o)
 .debug_loc     0x00001fa3       0x86 ../lib/libxc.a(strncpy.o)

.debug_ranges   0x00000000      0x8b0
 .debug_ranges  0x00000000       0x10 ../system/platforms/raspberry-pi/clkupdate.o
 .debug_ranges  0x00000010       0x18 ../system/platforms/raspberry-pi/create.o
 .debug_ranges  0x00000028       0x30 ../system/platforms/raspberry-pi/handlers.o
 .debug_ranges  0x00000058       0x58 ../system/platforms/raspberry-pi/interrupt.o
 .debug_ranges  0x000000b0       0x10 ../system/platforms/raspberry-pi/platforminit.o
 .debug_ranges  0x000000c0       0x10 ../system/platforms/raspberry-pi/stubs.o
 .debug_ranges  0x000000d0       0x60 ../system/platforms/raspberry-pi/vic.o
 .debug_ranges  0x00000130       0x18 ../system/initialize.o
 .debug_ranges  0x00000148       0x18 ../system/queue.o
 .debug_ranges  0x00000160       0x10 ../system/kill.o
 .debug_ranges  0x00000170       0x10 ../system/ready.o
 .debug_ranges  0x00000180       0x10 ../system/resched.o
 .debug_ranges  0x00000190       0x10 ../system/resume.o
 .debug_ranges  0x000001a0       0x20 ../system/getitem.o
 .debug_ranges  0x000001c0       0x10 ../system/queinit.o
 .debug_ranges  0x000001d0       0x10 ../system/insert.o
 .debug_ranges  0x000001e0       0x10 ../system/gettid.o
 .debug_ranges  0x000001f0       0x10 ../system/xdone.o
 .debug_ranges  0x00000200       0x10 ../system/userret.o
 .debug_ranges  0x00000210       0x10 ../system/clkinit.o
 .debug_ranges  0x00000220       0x10 ../system/clkhandler.o
 .debug_ranges  0x00000230       0x10 ../system/insertd.o
 .debug_ranges  0x00000240       0x10 ../system/sleep.o
 .debug_ranges  0x00000250       0x10 ../system/unsleep.o
 .debug_ranges  0x00000260       0x18 ../system/wakeup.o
 .debug_ranges  0x00000278       0x18 ../system/semcreate.o
 .debug_ranges  0x00000290       0x10 ../system/semfree.o
 .debug_ranges  0x000002a0       0x10 ../system/semcount.o
 .debug_ranges  0x000002b0       0x10 ../system/signal.o
 .debug_ranges  0x000002c0       0x10 ../system/signaln.o
 .debug_ranges  0x000002d0       0x10 ../system/wait.o
 .debug_ranges  0x000002e0       0x10 ../system/memfree.o
 .debug_ranges  0x000002f0       0x10 ../system/stkget.o
 .debug_ranges  0x00000300       0x10 ../system/send.o
 .debug_ranges  0x00000310       0x10 ../system/receive.o
 .debug_ranges  0x00000320       0x10 ../system/recvclr.o
 .debug_ranges  0x00000330       0x10 ../system/control.o
 .debug_ranges  0x00000340       0x10 ../system/open.o
 .debug_ranges  0x00000350       0x10 ../system/ioerr.o
 .debug_ranges  0x00000360       0x10 ../system/ionull.o
 .debug_ranges  0x00000370       0x10 ../system/read.o
 .debug_ranges  0x00000380       0x10 ../system/putc.o
 .debug_ranges  0x00000390       0x10 ../system/getdev.o
 .debug_ranges  0x000003a0       0x10 ../device/loopback/loopbackGetc.o
 .debug_ranges  0x000003b0       0x10 ../device/loopback/loopbackClose.o
 .debug_ranges  0x000003c0       0x10 ../device/loopback/loopbackOpen.o
 .debug_ranges  0x000003d0       0x10 ../device/loopback/loopbackPutc.o
 .debug_ranges  0x000003e0       0x10 ../device/loopback/loopbackWrite.o
 .debug_ranges  0x000003f0       0x10 ../device/loopback/loopbackRead.o
 .debug_ranges  0x00000400       0x10 ../device/loopback/loopbackControl.o
 .debug_ranges  0x00000410       0x10 ../device/loopback/loopbackInit.o
 .debug_ranges  0x00000420       0x10 ../device/uart-pl011/uartInit.o
 .debug_ranges  0x00000430       0x10 ../device/uart-pl011/uartInterrupt.o
 .debug_ranges  0x00000440       0x10 ../device/uart-pl011/uartPutc.o
 .debug_ranges  0x00000450       0x10 ../device/uart-pl011/uartRead.o
 .debug_ranges  0x00000460       0x10 ../device/uart-pl011/uartWrite.o
 .debug_ranges  0x00000470       0x10 ../device/uart-pl011/uartGetc.o
 .debug_ranges  0x00000480       0x20 ../device/uart-pl011/kprintf.o
 .debug_ranges  0x000004a0       0x10 ../device/tty/ttyControl.o
 .debug_ranges  0x000004b0       0x10 ../device/tty/ttyOpen.o
 .debug_ranges  0x000004c0       0x18 ../device/tty/ttyRead.o
 .debug_ranges  0x000004d8       0x10 ../device/tty/ttyClose.o
 .debug_ranges  0x000004e8       0x10 ../device/tty/ttyGetc.o
 .debug_ranges  0x000004f8       0x10 ../device/tty/ttyInit.o
 .debug_ranges  0x00000508       0x10 ../device/tty/ttyPutc.o
 .debug_ranges  0x00000518       0x10 ../device/tty/ttyWrite.o
 .debug_ranges  0x00000528       0x30 ../apps/date.o
 .debug_ranges  0x00000558       0x10 ../apps/hello.o
 .debug_ranges  0x00000568       0x10 ../apps/consumer.o
 .debug_ranges  0x00000578       0x10 ../apps/producer.o
 .debug_ranges  0x00000588       0x10 ../mailbox/mailboxInit.o
 .debug_ranges  0x00000598       0x10 ../shell/shell.o
 .debug_ranges  0x000005a8       0x10 ../shell/lexan.o
 .debug_ranges  0x000005b8       0x10 ../shell/xsh_clear.o
 .debug_ranges  0x000005c8       0x10 ../shell/xsh_date.o
 .debug_ranges  0x000005d8       0x10 ../shell/xsh_exit.o
 .debug_ranges  0x000005e8       0x10 ../shell/xsh_help.o
 .debug_ranges  0x000005f8       0x10 ../shell/xsh_reset.o
 .debug_ranges  0x00000608       0x10 ../shell/xsh_sleep.o
 .debug_ranges  0x00000618       0x10 ../shell/xsh_kill.o
 .debug_ranges  0x00000628       0x10 ../shell/xsh_ps.o
 .debug_ranges  0x00000638       0x10 ../shell/xsh_memdump.o
 .debug_ranges  0x00000648       0x18 ../shell/xsh_memstat.o
 .debug_ranges  0x00000660       0x10 ../shell/xsh_uartstat.o
 .debug_ranges  0x00000670       0x10 ../shell/xsh_gpiostat.o
 .debug_ranges  0x00000680       0x10 ../shell/xsh_led.o
 .debug_ranges  0x00000690       0x18 ../shell/xsh_tar.o
 .debug_ranges  0x000006a8       0x10 ../shell/xsh_test.o
 .debug_ranges  0x000006b8       0x10 ../shell/xsh_testsuite.o
 .debug_ranges  0x000006c8       0x10 ../shell/xsh_hello.o
 .debug_ranges  0x000006d8       0x10 ../shell/xsh_prodcons.o
 .debug_ranges  0x000006e8       0x10 ../system/main.o
 .debug_ranges  0x000006f8       0x10 ../lib/libxc.a(atoi.o)
 .debug_ranges  0x00000708       0x10 ../lib/libxc.a(atol.o)
 .debug_ranges  0x00000718       0x10 ../lib/libxc.a(bzero.o)
 .debug_ranges  0x00000728      0x130 ../lib/libxc.a(doprnt.o)
 .debug_ranges  0x00000858       0x10 ../lib/libxc.a(fprintf.o)
 .debug_ranges  0x00000868       0x10 ../lib/libxc.a(printf.o)
 .debug_ranges  0x00000878       0x18 ../lib/libxc.a(rand.o)
 .debug_ranges  0x00000890       0x10 ../lib/libxc.a(strncmp.o)
 .debug_ranges  0x000008a0       0x10 ../lib/libxc.a(strncpy.o)

.debug_str      0x00000000     0x15a4
 .debug_str     0x00000000       0xe3 ../system/platforms/raspberry-pi/clkupdate.o
                                 0xf5 (size before relaxing)
 .debug_str     0x000000e3      0x142 ../system/platforms/raspberry-pi/create.o
                                0x209 (size before relaxing)
 .debug_str     0x00000225       0x74 ../system/platforms/raspberry-pi/handlers.o
                                 0xb3 (size before relaxing)
 .debug_str     0x00000299       0xa5 ../system/platforms/raspberry-pi/interrupt.o
                                0x17c (size before relaxing)
 .debug_str     0x0000033e       0xc0 ../system/platforms/raspberry-pi/platforminit.o
                                0x193 (size before relaxing)
 .debug_str     0x000003fe       0x32 ../system/platforms/raspberry-pi/stubs.o
                                 0xd2 (size before relaxing)
 .debug_str     0x00000430       0xb9 ../system/platforms/raspberry-pi/vic.o
                                0x1ba (size before relaxing)
 .debug_str     0x000004e9       0xd3 ../system/initialize.o
                                0x2de (size before relaxing)
 .debug_str     0x000005bc       0x35 ../system/queue.o
                                0x1a2 (size before relaxing)
 .debug_str     0x000005f1       0x19 ../system/kill.o
                                0x1b0 (size before relaxing)
 .debug_str     0x0000060a       0x1e ../system/ready.o
                                0x197 (size before relaxing)
 .debug_str     0x00000628       0x2c ../system/resched.o
                                0x1c3 (size before relaxing)
 .debug_str     0x00000654       0x1a ../system/resume.o
                                0x189 (size before relaxing)
 .debug_str     0x0000066e       0x2d ../system/getitem.o
                                 0xec (size before relaxing)
 .debug_str     0x0000069b       0x24 ../system/queinit.o
                                 0xd9 (size before relaxing)
 .debug_str     0x000006bf       0x1a ../system/insert.o
                                0x195 (size before relaxing)
 .debug_str     0x000006d9       0x1a ../system/gettid.o
                                 0xcd (size before relaxing)
 .debug_str     0x000006f3       0x30 ../system/xdone.o
                                 0xe5 (size before relaxing)
 .debug_str     0x00000723       0x14 ../system/userret.o
                                 0xbc (size before relaxing)
 .debug_str     0x00000737       0x34 ../system/clkinit.o
                                0x122 (size before relaxing)
 .debug_str     0x0000076b       0x22 ../system/clkhandler.o
                                0x148 (size before relaxing)
 .debug_str     0x0000078d       0x1c ../system/insertd.o
                                0x197 (size before relaxing)
 .debug_str     0x000007a9       0x12 ../system/sleep.o
                                0x1a0 (size before relaxing)
 .debug_str     0x000007bb       0x1c ../system/unsleep.o
                                0x19e (size before relaxing)
 .debug_str     0x000007d7       0x21 ../system/wakeup.o
                                 0xf0 (size before relaxing)
 .debug_str     0x000007f8       0x31 ../system/semcreate.o
                                0x11d (size before relaxing)
 .debug_str     0x00000829       0x1c ../system/semfree.o
                                0x140 (size before relaxing)
 .debug_str     0x00000845       0x1e ../system/semcount.o
                                 0xe5 (size before relaxing)
 .debug_str     0x00000863       0x1a ../system/signal.o
                                0x11e (size before relaxing)
 .debug_str     0x0000087d       0x1c ../system/signaln.o
                                0x120 (size before relaxing)
 .debug_str     0x00000899       0x16 ../system/wait.o
                                0x1b9 (size before relaxing)
 .debug_str     0x000008af       0x2a ../system/memfree.o
                                0x167 (size before relaxing)
 .debug_str     0x000008d9       0x28 ../system/stkget.o
                                0x116 (size before relaxing)
 .debug_str     0x00000901       0x16 ../system/send.o
                                0x185 (size before relaxing)
 .debug_str     0x00000917       0x1c ../system/receive.o
                                0x18e (size before relaxing)
 .debug_str     0x00000933       0x1c ../system/recvclr.o
                                0x18e (size before relaxing)
 .debug_str     0x0000094f       0x23 ../system/control.o
                                0x128 (size before relaxing)
 .debug_str     0x00000972       0x18 ../system/open.o
                                0x134 (size before relaxing)
 .debug_str     0x0000098a       0x18 ../system/ioerr.o
                                 0xa4 (size before relaxing)
 .debug_str     0x000009a2       0x1a ../system/ionull.o
                                 0xa6 (size before relaxing)
 .debug_str     0x000009bc       0x18 ../system/read.o
                                0x123 (size before relaxing)
 .debug_str     0x000009d4       0x11 ../system/putc.o
                                0x116 (size before relaxing)
 .debug_str     0x000009e5       0x21 ../system/getdev.o
                                0x120 (size before relaxing)
 .debug_str     0x00000a06       0x4d ../device/loopback/loopbackGetc.o
                                0x197 (size before relaxing)
 .debug_str     0x00000a53       0x31 ../device/loopback/loopbackClose.o
                                0x199 (size before relaxing)
 .debug_str     0x00000a84       0x2f ../device/loopback/loopbackOpen.o
                                0x197 (size before relaxing)
 .debug_str     0x00000ab3       0x2f ../device/loopback/loopbackPutc.o
                                0x197 (size before relaxing)
 .debug_str     0x00000ae2       0x31 ../device/loopback/loopbackWrite.o
                                0x16c (size before relaxing)
 .debug_str     0x00000b13       0x2f ../device/loopback/loopbackRead.o
                                0x16a (size before relaxing)
 .debug_str     0x00000b42       0x35 ../device/loopback/loopbackControl.o
                                0x185 (size before relaxing)
 .debug_str     0x00000b77       0x2f ../device/loopback/loopbackInit.o
                                0x16a (size before relaxing)
 .debug_str     0x00000ba6      0x10a ../device/uart-pl011/uartInit.o
                                0x233 (size before relaxing)
 .debug_str     0x00000cb0       0x33 ../device/uart-pl011/uartInterrupt.o
                                0x245 (size before relaxing)
 .debug_str     0x00000ce3       0x29 ../device/uart-pl011/uartPutc.o
                                0x129 (size before relaxing)
 .debug_str     0x00000d0c       0x29 ../device/uart-pl011/uartRead.o
                                0x1e5 (size before relaxing)
 .debug_str     0x00000d35       0x2b ../device/uart-pl011/uartWrite.o
                                0x255 (size before relaxing)
 .debug_str     0x00000d60       0x29 ../device/uart-pl011/uartGetc.o
                                0x129 (size before relaxing)
 .debug_str     0x00000d89       0x39 ../device/uart-pl011/kprintf.o
                                0x271 (size before relaxing)
 .debug_str     0x00000dc2       0x40 ../device/tty/ttyControl.o
                                0x170 (size before relaxing)
 .debug_str     0x00000e02       0x2f ../device/tty/ttyOpen.o
                                0x1bd (size before relaxing)
 .debug_str     0x00000e31       0x30 ../device/tty/ttyRead.o
                                0x178 (size before relaxing)
 .debug_str     0x00000e61       0x22 ../device/tty/ttyClose.o
                                0x18a (size before relaxing)
 .debug_str     0x00000e83       0x20 ../device/tty/ttyGetc.o
                                0x127 (size before relaxing)
 .debug_str     0x00000ea3       0x20 ../device/tty/ttyInit.o
                                0x15b (size before relaxing)
 .debug_str     0x00000ec3       0x20 ../device/tty/ttyPutc.o
                                0x15b (size before relaxing)
 .debug_str     0x00000ee3       0x22 ../device/tty/ttyWrite.o
                                0x12f (size before relaxing)
 .debug_str     0x00000f05       0xe3 ../apps/date.o
                                0x1a6 (size before relaxing)
 .debug_str     0x00000fe8       0x1b ../apps/hello.o
                                 0xbb (size before relaxing)
 .debug_str     0x00001003       0x2b ../apps/consumer.o
                                 0xd1 (size before relaxing)
 .debug_str     0x0000102e       0x2b ../apps/producer.o
                                 0xd1 (size before relaxing)
 .debug_str     0x00001059       0x52 ../mailbox/mailboxInit.o
                                0x117 (size before relaxing)
 .debug_str     0x000010ab       0xc2 ../shell/shell.o
                                0x2a4 (size before relaxing)
 .debug_str     0x0000116d       0x2a ../shell/lexan.o
                                 0xcb (size before relaxing)
 .debug_str     0x00001197       0x1f ../shell/xsh_clear.o
                                0x19e (size before relaxing)
 .debug_str     0x000011b6       0x1d ../shell/xsh_date.o
                                0x19c (size before relaxing)
 .debug_str     0x000011d3       0x1d ../shell/xsh_exit.o
                                0x19c (size before relaxing)
 .debug_str     0x000011f0       0x2a ../shell/xsh_help.o
                                0x1d6 (size before relaxing)
 .debug_str     0x0000121a       0x25 ../shell/xsh_reset.o
                                0x1cb (size before relaxing)
 .debug_str     0x0000123f       0x25 ../shell/xsh_sleep.o
                                0x1a4 (size before relaxing)
 .debug_str     0x00001264       0x1d ../shell/xsh_kill.o
                                0x19c (size before relaxing)
 .debug_str     0x00001281       0x21 ../shell/xsh_ps.o