Archive member included because of file (symbol)

../lib/libxc.a(atoi.o)        ../shell/xsh_kill.o (atoi)
../lib/libxc.a(atol.o)        ../shell/xsh_sleep.o (atol)
../lib/libxc.a(bzero.o)       ../device/loopback/loopbackOpen.o (bzero)
../lib/libxc.a(ctype_.o)      ../device/tty/ttyRead.o (_ctype_)
../lib/libxc.a(doprnt.o)      ../device/uart-pl011/kprintf.o (_doprnt)
../lib/libxc.a(fprintf.o)     ../system/debug.o (fprintf)
../lib/libxc.a(getchar.o)     ../shell/xsh_snoop.o (getchar)
../lib/libxc.a(memcpy.o)      ../system/tar.o (memcpy)
../lib/libxc.a(printf.o)      ../device/uart-pl011/uartStat.o (printf)
../lib/libxc.a(rand.o)        ../shell/xsh_netemu.o (srand)
../lib/libxc.a(sprintf.o)     ../shell/xsh_user.o (sprintf)
../lib/libxc.a(strncmp.o)     ../system/getdev.o (strncmp)
../lib/libxc.a(strncpy.o)     ../system/platforms/raspberry-pi/create.o (strncpy)
../lib/libxc.a(malloc.o)      ../shell/xsh_voip.o (malloc)
../lib/libxc.a(fgetc.o)       ../lib/libxc.a(getchar.o) (fgetc)
/usr/lib/gcc/arm-none-eabi/4.9.1/libgcc.a(_udivsi3.o)
                              ../shell/xsh_ping.o (__aeabi_uidiv)
/usr/lib/gcc/arm-none-eabi/4.9.1/libgcc.a(_divsi3.o)
                              ../shell/xsh_ping.o (__aeabi_idiv)
/usr/lib/gcc/arm-none-eabi/4.9.1/libgcc.a(_dvmd_tls.o)
                              /usr/lib/gcc/arm-none-eabi/4.9.1/libgcc.a(_udivsi3.o) (__aeabi_idiv0)

Discarded input sections

 .data          0x0000000000000000        0x0 ../loader/platforms/raspberry-pi/start.o
 .bss           0x0000000000000000        0x0 ../loader/platforms/raspberry-pi/start.o
 .data          0x0000000000000000        0x0 ../system/platforms/raspberry-pi/ctxsw.o
 .bss           0x0000000000000000        0x0 ../system/platforms/raspberry-pi/ctxsw.o
 .data          0x0000000000000000        0x0 ../system/platforms/raspberry-pi/pause.o
 .bss           0x0000000000000000        0x0 ../system/platforms/raspberry-pi/pause.o
 .data          0x0000000000000000        0x0 ../system/platforms/raspberry-pi/halt.o
 .bss           0x0000000000000000        0x0 ../system/platforms/raspberry-pi/halt.o
 .text          0x0000000000000000        0x0 ../system/platforms/raspberry-pi/clkupdate.o
 .data          0x0000000000000000        0x0 ../system/platforms/raspberry-pi/clkupdate.o
 .text          0x0000000000000000        0x0 ../system/platforms/raspberry-pi/create.o
 .data          0x0000000000000000        0x0 ../system/platforms/raspberry-pi/create.o
 .text          0x0000000000000000        0x0 ../system/platforms/raspberry-pi/handlers.o
 .data          0x0000000000000000        0x0 ../system/platforms/raspberry-pi/handlers.o
 .bss           0x0000000000000000        0x0 ../system/platforms/raspberry-pi/handlers.o
 .text          0x0000000000000000        0x0 ../system/platforms/raspberry-pi/interrupt.o
 .data          0x0000000000000000        0x0 ../system/platforms/raspberry-pi/interrupt.o
 .bss           0x0000000000000000        0x0 ../system/platforms/raspberry-pi/interrupt.o
 .text.an_interrupt_handler
                0x0000000000000000        0x4 ../system/platforms/raspberry-pi/interrupt.o
 .text          0x0000000000000000        0x0 ../system/platforms/raspberry-pi/platforminit.o
 .data          0x0000000000000000        0x0 ../system/platforms/raspberry-pi/platforminit.o
 .bss           0x0000000000000000        0x0 ../system/platforms/raspberry-pi/platforminit.o
 .text          0x0000000000000000        0x0 ../system/platforms/raspberry-pi/stubs.o
 .data          0x0000000000000000        0x0 ../system/platforms/raspberry-pi/stubs.o
 .bss           0x0000000000000000        0x0 ../system/platforms/raspberry-pi/stubs.o
 .text          0x0000000000000000        0x0 ../system/platforms/raspberry-pi/vic.o
 .data          0x0000000000000000        0x0 ../system/platforms/raspberry-pi/vic.o
 .text.vic_deregister_irq
                0x0000000000000000       0x3c ../system/platforms/raspberry-pi/vic.o
 .text          0x0000000000000000        0x0 ../system/initialize.o
 .data          0x0000000000000000        0x0 ../system/initialize.o
 .text          0x0000000000000000        0x0 ../system/queue.o
 .data          0x0000000000000000        0x0 ../system/queue.o
 .text          0x0000000000000000        0x0 ../system/kill.o
 .data          0x0000000000000000        0x0 ../system/kill.o
 .bss           0x0000000000000000        0x0 ../system/kill.o
 .text          0x0000000000000000        0x0 ../system/ready.o
 .data          0x0000000000000000        0x0 ../system/ready.o
 .bss           0x0000000000000000        0x0 ../system/ready.o
 .text          0x0000000000000000        0x0 ../system/resched.o
 .data          0x0000000000000000        0x0 ../system/resched.o
 .text          0x0000000000000000        0x0 ../system/resume.o
 .data          0x0000000000000000        0x0 ../system/resume.o
 .bss           0x0000000000000000        0x0 ../system/resume.o
 .text.resume   0x0000000000000000       0xec ../system/resume.o
[...]
Memory Configuration

Name             Origin             Length             Attributes
*default*        0x0000000000000000 0xffffffffffffffff

Linker script and memory map

                0x0000000000010000                . = 0x10000
                0x0000000000010000                . = ALIGN (0x4)

.text           0x0000000000010000     0xb1d2
 *(.text .text.*)
 .text          0x0000000000010000      0x1f8 ../loader/platforms/raspberry-pi/start.o
                0x0000000000010000                _start
                0x0000000000010044                Reset_Handler
 *fill*         0x00000000000101f8        0x8 
 .text          0x0000000000010200       0x30 ../system/platforms/raspberry-pi/ctxsw.o
                0x0000000000010200                ctxsw
 .text          0x0000000000010230       0x10 ../system/platforms/raspberry-pi/pause.o
                0x0000000000010230                pause
 .text          0x0000000000010240       0x10 ../system/platforms/raspberry-pi/halt.o
                0x0000000000010240                halt
 .text.clkupdate
                0x0000000000010250       0xac ../system/platforms/raspberry-pi/clkupdate.o
                0x0000000000010250                clkupdate
 .text.create   0x00000000000102fc      0x3b0 ../system/platforms/raspberry-pi/create.o
                0x00000000000102fc                create
 .text.thrnew   0x00000000000106ac       0xc8 ../system/platforms/raspberry-pi/create.o
 .text.SWI_Routine
                0x0000000000010774        0x4 ../system/platforms/raspberry-pi/handlers.o
                0x0000000000010774                SWI_Routine
 .text.UNDEF_Routine
                0x0000000000010778        0x4 ../system/platforms/raspberry-pi/handlers.o
                0x0000000000010778                UNDEF_Routine
 .text.FIQ_Routine
                0x000000000001077c        0x4 ../system/platforms/raspberry-pi/handlers.o
                0x000000000001077c                FIQ_Routine
 .text.PAbt_Routine
                0x0000000000010780       0x18 ../system/platforms/raspberry-pi/handlers.o
                0x0000000000010780                PAbt_Routine
 .text.DAbt_Routine
                0x0000000000010798       0x18 ../system/platforms/raspberry-pi/handlers.o
                0x0000000000010798                DAbt_Routine
 .text.vic_interrupts_disabled
                0x00000000000107b0       0x20 ../system/platforms/raspberry-pi/interrupt.o
 .text.vic_enable_interrupts
                0x00000000000107d0       0x30 ../system/platforms/raspberry-pi/interrupt.o
 .text.vic_disable_interrupts
                0x0000000000010800       0x30 ../system/platforms/raspberry-pi/interrupt.o
 .text.enable   0x0000000000010830       0x2c ../system/platforms/raspberry-pi/interrupt.o
                0x0000000000010830                enable
 .text.disable  0x000000000001085c       0x40 ../system/platforms/raspberry-pi/interrupt.o
                0x000000000001085c                disable
 .text.restore  0x000000000001089c       0x50 ../system/platforms/raspberry-pi/interrupt.o
                0x000000000001089c                restore
 .text.enable_irq
                0x00000000000108ec       0x48 ../system/platforms/raspberry-pi/interrupt.o
                0x00000000000108ec                enable_irq
 .text.disable_irq
                0x0000000000010934       0x48 ../system/platforms/raspberry-pi/interrupt.o
                0x0000000000010934                disable_irq
 .text.register_irq
                0x000000000001097c       0x28 ../system/platforms/raspberry-pi/interrupt.o
                0x000000000001097c                register_irq
 .text.platforminit
                0x00000000000109a4      0x2a0 ../system/platforms/raspberry-pi/platforminit.o
                0x00000000000109a4                platforminit
 .text._startup
                0x0000000000010c44       0x10 ../system/platforms/raspberry-pi/stubs.o
                0x0000000000010c44                _startup
 .text.vic_interrupts_disabled
                0x0000000000010c54       0x20 ../system/platforms/raspberry-pi/vic.o
 .text.vic_enable_interrupts
                0x0000000000010c74       0x30 ../system/platforms/raspberry-pi/vic.o
 .text.vic_disable_interrupts
                0x0000000000010ca4       0x30 ../system/platforms/raspberry-pi/vic.o
 .text.vic_init
                0x0000000000010cd4       0x64 ../system/platforms/raspberry-pi/vic.o
                0x0000000000010cd4                vic_init
 .text.vic_get_irqmask
                0x0000000000010d38       0x5c ../system/platforms/raspberry-pi/vic.o
                0x0000000000010d38                vic_get_irqmask
 .text.vic_set_irqmask
                0x0000000000010d94       0x7c ../system/platforms/raspberry-pi/vic.o
                0x0000000000010d94                vic_set_irqmask
 .text.vic_enable_irq
                0x0000000000010e10       0x54 ../system/platforms/raspberry-pi/vic.o
                0x0000000000010e10                vic_enable_irq
 .text.vic_disable_irq
                0x0000000000010e64       0x54 ../system/platforms/raspberry-pi/vic.o
                0x0000000000010e64                vic_disable_irq
 .text.vic_register_irq
                0x0000000000010eb8       0x40 ../system/platforms/raspberry-pi/vic.o
                0x0000000000010eb8                vic_register_irq
 .text.vic_irq_handler
                0x0000000000010ef8      0x108 ../system/platforms/raspberry-pi/vic.o
                0x0000000000010ef8                vic_irq_handler
 .text.nulluser
                0x0000000000011000      0x1cc ../system/initialize.o
                0x0000000000011000                nulluser
 .text.sysinit  0x00000000000111cc      0x430 ../system/initialize.o
 .text.enqueue  0x00000000000115fc      0x15c ../system/queue.o
                0x00000000000115fc                enqueue
 .text.dequeue  0x0000000000011758      0x194 ../system/queue.o
                0x0000000000011758                dequeue
 .text.kill     0x00000000000118ec      0x1f0 ../system/kill.o
                0x00000000000118ec                kill
 .text.ready    0x0000000000011adc       0xd8 ../system/ready.o
                0x0000000000011adc                ready
 .text.resched  0x0000000000011bb4      0x238 ../system/resched.o
                0x0000000000011bb4                resched
 .text.getfirst
                0x0000000000011dec       0xa8 ../system/getitem.o
                0x0000000000011dec                getfirst
 .text.getitem  0x0000000000011e94      0x100 ../system/getitem.o
                0x0000000000011e94                getitem
 .text.queinit  0x0000000000011f94      0x158 ../system/queinit.o
                0x0000000000011f94                queinit
 .text.insert   0x00000000000120ec      0x1f0 ../system/insert.o
                0x00000000000120ec                insert
 .text.gettid   0x00000000000122dc       0x14 ../system/gettid.o
                0x00000000000122dc                gettid
 .text.xdone    0x00000000000122f0       0x48 ../system/xdone.o
                0x00000000000122f0                xdone
 .text.userret  0x0000000000012338       0x1c ../system/userret.o
                0x0000000000012338                userret
 .text.clkinit  0x0000000000012354       0x98 ../system/clkinit.o
                0x0000000000012354                clkinit
 .text.clkhandler
                0x00000000000123ec      0x13c ../system/clkhandler.o
                0x00000000000123ec                clkhandler
 .text.insertd  0x0000000000012528      0x274 ../system/insertd.o
                0x0000000000012528                insertd
 .text.sleep    0x000000000001279c      0x108 ../system/sleep.o
                0x000000000001279c                sleep
 .text.unsleep  0x00000000000128a4      0x1a8 ../system/unsleep.o
                0x00000000000128a4                unsleep
 .text.wakeup   0x0000000000012a4c       0xac ../system/wakeup.o
                0x0000000000012a4c                wakeup
 .text.semcreate
                0x0000000000012af8       0x9c ../system/semcreate.o
                0x0000000000012af8                semcreate
 .text.semalloc
                0x0000000000012b94       0xf0 ../system/semcreate.o
 .text.semfree  0x0000000000012c84      0x10c ../system/semfree.o
                0x0000000000012c84                semfree
 .text.semcount
                0x0000000000012d90       0x74 ../system/semcount.o
                0x0000000000012d90                semcount
 .text.signal   0x0000000000012e04       0xe0 ../system/signal.o
                0x0000000000012e04                signal
 .text.signaln  0x0000000000012ee4      0x110 ../system/signaln.o
                0x0000000000012ee4                signaln
 .text.wait     0x0000000000012ff4      0x124 ../system/wait.o
                0x0000000000012ff4                wait
 .text.memfree  0x0000000000013118      0x1bc ../system/memfree.o
                0x0000000000013118                memfree
 .text.stkget   0x00000000000132d4      0x174 ../system/stkget.o
                0x00000000000132d4                stkget
 .text.send     0x0000000000013448      0x150 ../system/send.o
                0x0000000000013448                send
 .text.receive  0x0000000000013598       0x94 ../system/receive.o
                0x0000000000013598                receive
 .text.recvclr  0x000000000001362c       0x94 ../system/recvclr.o
                0x000000000001362c                recvclr
 .text.control  0x00000000000136c0       0x90 ../system/control.o
                0x00000000000136c0                control
 .text.open     0x0000000000013750       0x8c ../system/open.o
                0x0000000000013750                open
 .text.ioerr    0x00000000000137dc        0xc ../system/ioerr.o
                0x00000000000137dc                ioerr
 .text.ionull   0x00000000000137e8        0xc ../system/ionull.o
                0x00000000000137e8                ionull
 .text.read     0x00000000000137f4       0x88 ../system/read.o
                0x00000000000137f4                read
 .text.putc     0x000000000001387c       0x88 ../system/putc.o
                0x000000000001387c                putc
 .text.getdev   0x0000000000013904       0x90 ../system/getdev.o
                0x0000000000013904                getdev
 .text.loopbackGetc
                0x0000000000013994       0xc0 ../device/loopback/loopbackGetc.o
                0x0000000000013994                loopbackGetc
 .text.loopbackClose
                0x0000000000013a54       0xb0 ../device/loopback/loopbackClose.o
                0x0000000000013a54                loopbackClose
 .text.loopbackOpen
                0x0000000000013b04       0xdc ../device/loopback/loopbackOpen.o
                0x0000000000013b04                loopbackOpen
 .text.loopbackPutc
                0x0000000000013be0      0x10c ../device/loopback/loopbackPutc.o
                0x0000000000013be0                loopbackPutc
 .text.loopbackWrite
                0x0000000000013cec       0xd0 ../device/loopback/loopbackWrite.o
                0x0000000000013cec                loopbackWrite
 .text.loopbackRead
                0x0000000000013dbc       0xc0 ../device/loopback/loopbackRead.o
                0x0000000000013dbc                loopbackRead
 .text.loopbackControl
                0x0000000000013e7c       0xf0 ../device/loopback/loopbackControl.o
                0x0000000000013e7c                loopbackControl
 .text.loopbackInit
                0x0000000000013f6c       0x60 ../device/loopback/loopbackInit.o
                0x0000000000013f6c                loopbackInit
 .text.uartInit
                0x0000000000013fcc      0x214 ../device/uart-pl011/uartInit.o
                0x0000000000013fcc                uartInit
 .text.uartInterrupt
                0x00000000000141e0      0x390 ../device/uart-pl011/uartInterrupt.o
                0x00000000000141e0                uartInterrupt
 .text.uartPutc
                0x0000000000014570       0x3c ../device/uart-pl011/uartPutc.o
                0x0000000000014570                uartPutc
 .text.uartRead
                0x00000000000145ac      0x1f0 ../device/uart-pl011/uartRead.o
                0x00000000000145ac                uartRead
 .text.uartWrite
                0x000000000001479c      0x240 ../device/uart-pl011/uartWrite.o
                0x000000000001479c                uartWrite
 .text.uartGetc
                0x00000000000149dc       0x3c ../device/uart-pl011/uartGetc.o
                0x00000000000149dc                uartGetc
 .text.kputc    0x0000000000014a18       0xc0 ../device/uart-pl011/kprintf.o
                0x0000000000014a18                kputc
 .text.kgetc    0x0000000000014ad8       0x6c ../device/uart-pl011/kprintf.o
                0x0000000000014ad8                kgetc
 .text.kprintf  0x0000000000014b44       0x48 ../device/uart-pl011/kprintf.o
                0x0000000000014b44                kprintf
 .text.ttyControl
                0x0000000000014b8c      0x1e8 ../device/tty/ttyControl.o
                0x0000000000014b8c                ttyControl
 .text.ttyOpen  0x0000000000014d74      0x170 ../device/tty/ttyOpen.o
                0x0000000000014d74                ttyOpen
 .text.ttyRead  0x0000000000014ee4      0x534 ../device/tty/ttyRead.o
                0x0000000000014ee4                ttyRead
 .text.ttyEcho  0x0000000000015418       0x98 ../device/tty/ttyRead.o
 .text.ttyClose
                0x00000000000154b0       0x80 ../device/tty/ttyClose.o
                0x00000000000154b0                ttyClose
 .text.ttyGetc  0x0000000000015530       0x54 ../device/tty/ttyGetc.o
                0x0000000000015530                ttyGetc
 .text.ttyInit  0x0000000000015584       0x60 ../device/tty/ttyInit.o
                0x0000000000015584                ttyInit
 .text.ttyPutc  0x00000000000155e4      0x124 ../device/tty/ttyPutc.o
                0x00000000000155e4                ttyPutc
 .text.ttyWrite
                0x0000000000015708       0x98 ../device/tty/ttyWrite.o
                0x0000000000015708                ttyWrite
 .text.get_datetime
                0x00000000000157a0       0x24 ../apps/date.o
                0x00000000000157a0                get_datetime
 .text.printDate
                0x00000000000157c4       0x24 ../apps/date.o
                0x00000000000157c4                printDate
 .text.printDateTZ
                0x00000000000157e8      0x178 ../apps/date.o
                0x00000000000157e8                printDateTZ
 .text.convertDate
                0x0000000000015960      0x77c ../apps/date.o
                0x0000000000015960                convertDate
 .text.printHello
                0x00000000000160dc       0x28 ../apps/hello.o
                0x00000000000160dc                printHello
 .text.mailboxInit
                0x0000000000016104       0x8c ../mailbox/mailboxInit.o
                0x0000000000016104                mailboxInit
 .text.shell    0x0000000000016190      0xbbc ../shell/shell.o
                0x0000000000016190                shell
 .text.lexan    0x0000000000016d4c      0x46c ../shell/lexan.o
                0x0000000000016d4c                lexan
 .text.xsh_clear
                0x00000000000171b8      0x16c ../shell/xsh_clear.o
                0x00000000000171b8                xsh_clear
 .text.xsh_date
                0x0000000000017324      0x218 ../shell/xsh_date.o
                0x0000000000017324                xsh_date
 .text.xsh_exit
                0x000000000001753c      0x184 ../shell/xsh_exit.o
                0x000000000001753c                xsh_exit
 .text.xsh_help
                0x00000000000176c0      0x330 ../shell/xsh_help.o
                0x00000000000176c0                xsh_help
 .text.xsh_reset
                0x00000000000179f0      0x180 ../shell/xsh_reset.o
                0x00000000000179f0                xsh_reset
 .text.xsh_sleep
                0x0000000000017b70      0x2b4 ../shell/xsh_sleep.o
                0x0000000000017b70                xsh_sleep
 .text.xsh_kill
                0x0000000000017e24      0x364 ../shell/xsh_kill.o
                0x0000000000017e24                xsh_kill
 .text.xsh_ps   0x0000000000018188      0x310 ../shell/xsh_ps.o
                0x0000000000018188                xsh_ps
 .text.xsh_memdump
                0x0000000000018498       0x1c ../shell/xsh_memdump.o
                0x0000000000018498                xsh_memdump
 .text.xsh_memstat
                0x00000000000184b4       0x1c ../shell/xsh_memstat.o
                0x00000000000184b4                xsh_memstat
 .text.xsh_uartstat
                0x00000000000184d0       0x1c ../shell/xsh_uartstat.o
                0x00000000000184d0                xsh_uartstat
 .text.xsh_gpiostat
                0x00000000000184ec      0x2a4 ../shell/xsh_gpiostat.o
                0x00000000000184ec                xsh_gpiostat
 .text.xsh_led  0x0000000000018790      0x51c ../shell/xsh_led.o
                0x0000000000018790                xsh_led
 .text.xsh_tar  0x0000000000018cac       0x1c ../shell/xsh_tar.o
                0x0000000000018cac                xsh_tar
 .text.xsh_test
                0x0000000000018cc8       0x1c ../shell/xsh_test.o
                0x0000000000018cc8                xsh_test
 .text.xsh_testsuite
                0x0000000000018ce4       0x1c ../shell/xsh_testsuite.o
                0x0000000000018ce4                xsh_testsuite
 .text.xsh_hello
                0x0000000000018d00       0x98 ../shell/xsh_hello.o
                0x0000000000018d00                xsh_hello
 .text.main     0x0000000000018d98       0x80 ../system/main.o
                0x0000000000018d98                main
 .text.atoi     0x0000000000018e18       0x88 ../lib/libxc.a(atoi.o)
                0x0000000000018e18                atoi
 .text.atol     0x0000000000018ea0       0x88 ../lib/libxc.a(atol.o)
                0x0000000000018ea0                atol
 .text.bzero    0x0000000000018f28       0x20 ../lib/libxc.a(bzero.o)
                0x0000000000018f28                bzero
 .text._prtl10  0x0000000000018f48       0x98 ../lib/libxc.a(doprnt.o)
 .text._doprnt  0x0000000000018fe0      0x5d4 ../lib/libxc.a(doprnt.o)
                0x0000000000018fe0                _doprnt
 .text.fprintf  0x00000000000195b4       0x34 ../lib/libxc.a(fprintf.o)
                0x00000000000195b4                fprintf
 .text.printf   0x00000000000195e8       0x50 ../lib/libxc.a(printf.o)
                0x00000000000195e8                printf
 .text.strncmp  0x0000000000019638       0x48 ../lib/libxc.a(strncmp.o)
                0x0000000000019638                strncmp
 .text.strncpy  0x0000000000019680       0x58 ../lib/libxc.a(strncpy.o)
                0x0000000000019680                strncpy
 .text          0x00000000000196d8      0x148 /usr/lib/gcc/arm-none-eabi/4.9.1/libgcc.a(_divsi3.o)
                0x00000000000196d8                __aeabi_idiv
                0x00000000000196d8                __divsi3
                0x0000000000019800                __aeabi_idivmod
 .text          0x0000000000019820        0x4 /usr/lib/gcc/arm-none-eabi/4.9.1/libgcc.a(_dvmd_tls.o)
                0x0000000000019820                __aeabi_ldiv0
                0x0000000000019820                __aeabi_idiv0
 *(.rodata .rodata.*)
 .rodata        0x0000000000019824       0x35 ../loader/platforms/raspberry-pi/start.o
 *fill*         0x0000000000019859        0x3 
 .rodata        0x000000000001985c       0x10 ../system/platforms/raspberry-pi/handlers.o
 .rodata        0x000000000001986c       0x28 ../system/platforms/raspberry-pi/platforminit.o
 .rodata        0x0000000000019894      0x3f8 ../system/initialize.o
 .rodata        0x0000000000019c8c       0xac ../system/queue.o
 .rodata        0x0000000000019d38       0x34 ../system/queinit.o
 .rodata        0x0000000000019d6c       0x2c ../system/xdone.o
 .rodata        0x0000000000019d98       0x28 ../system/clkinit.o
 .rodata        0x0000000000019dc0       0x20 ../device/tty/ttyOpen.o
 .rodata        0x0000000000019de0       0xfc ../apps/date.o
 .rodata        0x0000000000019edc       0x2c ../apps/hello.o
 .rodata        0x0000000000019f08      0x44c ../shell/shell.o
                0x000000000001a094                commandtab
                0x000000000001a16c                ncommand
 .rodata        0x000000000001a354       0xbc ../shell/xsh_clear.o
 .rodata        0x000000000001a410       0xc4 ../shell/xsh_date.o
 .rodata        0x000000000001a4d4       0xc4 ../shell/xsh_exit.o
 .rodata        0x000000000001a598      0x218 ../shell/xsh_help.o
 .rodata        0x000000000001a7b0       0xc0 ../shell/xsh_reset.o
 .rodata        0x000000000001a870       0xfc ../shell/xsh_sleep.o
 .rodata        0x000000000001a96c      0x148 ../shell/xsh_kill.o
 .rodata        0x000000000001aab4      0x1fc ../shell/xsh_ps.o
 .rodata        0x000000000001acb0      0x150 ../shell/xsh_gpiostat.o
 .rodata        0x000000000001ae00      0x188 ../shell/xsh_led.o
 .rodata        0x000000000001af88       0x44 ../shell/xsh_hello.o
 .rodata        0x000000000001afcc      0x154 ../system/conf.o
                0x000000000001aff4                devtab
 .rodata        0x000000000001b120        0x8 ../system/main.o
 .rodata        0x000000000001b128       0x81 ../lib/libxc.a(ctype_.o)
                0x000000000001b128                _ctype_
 .rodata.str1.1
                0x000000000001b1a9       0x29 ../lib/libxc.a(doprnt.o)
 *(.glue_7 .glue_7t)
 .glue_7        0x0000000000000000        0x0 linker stubs
 .glue_7t       0x0000000000000000        0x0 linker stubs
                0x000000000001b1d2                _etext = .

.vfp11_veneer   0x000000000001b1d4        0x0
 .vfp11_veneer  0x0000000000000000        0x0 linker stubs

.v4_bx          0x000000000001b1d4        0x0
 .v4_bx         0x0000000000000000        0x0 linker stubs

.iplt           0x000000000001b1d4        0x0
 .iplt          0x0000000000000000        0x0 ../loader/platforms/raspberry-pi/start.o

.rel.dyn        0x000000000001b1d4        0x0
 .rel.iplt      0x0000000000000000        0x0 ../loader/platforms/raspberry-pi/start.o

.data           0x000000000001b1d4       0xbc
                0x000000000001b1d4                _data = .
 *(.data .data.*)
 .data          0x000000000001b1d4        0x4 ../system/queinit.o
 .data          0x000000000001b1d8       0xb8 ../apps/date.o
                0x000000000001b1d8                days_in_month
                0x000000000001b1e4                month_names
                0x000000000001b214                weekday_names
                0x000000000001b230                tz_names
                0x000000000001b290                _edata = .

.igot.plt       0x000000000001b290        0x0
 .igot.plt      0x0000000000000000        0x0 ../loader/platforms/raspberry-pi/start.o

.bss            0x000000000001b290     0x4f28
                0x000000000001b290                _bss = .
 *(.bss .bss.*)
 .bss           0x000000000001b290        0x1 ../system/platforms/raspberry-pi/clkupdate.o
 *fill*         0x000000000001b291        0x3 
 .bss           0x000000000001b294        0x4 ../system/platforms/raspberry-pi/create.o
 .bss           0x000000000001b298      0x100 ../system/platforms/raspberry-pi/vic.o
 .bss           0x000000000001b398     0x29ac ../system/initialize.o
                0x000000000001b398                thrtab
                0x000000000001d788                semtab
                0x000000000001dc38                readylist
                0x000000000001dc3c                memlist
                0x000000000001dc44                bfptab
                0x000000000001dd04                thrcount
                0x000000000001dd08                thrcurrent
                0x000000000001dd0c                memheap
                0x000000000001dd10                cpuid
                0x000000000001dd14                platform
 .bss           0x000000000001dd44      0xe40 ../system/queue.o
                0x000000000001dd44                quetab
 .bss           0x000000000001eb84        0x4 ../system/resched.o
                0x000000000001eb84                resdefer
 .bss           0x000000000001eb88        0xc ../system/clkinit.o
                0x000000000001eb88                clkticks
                0x000000000001eb8c                clktime
                0x000000000001eb90                sleepq
 .bss           0x000000000001eb94        0x4 ../system/semcreate.o
 .bss           0x000000000001eb98      0x410 ../device/loopback/loopbackInit.o
                0x000000000001eb98                looptab
 .bss           0x000000000001efa8      0x83c ../device/uart-pl011/uartInit.o
                0x000000000001efa8                uarttab
 .bss           0x000000000001f7e4      0x828 ../device/tty/ttyInit.o
                0x000000000001f7e4                ttytab
 .bss           0x000000000002000c        0x4 ../apps/date.o
 .bss           0x0000000000020010      0x1a8 ../mailbox/mailboxInit.o
                0x0000000000020010                mboxtab
                0x00000000000201b4                mboxtabsem
 *(COMMON)
                0x00000000000201b8                . = ALIGN (0x4)
                0x00000000000201b8                _bss_end = .
                0x00000000000201b8                _end = .
LOAD ../loader/platforms/raspberry-pi/start.o
LOAD ../system/platforms/raspberry-pi/ctxsw.o
LOAD ../system/platforms/raspberry-pi/pause.o
LOAD ../system/platforms/raspberry-pi/halt.o
LOAD ../system/platforms/raspberry-pi/clkupdate.o
LOAD ../system/platforms/raspberry-pi/create.o
LOAD ../system/platforms/raspberry-pi/handlers.o
LOAD ../system/platforms/raspberry-pi/interrupt.o
LOAD ../system/platforms/raspberry-pi/platforminit.o
LOAD ../system/platforms/raspberry-pi/stubs.o
LOAD ../system/platforms/raspberry-pi/vic.o
LOAD ../system/initialize.o
LOAD ../system/queue.o
LOAD ../system/kill.o
LOAD ../system/ready.o
LOAD ../system/resched.o
LOAD ../system/resume.o
LOAD ../system/suspend.o
LOAD ../system/chprio.o
LOAD ../system/getprio.o
LOAD ../system/getitem.o
LOAD ../system/queinit.o
LOAD ../system/insert.o
LOAD ../system/gettid.o
LOAD ../system/xdone.o
LOAD ../system/yield.o
LOAD ../system/userret.o
LOAD ../system/clkinit.o
LOAD ../system/clkhandler.o
LOAD ../system/insertd.o
LOAD ../system/sleep.o
LOAD ../system/unsleep.o
LOAD ../system/wakeup.o
LOAD ../system/semcreate.o
LOAD ../system/semfree.o
LOAD ../system/semcount.o
LOAD ../system/signal.o
LOAD ../system/signaln.o
LOAD ../system/wait.o
LOAD ../system/memget.o
LOAD ../system/memfree.o
LOAD ../system/stkget.o
LOAD ../system/bfpalloc.o
LOAD ../system/bfpfree.o
LOAD ../system/bufget.o
LOAD ../system/buffree.o
LOAD ../system/send.o
LOAD ../system/receive.o
LOAD ../system/recvclr.o
LOAD ../system/recvtime.o
LOAD ../system/close.o
LOAD ../system/control.o
LOAD ../system/getc.o
LOAD ../system/open.o
LOAD ../system/ioerr.o
LOAD ../system/ionull.o
LOAD ../system/read.o
LOAD ../system/putc.o
LOAD ../system/seek.o
LOAD ../system/write.o
LOAD ../system/getdev.o
LOAD ../system/debug.o
LOAD ../system/tar.o
LOAD ../device/loopback/loopbackGetc.o
LOAD ../device/loopback/loopbackClose.o
LOAD ../device/loopback/loopbackOpen.o
LOAD ../device/loopback/loopbackPutc.o
LOAD ../device/loopback/loopbackWrite.o
LOAD ../device/loopback/loopbackRead.o
LOAD ../device/loopback/loopbackControl.o
LOAD ../device/loopback/loopbackInit.o
LOAD ../device/uart-pl011/uartInit.o
LOAD ../device/uart-pl011/uartInterrupt.o
LOAD ../device/uart-pl011/uartPutc.o
LOAD ../device/uart-pl011/uartRead.o
LOAD ../device/uart-pl011/uartWrite.o
LOAD ../device/uart-pl011/uartGetc.o
LOAD ../device/uart-pl011/uartControl.o
LOAD ../device/uart-pl011/uartStat.o
LOAD ../device/uart-pl011/kprintf.o
LOAD ../device/tty/ttyControl.o
LOAD ../device/tty/ttyOpen.o
LOAD ../device/tty/ttyRead.o
LOAD ../device/tty/ttyClose.o
LOAD ../device/tty/ttyGetc.o
LOAD ../device/tty/ttyInit.o
LOAD ../device/tty/ttyPutc.o
LOAD ../device/tty/ttyWrite.o
LOAD ../apps/date.o
LOAD ../apps/rdate.o
LOAD ../apps/hello.o
LOAD ../mailbox/mailboxAlloc.o
LOAD ../mailbox/mailboxCount.o
LOAD ../mailbox/mailboxFree.o
LOAD ../mailbox/mailboxInit.o
LOAD ../mailbox/mailboxReceive.o
LOAD ../mailbox/mailboxSend.o
LOAD ../shell/shell.o
LOAD ../shell/lexan.o
LOAD ../shell/xsh_clear.o
LOAD ../shell/xsh_date.o
LOAD ../shell/xsh_exit.o
LOAD ../shell/xsh_help.o
LOAD ../shell/xsh_reset.o
LOAD ../shell/xsh_sleep.o
LOAD ../shell/xsh_kill.o
LOAD ../shell/xsh_ps.o
LOAD ../shell/xsh_memdump.o
LOAD ../shell/xsh_memstat.o
LOAD ../shell/xsh_dumptlb.o
LOAD ../shell/xsh_user.o
LOAD ../shell/xsh_uartstat.o
LOAD ../shell/xsh_gpiostat.o
LOAD ../shell/xsh_led.o
LOAD ../shell/xsh_arp.o
LOAD ../shell/xsh_ethstat.o
LOAD ../shell/xsh_nc.o
LOAD ../shell/xsh_netdown.o
LOAD ../shell/xsh_netemu.o
LOAD ../shell/xsh_netstat.o
LOAD ../shell/xsh_netup.o
LOAD ../shell/xsh_ping.o
LOAD ../shell/xsh_rdate.o
LOAD ../shell/xsh_route.o
LOAD ../shell/xsh_snoop.o
LOAD ../shell/xsh_tcpstat.o
LOAD ../shell/xsh_telnet.o
LOAD ../shell/xsh_telnetserver.o
LOAD ../shell/xsh_udpstat.o
LOAD ../shell/xsh_vlanstat.o
LOAD ../shell/xsh_voip.o
LOAD ../shell/xsh_xweb.o
LOAD ../shell/xsh_tar.o
LOAD ../shell/xsh_flashstat.o
LOAD ../shell/xsh_nvram.o
LOAD ../shell/xsh_test.o
LOAD ../shell/xsh_testsuite.o
LOAD ../shell/xsh_hello.o
LOAD ../system/conf.o
LOAD ../system/main.o
LOAD ../lib/libxc.a
LOAD ../lib/libdsp.a
LOAD /usr/lib/gcc/arm-none-eabi/4.9.1/libgcc.a
OUTPUT(xinu.elf elf32-littlearm)

.ARM.attributes
                0x0000000000000000       0x2b
 .ARM.attributes
                0x0000000000000000       0x14 ../loader/platforms/raspberry-pi/start.o
 .ARM.attributes
                0x0000000000000014       0x14 ../system/platforms/raspberry-pi/ctxsw.o
 .ARM.attributes
                0x0000000000000028       0x14 ../system/platforms/raspberry-pi/pause.o
 .ARM.attributes
                0x000000000000003c       0x14 ../system/platforms/raspberry-pi/halt.o
 .ARM.attributes
                0x0000000000000050       0x30 ../system/platforms/raspberry-pi/clkupdate.o
 .ARM.attributes
                0x0000000000000080       0x30 ../system/platforms/raspberry-pi/create.o
 .ARM.attributes
                0x00000000000000b0       0x30 ../system/platforms/raspberry-pi/handlers.o
 .ARM.attributes
                0x00000000000000e0       0x30 ../system/platforms/raspberry-pi/interrupt.o
 .ARM.attributes
                0x0000000000000110       0x30 ../system/platforms/raspberry-pi/platforminit.o
 .ARM.attributes
                0x0000000000000140       0x30 ../system/platforms/raspberry-pi/stubs.o
 .ARM.attributes
                0x0000000000000170       0x30 ../system/platforms/raspberry-pi/vic.o
 .ARM.attributes
                0x00000000000001a0       0x30 ../system/initialize.o
 .ARM.attributes
                0x00000000000001d0       0x30 ../system/queue.o
 .ARM.attributes
                0x0000000000000200       0x30 ../system/kill.o
 .ARM.attributes
                0x0000000000000230       0x30 ../system/ready.o
 .ARM.attributes
                0x0000000000000260       0x30 ../system/resched.o
 .ARM.attributes
                0x0000000000000290       0x30 ../system/getitem.o
 .ARM.attributes
                0x00000000000002c0       0x30 ../system/queinit.o
 .ARM.attributes
                0x00000000000002f0       0x30 ../system/insert.o
 .ARM.attributes
                0x0000000000000320       0x30 ../system/gettid.o
 .ARM.attributes
                0x0000000000000350       0x30 ../system/xdone.o
 .ARM.attributes
                0x0000000000000380       0x30 ../system/userret.o
 .ARM.attributes
                0x00000000000003b0       0x30 ../system/clkinit.o
 .ARM.attributes
                0x00000000000003e0       0x30 ../system/clkhandler.o
 .ARM.attributes
                0x0000000000000410       0x30 ../system/insertd.o
 .ARM.attributes
                0x0000000000000440       0x30 ../system/sleep.o
 .ARM.attributes
                0x0000000000000470       0x30 ../system/unsleep.o
 .ARM.attributes
                0x00000000000004a0       0x30 ../system/wakeup.o
 .ARM.attributes
                0x00000000000004d0       0x30 ../system/semcreate.o
 .ARM.attributes
                0x0000000000000500       0x30 ../system/semfree.o
 .ARM.attributes
                0x0000000000000530       0x30 ../system/semcount.o
 .ARM.attributes
                0x0000000000000560       0x30 ../system/signal.o
 .ARM.attributes
                0x0000000000000590       0x30 ../system/signaln.o
 .ARM.attributes
                0x00000000000005c0       0x30 ../system/wait.o
 .ARM.attributes
                0x00000000000005f0       0x30 ../system/memfree.o
 .ARM.attributes
                0x0000000000000620       0x30 ../system/stkget.o
 .ARM.attributes
                0x0000000000000650       0x30 ../system/send.o
 .ARM.attributes
                0x0000000000000680       0x30 ../system/receive.o
 .ARM.attributes
                0x00000000000006b0       0x30 ../system/recvclr.o
 .ARM.attributes
                0x00000000000006e0       0x30 ../system/control.o
 .ARM.attributes
                0x0000000000000710       0x30 ../system/open.o
 .ARM.attributes
                0x0000000000000740       0x30 ../system/ioerr.o
 .ARM.attributes
                0x0000000000000770       0x30 ../system/ionull.o
 .ARM.attributes
                0x00000000000007a0       0x30 ../system/read.o
 .ARM.attributes
                0x00000000000007d0       0x30 ../system/putc.o
 .ARM.attributes
                0x0000000000000800       0x30 ../system/getdev.o
 .ARM.attributes
                0x0000000000000830       0x30 ../device/loopback/loopbackGetc.o
 .ARM.attributes
                0x0000000000000860       0x30 ../device/loopback/loopbackClose.o
 .ARM.attributes
                0x0000000000000890       0x30 ../device/loopback/loopbackOpen.o
 .ARM.attributes
                0x00000000000008c0       0x30 ../device/loopback/loopbackPutc.o
 .ARM.attributes
                0x00000000000008f0       0x30 ../device/loopback/loopbackWrite.o
 .ARM.attributes
                0x0000000000000920       0x30 ../device/loopback/loopbackRead.o
 .ARM.attributes
                0x0000000000000950       0x30 ../device/loopback/loopbackControl.o
 .ARM.attributes
                0x0000000000000980       0x30 ../device/loopback/loopbackInit.o
 .ARM.attributes
                0x00000000000009b0       0x30 ../device/uart-pl011/uartInit.o
 .ARM.attributes
                0x00000000000009e0       0x30 ../device/uart-pl011/uartInterrupt.o
 .ARM.attributes
                0x0000000000000a10       0x30 ../device/uart-pl011/uartPutc.o
 .ARM.attributes
                0x0000000000000a40       0x30 ../device/uart-pl011/uartRead.o
 .ARM.attributes
                0x0000000000000a70       0x30 ../device/uart-pl011/uartWrite.o
 .ARM.attributes
                0x0000000000000aa0       0x30 ../device/uart-pl011/uartGetc.o
 .ARM.attributes
                0x0000000000000ad0       0x30 ../device/uart-pl011/kprintf.o
 .ARM.attributes
                0x0000000000000b00       0x30 ../device/tty/ttyControl.o
 .ARM.attributes
                0x0000000000000b30       0x30 ../device/tty/ttyOpen.o
 .ARM.attributes
                0x0000000000000b60       0x30 ../device/tty/ttyRead.o
 .ARM.attributes
                0x0000000000000b90       0x30 ../device/tty/ttyClose.o
 .ARM.attributes
                0x0000000000000bc0       0x30 ../device/tty/ttyGetc.o
 .ARM.attributes
                0x0000000000000bf0       0x30 ../device/tty/ttyInit.o
 .ARM.attributes
                0x0000000000000c20       0x30 ../device/tty/ttyPutc.o
 .ARM.attributes
                0x0000000000000c50       0x30 ../device/tty/ttyWrite.o
 .ARM.attributes
                0x0000000000000c80       0x30 ../apps/date.o
 .ARM.attributes
                0x0000000000000cb0       0x30 ../apps/hello.o
 .ARM.attributes
                0x0000000000000ce0       0x30 ../mailbox/mailboxInit.o
 .ARM.attributes
                0x0000000000000d10       0x30 ../shell/shell.o
 .ARM.attributes
                0x0000000000000d40       0x30 ../shell/lexan.o
 .ARM.attributes
                0x0000000000000d70       0x30 ../shell/xsh_clear.o
 .ARM.attributes
                0x0000000000000da0       0x30 ../shell/xsh_date.o
 .ARM.attributes
                0x0000000000000dd0       0x30 ../shell/xsh_exit.o
 .ARM.attributes
                0x0000000000000e00       0x30 ../shell/xsh_help.o
 .ARM.attributes
                0x0000000000000e30       0x30 ../shell/xsh_reset.o
 .ARM.attributes
                0x0000000000000e60       0x30 ../shell/xsh_sleep.o
 .ARM.attributes
                0x0000000000000e90       0x30 ../shell/xsh_kill.o
 .ARM.attributes
                0x0000000000000ec0       0x30 ../shell/xsh_ps.o
 .ARM.attributes
                0x0000000000000ef0       0x30 ../shell/xsh_memdump.o
 .ARM.attributes
                0x0000000000000f20       0x30 ../shell/xsh_memstat.o
 .ARM.attributes
                0x0000000000000f50       0x30 ../shell/xsh_uartstat.o
 .ARM.attributes
                0x0000000000000f80       0x30 ../shell/xsh_gpiostat.o
 .ARM.attributes
                0x0000000000000fb0       0x30 ../shell/xsh_led.o
 .ARM.attributes
                0x0000000000000fe0       0x30 ../shell/xsh_tar.o
 .ARM.attributes
                0x0000000000001010       0x30 ../shell/xsh_test.o
 .ARM.attributes
                0x0000000000001040       0x30 ../shell/xsh_testsuite.o
 .ARM.attributes
                0x0000000000001070       0x30 ../shell/xsh_hello.o
 .ARM.attributes
                0x00000000000010a0       0x30 ../system/conf.o
 .ARM.attributes
                0x00000000000010d0       0x30 ../system/main.o
 .ARM.attributes
                0x0000000000001100       0x30 ../lib/libxc.a(atoi.o)
 .ARM.attributes
                0x0000000000001130       0x30 ../lib/libxc.a(atol.o)
 .ARM.attributes
                0x0000000000001160       0x30 ../lib/libxc.a(bzero.o)
 .ARM.attributes
                0x0000000000001190       0x30 ../lib/libxc.a(ctype_.o)
 .ARM.attributes
                0x00000000000011c0       0x30 ../lib/libxc.a(doprnt.o)
 .ARM.attributes
                0x00000000000011f0       0x30 ../lib/libxc.a(fprintf.o)
 .ARM.attributes
                0x0000000000001220       0x30 ../lib/libxc.a(printf.o)
 .ARM.attributes
                0x0000000000001250       0x30 ../lib/libxc.a(strncmp.o)
 .ARM.attributes
                0x0000000000001280       0x30 ../lib/libxc.a(strncpy.o)
 .ARM.attributes
                0x00000000000012b0       0x18 /usr/lib/gcc/arm-none-eabi/4.9.1/libgcc.a(_divsi3.o)
 .ARM.attributes
                0x00000000000012c8       0x18 /usr/lib/gcc/arm-none-eabi/4.9.1/libgcc.a(_dvmd_tls.o)

.comment        0x0000000000000000       0x4d
 .comment       0x0000000000000000       0x1d ../system/platforms/raspberry-pi/clkupdate.o
                                         0x1e (size before relaxing)
 .comment       0x0000000000000000       0x1e ../system/platforms/raspberry-pi/create.o
 .comment       0x0000000000000000       0x1e ../system/platforms/raspberry-pi/handlers.o
 .comment       0x0000000000000000       0x1e ../system/platforms/raspberry-pi/interrupt.o
 .comment       0x0000000000000000       0x1e ../system/platforms/raspberry-pi/platforminit.o
 .comment       0x0000000000000000       0x1e ../system/platforms/raspberry-pi/stubs.o
 .comment       0x0000000000000000       0x1e ../system/platforms/raspberry-pi/vic.o
 .comment       0x0000000000000000       0x1e ../system/initialize.o
 .comment       0x0000000000000000       0x1e ../system/queue.o
 .comment       0x0000000000000000       0x1e ../system/kill.o
 .comment       0x0000000000000000       0x1e ../system/ready.o
 .comment       0x0000000000000000       0x1e ../system/resched.o
 .comment       0x0000000000000000       0x1e ../system/getitem.o
 .comment       0x0000000000000000       0x1e ../system/queinit.o
 .comment       0x0000000000000000       0x1e ../system/insert.o
 .comment       0x0000000000000000       0x1e ../system/gettid.o
 .comment       0x0000000000000000       0x1e ../system/xdone.o
 .comment       0x0000000000000000       0x1e ../system/userret.o
 .comment       0x0000000000000000       0x1e ../system/clkinit.o
 .comment       0x0000000000000000       0x1e ../system/clkhandler.o
 .comment       0x0000000000000000       0x1e ../system/insertd.o
 .comment       0x0000000000000000       0x1e ../system/sleep.o
 .comment       0x0000000000000000       0x1e ../system/unsleep.o
 .comment       0x0000000000000000       0x1e ../system/wakeup.o
 .comment       0x0000000000000000       0x1e ../system/semcreate.o
 .comment       0x0000000000000000       0x1e ../system/semfree.o
 .comment       0x0000000000000000       0x1e ../system/semcount.o
 .comment       0x0000000000000000       0x1e ../system/signal.o
 .comment       0x0000000000000000       0x1e ../system/signaln.o
 .comment       0x0000000000000000       0x1e ../system/wait.o
 .comment       0x0000000000000000       0x1e ../system/memfree.o
 .comment       0x0000000000000000       0x1e ../system/stkget.o
 .comment       0x0000000000000000       0x1e ../system/send.o
 .comment       0x0000000000000000       0x1e ../system/receive.o
 .comment       0x0000000000000000       0x1e ../system/recvclr.o
 .comment       0x0000000000000000       0x1e ../system/control.o
 .comment       0x0000000000000000       0x1e ../system/open.o
 .comment       0x0000000000000000       0x1e ../system/ioerr.o
 .comment       0x0000000000000000       0x1e ../system/ionull.o
 .comment       0x0000000000000000       0x1e ../system/read.o
 .comment       0x0000000000000000       0x1e ../system/putc.o
 .comment       0x0000000000000000       0x1e ../system/getdev.o
 .comment       0x0000000000000000       0x1e ../device/loopback/loopbackGetc.o
 .comment       0x0000000000000000       0x1e ../device/loopback/loopbackClose.o
 .comment       0x0000000000000000       0x1e ../device/loopback/loopbackOpen.o
 .comment       0x0000000000000000       0x1e ../device/loopback/loopbackPutc.o
 .comment       0x0000000000000000       0x1e ../device/loopback/loopbackWrite.o
 .comment       0x0000000000000000       0x1e ../device/loopback/loopbackRead.o
 .comment       0x0000000000000000       0x1e ../device/loopback/loopbackControl.o
 .comment       0x0000000000000000       0x1e ../device/loopback/loopbackInit.o
 .comment       0x0000000000000000       0x1e ../device/uart-pl011/uartInit.o
 .comment       0x0000000000000000       0x1e ../device/uart-pl011/uartInterrupt.o
 .comment       0x0000000000000000       0x1e ../device/uart-pl011/uartPutc.o
 .comment       0x0000000000000000       0x1e ../device/uart-pl011/uartRead.o
 .comment       0x0000000000000000       0x1e ../device/uart-pl011/uartWrite.o
 .comment       0x0000000000000000       0x1e ../device/uart-pl011/uartGetc.o
 .comment       0x0000000000000000       0x1e ../device/uart-pl011/kprintf.o
 .comment       0x0000000000000000       0x1e ../device/tty/ttyControl.o
 .comment       0x0000000000000000       0x1e ../device/tty/ttyOpen.o
 .comment       0x0000000000000000       0x1e ../device/tty/ttyRead.o
 .comment       0x0000000000000000       0x1e ../device/tty/ttyClose.o
 .comment       0x0000000000000000       0x1e ../device/tty/ttyGetc.o
 .comment       0x0000000000000000       0x1e ../device/tty/ttyInit.o
 .comment       0x0000000000000000       0x1e ../device/tty/ttyPutc.o
 .comment       0x0000000000000000       0x1e ../device/tty/ttyWrite.o
 .comment       0x0000000000000000       0x1e ../apps/date.o
 .comment       0x0000000000000000       0x1e ../apps/hello.o
 .comment       0x0000000000000000       0x1e ../mailbox/mailboxInit.o
 .comment       0x0000000000000000       0x1e ../shell/shell.o
 .comment       0x0000000000000000       0x1e ../shell/lexan.o
 .comment       0x0000000000000000       0x1e ../shell/xsh_clear.o
 .comment       0x0000000000000000       0x1e ../shell/xsh_date.o
 .comment       0x0000000000000000       0x1e ../shell/xsh_exit.o
 .comment       0x0000000000000000       0x1e ../shell/xsh_help.o
 .comment       0x0000000000000000       0x1e ../shell/xsh_reset.o
 .comment       0x0000000000000000       0x1e ../shell/xsh_sleep.o
 .comment       0x0000000000000000       0x1e ../shell/xsh_kill.o
 .comment       0x0000000000000000       0x1e ../shell/xsh_ps.o
 .comment       0x0000000000000000       0x1e ../shell/xsh_memdump.o
 .comment       0x0000000000000000       0x1e ../shell/xsh_memstat.o
 .comment       0x0000000000000000       0x1e ../shell/xsh_uartstat.o
 .comment       0x0000000000000000       0x1e ../shell/xsh_gpiostat.o
 .comment       0x0000000000000000       0x1e ../shell/xsh_led.o
 .comment       0x0000000000000000       0x1e ../shell/xsh_tar.o
 .comment       0x0000000000000000       0x1e ../shell/xsh_test.o
 .comment       0x0000000000000000       0x1e ../shell/xsh_testsuite.o
 .comment       0x0000000000000000       0x1e ../shell/xsh_hello.o
 .comment       0x0000000000000000       0x1e ../system/conf.o
 .comment       0x0000000000000000       0x1e ../system/main.o
 .comment       0x000000000000001d       0x30 ../lib/libxc.a(atoi.o)
                                         0x31 (size before relaxing)
 .comment       0x0000000000000000       0x31 ../lib/libxc.a(atol.o)
 .comment       0x0000000000000000       0x31 ../lib/libxc.a(bzero.o)
 .comment       0x0000000000000000       0x31 ../lib/libxc.a(ctype_.o)
 .comment       0x0000000000000000       0x31 ../lib/libxc.a(doprnt.o)
 .comment       0x0000000000000000       0x31 ../lib/libxc.a(fprintf.o)
 .comment       0x0000000000000000       0x31 ../lib/libxc.a(printf.o)
 .comment       0x0000000000000000       0x31 ../lib/libxc.a(strncmp.o)
 .comment       0x0000000000000000       0x31 ../lib/libxc.a(strncpy.o)

.debug_line     0x0000000000000000     0x4b50
 .debug_line    0x0000000000000000       0xd4 ../loader/platforms/raspberry-pi/start.o
 .debug_line    0x00000000000000d4       0x61 ../system/platforms/raspberry-pi/ctxsw.o
 .debug_line    0x0000000000000135       0x59 ../system/platforms/raspberry-pi/pause.o
 .debug_line    0x000000000000018e       0x59 ../system/platforms/raspberry-pi/halt.o
 .debug_line    0x00000000000001e7       0x85 ../system/platforms/raspberry-pi/clkupdate.o
 .debug_line    0x000000000000026c      0x18a ../system/platforms/raspberry-pi/create.o
 .debug_line    0x00000000000003f6       0x9c ../system/platforms/raspberry-pi/handlers.o
 .debug_line    0x0000000000000492      0x139 ../system/platforms/raspberry-pi/interrupt.o
 .debug_line    0x00000000000005cb       0xff ../system/platforms/raspberry-pi/platforminit.o
 .debug_line    0x00000000000006ca       0x5a ../system/platforms/raspberry-pi/stubs.o
 .debug_line    0x0000000000000724      0x1bd ../system/platforms/raspberry-pi/vic.o
 .debug_line    0x00000000000008e1      0x1c4 ../system/initialize.o
 .debug_line    0x0000000000000aa5      0x121 ../system/queue.o
 .debug_line    0x0000000000000bc6       0xf5 ../system/kill.o
 .debug_line    0x0000000000000cbb       0xdd ../system/ready.o
 .debug_line    0x0000000000000d98       0xe9 ../system/resched.o
 .debug_line    0x0000000000000e81       0xb1 ../system/getitem.o
 .debug_line    0x0000000000000f32       0x78 ../system/queinit.o
 .debug_line    0x0000000000000faa       0xf4 ../system/insert.o
 .debug_line    0x000000000000109e       0x67 ../system/gettid.o
 .debug_line    0x0000000000001105       0x67 ../system/xdone.o
 .debug_line    0x000000000000116c       0x45 ../system/userret.o
 .debug_line    0x00000000000011b1       0x7c ../system/clkinit.o
 .debug_line    0x000000000000122d       0x96 ../system/clkhandler.o
 .debug_line    0x00000000000012c3      0x103 ../system/insertd.o
 .debug_line    0x00000000000013c6       0xe4 ../system/sleep.o
 .debug_line    0x00000000000014aa       0xf4 ../system/unsleep.o
 .debug_line    0x000000000000159e       0x8d ../system/wakeup.o
 .debug_line    0x000000000000162b       0xe5 ../system/semcreate.o
 .debug_line    0x0000000000001710       0xcb ../system/semfree.o
 .debug_line    0x00000000000017db       0x81 ../system/semcount.o
 .debug_line    0x000000000000185c       0xc5 ../system/signal.o
 .debug_line    0x0000000000001921       0xd5 ../system/signaln.o
 .debug_line    0x00000000000019f6       0xe0 ../system/wait.o
 .debug_line    0x0000000000001ad6       0xe3 ../system/memfree.o
 .debug_line    0x0000000000001bb9       0xc3 ../system/stkget.o
 .debug_line    0x0000000000001c7c       0xe5 ../system/send.o
 .debug_line    0x0000000000001d61       0xc8 ../system/receive.o
 .debug_line    0x0000000000001e29       0xc7 ../system/recvclr.o
 .debug_line    0x0000000000001ef0       0x71 ../system/control.o
 .debug_line    0x0000000000001f61       0x8d ../system/open.o
 .debug_line    0x0000000000001fee       0x5a ../system/ioerr.o
 .debug_line    0x0000000000002048       0x5b ../system/ionull.o
 .debug_line    0x00000000000020a3       0x6d ../system/read.o
 .debug_line    0x0000000000002110       0x6d ../system/putc.o
 .debug_line    0x000000000000217d       0x75 ../system/getdev.o
 .debug_line    0x00000000000021f2       0xd5 ../device/loopback/loopbackGetc.o
 .debug_line    0x00000000000022c7       0xdb ../device/loopback/loopbackClose.o
 .debug_line    0x00000000000023a2       0xdd ../device/loopback/loopbackOpen.o
 .debug_line    0x000000000000247f       0xdc ../device/loopback/loopbackPutc.o
 .debug_line    0x000000000000255b       0xaa ../device/loopback/loopbackWrite.o
 .debug_line    0x0000000000002605       0xa9 ../device/loopback/loopbackRead.o
 .debug_line    0x00000000000026ae       0xa1 ../device/loopback/loopbackControl.o
 .debug_line    0x000000000000274f       0x96 ../device/loopback/loopbackInit.o
 .debug_line    0x00000000000027e5       0xeb ../device/uart-pl011/uartInit.o
 .debug_line    0x00000000000028d0      0x12d ../device/uart-pl011/uartInterrupt.o
 .debug_line    0x00000000000029fd       0x72 ../device/uart-pl011/uartPutc.o
 .debug_line    0x0000000000002a6f       0xe8 ../device/uart-pl011/uartRead.o
 .debug_line    0x0000000000002b57       0xfc ../device/uart-pl011/uartWrite.o
 .debug_line    0x0000000000002c53       0x74 ../device/uart-pl011/uartGetc.o
 .debug_line    0x0000000000002cc7      0x120 ../device/uart-pl011/kprintf.o
 .debug_line    0x0000000000002de7       0x8d ../device/tty/ttyControl.o
 .debug_line    0x0000000000002e74       0xe9 ../device/tty/ttyOpen.o
 .debug_line    0x0000000000002f5d      0x11d ../device/tty/ttyRead.o
 .debug_line    0x000000000000307a       0xb5 ../device/tty/ttyClose.o
 .debug_line    0x000000000000312f       0x72 ../device/tty/ttyGetc.o
 .debug_line    0x00000000000031a1       0x76 ../device/tty/ttyInit.o
 .debug_line    0x0000000000003217       0x83 ../device/tty/ttyPutc.o
 .debug_line    0x000000000000329a       0x78 ../device/tty/ttyWrite.o
 .debug_line    0x0000000000003312      0x17f ../apps/date.o
 .debug_line    0x0000000000003491       0x41 ../apps/hello.o
 .debug_line    0x00000000000034d2       0x92 ../mailbox/mailboxInit.o
 .debug_line    0x0000000000003564      0x1cd ../shell/shell.o
 .debug_line    0x0000000000003731       0xf7 ../shell/lexan.o
 .debug_line    0x0000000000003828       0xd8 ../shell/xsh_clear.o
 .debug_line    0x0000000000003900       0xdf ../shell/xsh_date.o
 .debug_line    0x00000000000039df       0xd9 ../shell/xsh_exit.o
 .debug_line    0x0000000000003ab8      0x11d ../shell/xsh_help.o
 .debug_line    0x0000000000003bd5       0xe3 ../shell/xsh_reset.o
 .debug_line    0x0000000000003cb8       0xe7 ../shell/xsh_sleep.o
 .debug_line    0x0000000000003d9f       0xef ../shell/xsh_kill.o
 .debug_line    0x0000000000003e8e       0xfa ../shell/xsh_ps.o
 .debug_line    0x0000000000003f88       0x62 ../shell/xsh_memdump.o
 .debug_line    0x0000000000003fea       0x7c ../shell/xsh_memstat.o
 .debug_line    0x0000000000004066       0x63 ../shell/xsh_uartstat.o
 .debug_line    0x00000000000040c9      0x118 ../shell/xsh_gpiostat.o
 .debug_line    0x00000000000041e1      0x10c ../shell/xsh_led.o
 .debug_line    0x00000000000042ed       0x75 ../shell/xsh_tar.o
 .debug_line    0x0000000000004362       0x5c ../shell/xsh_test.o
 .debug_line    0x00000000000043be       0x63 ../shell/xsh_testsuite.o
 .debug_line    0x0000000000004421       0x6c ../shell/xsh_hello.o
 .debug_line    0x000000000000448d       0x52 ../system/conf.o
 .debug_line    0x00000000000044df       0x4b ../system/main.o
 .debug_line    0x000000000000452a       0x59 ../lib/libxc.a(atoi.o)
 .debug_line    0x0000000000004583       0x5b ../lib/libxc.a(atol.o)
 .debug_line    0x00000000000045de       0x48 ../lib/libxc.a(bzero.o)
 .debug_line    0x0000000000004626       0x29 ../lib/libxc.a(ctype_.o)
 .debug_line    0x000000000000464f      0x237 ../lib/libxc.a(doprnt.o)
 .debug_line    0x0000000000004886       0x67 ../lib/libxc.a(fprintf.o)
 .debug_line    0x00000000000048ed       0xe1 ../lib/libxc.a(printf.o)
 .debug_line    0x00000000000049ce       0x4a ../lib/libxc.a(strncmp.o)
 .debug_line    0x0000000000004a18       0x55 ../lib/libxc.a(strncpy.o)
 .debug_line    0x0000000000004a6d       0x8c /usr/lib/gcc/arm-none-eabi/4.9.1/libgcc.a(_divsi3.o)
 .debug_line    0x0000000000004af9       0x57 /usr/lib/gcc/arm-none-eabi/4.9.1/libgcc.a(_dvmd_tls.o)

.debug_info     0x0000000000000000     0xda6a
 .debug_info    0x0000000000000000       0x73 ../loader/platforms/raspberry-pi/start.o
 .debug_info    0x0000000000000073       0x73 ../system/platforms/raspberry-pi/ctxsw.o
 .debug_info    0x00000000000000e6       0x73 ../system/platforms/raspberry-pi/pause.o
 .debug_info    0x0000000000000159       0x72 ../system/platforms/raspberry-pi/halt.o
 .debug_info    0x00000000000001cb       0xb0 ../system/platforms/raspberry-pi/clkupdate.o
 .debug_info    0x000000000000027b      0x357 ../system/platforms/raspberry-pi/create.o
 .debug_info    0x00000000000005d2       0xa2 ../system/platforms/raspberry-pi/handlers.o
 .debug_info    0x0000000000000674      0x23e ../system/platforms/raspberry-pi/interrupt.o
 .debug_info    0x00000000000008b2      0x2e7 ../system/platforms/raspberry-pi/platforminit.o
 .debug_info    0x0000000000000b99       0x76 ../system/platforms/raspberry-pi/stubs.o
 .debug_info    0x0000000000000c0f      0x280 ../system/platforms/raspberry-pi/vic.o
 .debug_info    0x0000000000000e8f      0x665 ../system/initialize.o
 .debug_info    0x00000000000014f4      0x2e3 ../system/queue.o
 .debug_info    0x00000000000017d7      0x2b1 ../system/kill.o
 .debug_info    0x0000000000001a88      0x260 ../system/ready.o
 .debug_info    0x0000000000001ce8      0x2b6 ../system/resched.o
 .debug_info    0x0000000000001f9e      0x160 ../system/getitem.o
 .debug_info    0x00000000000020fe       0xeb ../system/queinit.o
 .debug_info    0x00000000000021e9      0x2b1 ../system/insert.o
 .debug_info    0x000000000000249a       0x90 ../system/gettid.o
 .debug_info    0x000000000000252a       0xc3 ../system/xdone.o
 .debug_info    0x00000000000025ed       0x76 ../system/userret.o
 .debug_info    0x0000000000002663      0x13c ../system/clkinit.o
 .debug_info    0x000000000000279f      0x17c ../system/clkhandler.o
 .debug_info    0x000000000000291b      0x2b1 ../system/insertd.o
 .debug_info    0x0000000000002bcc      0x26f ../system/sleep.o
 .debug_info    0x0000000000002e3b      0x2a9 ../system/unsleep.o
 .debug_info    0x00000000000030e4       0xef ../system/wakeup.o
 .debug_info    0x00000000000031d3      0x179 ../system/semcreate.o
 .debug_info    0x000000000000334c      0x1b8 ../system/semfree.o
 .debug_info    0x0000000000003504       0xe7 ../system/semcount.o
 .debug_info    0x00000000000035eb      0x158 ../system/signal.o
 .debug_info    0x0000000000003743      0x166 ../system/signaln.o
 .debug_info    0x00000000000038a9      0x2c4 ../system/wait.o
 .debug_info    0x0000000000003b6d      0x1f8 ../system/memfree.o
 .debug_info    0x0000000000003d65      0x15c ../system/stkget.o
 .debug_info    0x0000000000003ec1      0x262 ../system/send.o
 .debug_info    0x0000000000004123      0x254 ../system/receive.o
 .debug_info    0x0000000000004377      0x254 ../system/recvclr.o
 .debug_info    0x00000000000045cb      0x27c ../system/control.o
 .debug_info    0x0000000000004847      0x290 ../system/open.o
 .debug_info    0x0000000000004ad7       0x70 ../system/ioerr.o
 .debug_info    0x0000000000004b47       0x70 ../system/ionull.o
 .debug_info    0x0000000000004bb7      0x26e ../system/read.o
 .debug_info    0x0000000000004e25      0x25f ../system/putc.o
 .debug_info    0x0000000000005084      0x257 ../system/getdev.o
 .debug_info    0x00000000000052db      0x323 ../device/loopback/loopbackGetc.o
 .debug_info    0x00000000000055fe      0x317 ../device/loopback/loopbackClose.o
 .debug_info    0x0000000000005915      0x317 ../device/loopback/loopbackOpen.o
 .debug_info    0x0000000000005c2c      0x330 ../device/loopback/loopbackPutc.o
 .debug_info    0x0000000000005f5c      0x2f6 ../device/loopback/loopbackWrite.o
 .debug_info    0x0000000000006252      0x2f6 ../device/loopback/loopbackRead.o
 .debug_info    0x0000000000006548      0x303 ../device/loopback/loopbackControl.o
 .debug_info    0x000000000000684b      0x2cb ../device/loopback/loopbackInit.o
 .debug_info    0x0000000000006b16      0x4a1 ../device/uart-pl011/uartInit.o
 .debug_info    0x0000000000006fb7      0x4d1 ../device/uart-pl011/uartInterrupt.o
 .debug_info    0x0000000000007488      0x239 ../device/uart-pl011/uartPutc.o
 .debug_info    0x00000000000076c1      0x429 ../device/uart-pl011/uartRead.o
 .debug_info    0x0000000000007aea      0x51e ../device/uart-pl011/uartWrite.o
 .debug_info    0x0000000000008008      0x239 ../device/uart-pl011/uartGetc.o
 .debug_info    0x0000000000008241      0x591 ../device/uart-pl011/kprintf.o
 .debug_info    0x00000000000087d2      0x32c ../device/tty/ttyControl.o
 .debug_info    0x0000000000008afe      0x3d0 ../device/tty/ttyOpen.o
 .debug_info    0x0000000000008ece      0x385 ../device/tty/ttyRead.o
 .debug_info    0x0000000000009253      0x33d ../device/tty/ttyClose.o
 .debug_info    0x0000000000009590      0x247 ../device/tty/ttyGetc.o
 .debug_info    0x00000000000097d7      0x2f1 ../device/tty/ttyInit.o
 .debug_info    0x0000000000009ac8      0x301 ../device/tty/ttyPutc.o
 .debug_info    0x0000000000009dc9      0x27b ../device/tty/ttyWrite.o
 .debug_info    0x000000000000a044      0x2a3 ../apps/date.o
 .debug_info    0x000000000000a2e7       0x89 ../apps/hello.o
 .debug_info    0x000000000000a370      0x149 ../mailbox/mailboxInit.o
 .debug_info    0x000000000000a4b9      0x5e4 ../shell/shell.o
 .debug_info    0x000000000000aa9d       0xe8 ../shell/lexan.o
 .debug_info    0x000000000000ab85      0x259 ../shell/xsh_clear.o
 .debug_info    0x000000000000adde      0x259 ../shell/xsh_date.o
 .debug_info    0x000000000000b037      0x259 ../shell/xsh_exit.o
 .debug_info    0x000000000000b290      0x2f9 ../shell/xsh_help.o
 .debug_info    0x000000000000b589      0x2af ../shell/xsh_reset.o
 .debug_info    0x000000000000b838      0x267 ../shell/xsh_sleep.o
 .debug_info    0x000000000000ba9f      0x267 ../shell/xsh_kill.o
 .debug_info    0x000000000000bd06      0x297 ../shell/xsh_ps.o
 .debug_info    0x000000000000bf9d       0xb2 ../shell/xsh_memdump.o
 .debug_info    0x000000000000c04f       0xd6 ../shell/xsh_memstat.o
 .debug_info    0x000000000000c125       0xb2 ../shell/xsh_uartstat.o
 .debug_info    0x000000000000c1d7      0x2c9 ../shell/xsh_gpiostat.o
 .debug_info    0x000000000000c4a0      0x2a9 ../shell/xsh_led.o
 .debug_info    0x000000000000c749       0xd2 ../shell/xsh_tar.o
 .debug_info    0x000000000000c81b       0x9d ../shell/xsh_test.o
 .debug_info    0x000000000000c8b8       0xb2 ../shell/xsh_testsuite.o
 .debug_info    0x000000000000c96a       0xb2 ../shell/xsh_hello.o
 .debug_info    0x000000000000ca1c      0x220 ../system/conf.o
 .debug_info    0x000000000000cc3c       0xb3 ../system/main.o
 .debug_info    0x000000000000ccef       0x84 ../lib/libxc.a(atoi.o)
 .debug_info    0x000000000000cd73       0x8b ../lib/libxc.a(atol.o)
 .debug_info    0x000000000000cdfe       0x90 ../lib/libxc.a(bzero.o)
 .debug_info    0x000000000000ce8e       0x53 ../lib/libxc.a(ctype_.o)
 .debug_info    0x000000000000cee1      0x501 ../lib/libxc.a(doprnt.o)
 .debug_info    0x000000000000d3e2      0x124 ../lib/libxc.a(fprintf.o)
 .debug_info    0x000000000000d506      0x317 ../lib/libxc.a(printf.o)
 .debug_info    0x000000000000d81d       0x86 ../lib/libxc.a(strncmp.o)
 .debug_info    0x000000000000d8a3       0xa9 ../lib/libxc.a(strncpy.o)
 .debug_info    0x000000000000d94c       0x8f /usr/lib/gcc/arm-none-eabi/4.9.1/libgcc.a(_divsi3.o)
 .debug_info    0x000000000000d9db       0x8f /usr/lib/gcc/arm-none-eabi/4.9.1/libgcc.a(_dvmd_tls.o)

.debug_abbrev   0x0000000000000000     0x54bb
 .debug_abbrev  0x0000000000000000       0x14 ../loader/platforms/raspberry-pi/start.o
 .debug_abbrev  0x0000000000000014       0x14 ../system/platforms/raspberry-pi/ctxsw.o
 .debug_abbrev  0x0000000000000028       0x14 ../system/platforms/raspberry-pi/pause.o
 .debug_abbrev  0x000000000000003c       0x14 ../system/platforms/raspberry-pi/halt.o
 .debug_abbrev  0x0000000000000050       0x6d ../system/platforms/raspberry-pi/clkupdate.o
 .debug_abbrev  0x00000000000000bd      0x12f ../system/platforms/raspberry-pi/create.o
 .debug_abbrev  0x00000000000001ec       0x7f ../system/platforms/raspberry-pi/handlers.o
 .debug_abbrev  0x000000000000026b      0x13b ../system/platforms/raspberry-pi/interrupt.o
 .debug_abbrev  0x00000000000003a6       0xec ../system/platforms/raspberry-pi/platforminit.o
 .debug_abbrev  0x0000000000000492       0x42 ../system/platforms/raspberry-pi/stubs.o
 .debug_abbrev  0x00000000000004d4      0x135 ../system/platforms/raspberry-pi/vic.o
 .debug_abbrev  0x0000000000000609      0x131 ../system/initialize.o
 .debug_abbrev  0x000000000000073a      0x128 ../system/queue.o
 .debug_abbrev  0x0000000000000862       0xf2 ../system/kill.o
 .debug_abbrev  0x0000000000000954       0xf2 ../system/ready.o
 .debug_abbrev  0x0000000000000a46       0xe5 ../system/resched.o
 .debug_abbrev  0x0000000000000b2b       0xd9 ../system/getitem.o
 .debug_abbrev  0x0000000000000c04       0xbd ../system/queinit.o
 .debug_abbrev  0x0000000000000cc1       0xe3 ../system/insert.o
 .debug_abbrev  0x0000000000000da4       0x62 ../system/gettid.o
 .debug_abbrev  0x0000000000000e06       0x74 ../system/xdone.o
 .debug_abbrev  0x0000000000000e7a       0x42 ../system/userret.o
 .debug_abbrev  0x0000000000000ebc       0xa8 ../system/clkinit.o
 .debug_abbrev  0x0000000000000f64       0xab ../system/clkhandler.o
 .debug_abbrev  0x000000000000100f       0xe3 ../system/insertd.o
 .debug_abbrev  0x00000000000010f2       0xf2 ../system/sleep.o
 .debug_abbrev  0x00000000000011e4       0xf2 ../system/unsleep.o
 .debug_abbrev  0x00000000000012d6       0xb1 ../system/wakeup.o
 .debug_abbrev  0x0000000000001387       0xe4 ../system/semcreate.o
 .debug_abbrev  0x000000000000146b       0xe2 ../system/semfree.o
 .debug_abbrev  0x000000000000154d       0x9f ../system/semcount.o
 .debug_abbrev  0x00000000000015ec       0xd3 ../system/signal.o
 .debug_abbrev  0x00000000000016bf       0xe2 ../system/signaln.o
 .debug_abbrev  0x00000000000017a1       0xf2 ../system/wait.o
 .debug_abbrev  0x0000000000001893       0xde ../system/memfree.o
 .debug_abbrev  0x0000000000001971       0xcc ../system/stkget.o
 .debug_abbrev  0x0000000000001a3d       0xf2 ../system/send.o
 .debug_abbrev  0x0000000000001b2f       0xe3 ../system/receive.o
 .debug_abbrev  0x0000000000001c12       0xe3 ../system/recvclr.o
 .debug_abbrev  0x0000000000001cf5       0xf2 ../system/control.o
 .debug_abbrev  0x0000000000001de7      0x10e ../system/open.o
 .debug_abbrev  0x0000000000001ef5       0x51 ../system/ioerr.o
 .debug_abbrev  0x0000000000001f46       0x51 ../system/ionull.o
 .debug_abbrev  0x0000000000001f97       0xf2 ../system/read.o
 .debug_abbrev  0x0000000000002089      0x101 ../system/putc.o
 .debug_abbrev  0x000000000000218a       0xf2 ../system/getdev.o
 .debug_abbrev  0x000000000000227c      0x11f ../device/loopback/loopbackGetc.o
 .debug_abbrev  0x000000000000239b      0x11f ../device/loopback/loopbackClose.o
 .debug_abbrev  0x00000000000024ba      0x11f ../device/loopback/loopbackOpen.o
 .debug_abbrev  0x00000000000025d9      0x12e ../device/loopback/loopbackPutc.o
 .debug_abbrev  0x0000000000002707      0x121 ../device/loopback/loopbackWrite.o
 .debug_abbrev  0x0000000000002828      0x121 ../device/loopback/loopbackRead.o
 .debug_abbrev  0x0000000000002949      0x112 ../device/loopback/loopbackControl.o
 .debug_abbrev  0x0000000000002a5b      0x107 ../device/loopback/loopbackInit.o
 .debug_abbrev  0x0000000000002b62      0x12c ../device/uart-pl011/uartInit.o
 .debug_abbrev  0x0000000000002c8e      0x126 ../device/uart-pl011/uartInterrupt.o
 .debug_abbrev  0x0000000000002db4       0xca ../device/uart-pl011/uartPutc.o
 .debug_abbrev  0x0000000000002e7e      0x153 ../device/uart-pl011/uartRead.o
 .debug_abbrev  0x0000000000002fd1      0x153 ../device/uart-pl011/uartWrite.o
 .debug_abbrev  0x0000000000003124       0xca ../device/uart-pl011/uartGetc.o
 .debug_abbrev  0x00000000000031ee      0x176 ../device/uart-pl011/kprintf.o
 .debug_abbrev  0x0000000000003364      0x121 ../device/tty/ttyControl.o
 .debug_abbrev  0x0000000000003485      0x181 ../device/tty/ttyOpen.o
 .debug_abbrev  0x0000000000003606      0x14f ../device/tty/ttyRead.o
 .debug_abbrev  0x0000000000003755      0x12e ../device/tty/ttyClose.o
 .debug_abbrev  0x0000000000003883       0xd9 ../device/tty/ttyGetc.o
 .debug_abbrev  0x000000000000395c      0x116 ../device/tty/ttyInit.o
 .debug_abbrev  0x0000000000003a72      0x130 ../device/tty/ttyPutc.o
 .debug_abbrev  0x0000000000003ba2       0xea ../device/tty/ttyWrite.o
 .debug_abbrev  0x0000000000003c8c      0x138 ../apps/date.o
 .debug_abbrev  0x0000000000003dc4       0x5a ../apps/hello.o
 .debug_abbrev  0x0000000000003e1e       0xbb ../mailbox/mailboxInit.o
 .debug_abbrev  0x0000000000003ed9      0x128 ../shell/shell.o
 .debug_abbrev  0x0000000000004001       0x98 ../shell/lexan.o
 .debug_abbrev  0x0000000000004099       0xd4 ../shell/xsh_clear.o
 .debug_abbrev  0x000000000000416d       0xd4 ../shell/xsh_date.o
 .debug_abbrev  0x0000000000004241       0xd4 ../shell/xsh_exit.o
 .debug_abbrev  0x0000000000004315      0x10b ../shell/xsh_help.o
 .debug_abbrev  0x0000000000004420       0xea ../shell/xsh_reset.o
 .debug_abbrev  0x000000000000450a       0xe3 ../shell/xsh_sleep.o
 .debug_abbrev  0x00000000000045ed       0xe3 ../shell/xsh_kill.o
 .debug_abbrev  0x00000000000046d0       0xf2 ../shell/xsh_ps.o
 .debug_abbrev  0x00000000000047c2       0x6b ../shell/xsh_memdump.o
 .debug_abbrev  0x000000000000482d       0x83 ../shell/xsh_memstat.o
 .debug_abbrev  0x00000000000048b0       0x6b ../shell/xsh_uartstat.o
 .debug_abbrev  0x000000000000491b       0xf9 ../shell/xsh_gpiostat.o
 .debug_abbrev  0x0000000000004a14       0xea ../shell/xsh_led.o
 .debug_abbrev  0x0000000000004afe       0x83 ../shell/xsh_tar.o
 .debug_abbrev  0x0000000000004b81       0x6b ../shell/xsh_test.o
 .debug_abbrev  0x0000000000004bec       0x6b ../shell/xsh_testsuite.o
 .debug_abbrev  0x0000000000004c57       0x6b ../shell/xsh_hello.o
 .debug_abbrev  0x0000000000004cc2       0xb8 ../system/conf.o
 .debug_abbrev  0x0000000000004d7a       0x6d ../system/main.o
 .debug_abbrev  0x0000000000004de7       0x6f ../lib/libxc.a(atoi.o)
 .debug_abbrev  0x0000000000004e56       0x6f ../lib/libxc.a(atol.o)
 .debug_abbrev  0x0000000000004ec5       0x83 ../lib/libxc.a(bzero.o)
 .debug_abbrev  0x0000000000004f48       0x45 ../lib/libxc.a(ctype_.o)
 .debug_abbrev  0x0000000000004f8d      0x1c3 ../lib/libxc.a(doprnt.o)
 .debug_abbrev  0x0000000000005150      0x102 ../lib/libxc.a(fprintf.o)
 .debug_abbrev  0x0000000000005252      0x14d ../lib/libxc.a(printf.o)
 .debug_abbrev  0x000000000000539f       0x60 ../lib/libxc.a(strncmp.o)
 .debug_abbrev  0x00000000000053ff       0x94 ../lib/libxc.a(strncpy.o)
 .debug_abbrev  0x0000000000005493       0x14 /usr/lib/gcc/arm-none-eabi/4.9.1/libgcc.a(_divsi3.o)
 .debug_abbrev  0x00000000000054a7       0x14 /usr/lib/gcc/arm-none-eabi/4.9.1/libgcc.a(_dvmd_tls.o)

.debug_aranges  0x0000000000000000      0xe30
 .debug_aranges
                0x0000000000000000       0x20 ../loader/platforms/raspberry-pi/start.o
 .debug_aranges
                0x0000000000000020       0x20 ../system/platforms/raspberry-pi/ctxsw.o
 .debug_aranges
                0x0000000000000040       0x20 ../system/platforms/raspberry-pi/pause.o
 .debug_aranges
                0x0000000000000060       0x20 ../system/platforms/raspberry-pi/halt.o
 .debug_aranges
                0x0000000000000080       0x20 ../system/platforms/raspberry-pi/clkupdate.o
 .debug_aranges
                0x00000000000000a0       0x28 ../system/platforms/raspberry-pi/create.o
 .debug_aranges
                0x00000000000000c8       0x40 ../system/platforms/raspberry-pi/handlers.o
 .debug_aranges
                0x0000000000000108       0x68 ../system/platforms/raspberry-pi/interrupt.o
 .debug_aranges
                0x0000000000000170       0x20 ../system/platforms/raspberry-pi/platforminit.o
 .debug_aranges
                0x0000000000000190       0x20 ../system/platforms/raspberry-pi/stubs.o
 .debug_aranges
                0x00000000000001b0       0x70 ../system/platforms/raspberry-pi/vic.o
 .debug_aranges
                0x0000000000000220       0x28 ../system/initialize.o
 .debug_aranges
                0x0000000000000248       0x28 ../system/queue.o
 .debug_aranges
                0x0000000000000270       0x20 ../system/kill.o
 .debug_aranges
                0x0000000000000290       0x20 ../system/ready.o
 .debug_aranges
                0x00000000000002b0       0x20 ../system/resched.o
 .debug_aranges
                0x00000000000002d0       0x30 ../system/getitem.o
 .debug_aranges
                0x0000000000000300       0x20 ../system/queinit.o
 .debug_aranges
                0x0000000000000320       0x20 ../system/insert.o
 .debug_aranges
                0x0000000000000340       0x20 ../system/gettid.o
 .debug_aranges
                0x0000000000000360       0x20 ../system/xdone.o
 .debug_aranges
                0x0000000000000380       0x20 ../system/userret.o
 .debug_aranges
                0x00000000000003a0       0x20 ../system/clkinit.o
 .debug_aranges
                0x00000000000003c0       0x20 ../system/clkhandler.o
 .debug_aranges
                0x00000000000003e0       0x20 ../system/insertd.o
 .debug_aranges
                0x0000000000000400       0x20 ../system/sleep.o
 .debug_aranges
                0x0000000000000420       0x20 ../system/unsleep.o
 .debug_aranges
                0x0000000000000440       0x28 ../system/wakeup.o
 .debug_aranges
                0x0000000000000468       0x28 ../system/semcreate.o
 .debug_aranges
                0x0000000000000490       0x20 ../system/semfree.o
 .debug_aranges
                0x00000000000004b0       0x20 ../system/semcount.o
 .debug_aranges
                0x00000000000004d0       0x20 ../system/signal.o
 .debug_aranges
                0x00000000000004f0       0x20 ../system/signaln.o
 .debug_aranges
                0x0000000000000510       0x20 ../system/wait.o
 .debug_aranges
                0x0000000000000530       0x20 ../system/memfree.o
 .debug_aranges
                0x0000000000000550       0x20 ../system/stkget.o
 .debug_aranges
                0x0000000000000570       0x20 ../system/send.o
 .debug_aranges
                0x0000000000000590       0x20 ../system/receive.o
 .debug_aranges
                0x00000000000005b0       0x20 ../system/recvclr.o
 .debug_aranges
                0x00000000000005d0       0x20 ../system/control.o
 .debug_aranges
                0x00000000000005f0       0x20 ../system/open.o
 .debug_aranges
                0x0000000000000610       0x20 ../system/ioerr.o
 .debug_aranges
                0x0000000000000630       0x20 ../system/ionull.o
 .debug_aranges
                0x0000000000000650       0x20 ../system/read.o
 .debug_aranges
                0x0000000000000670       0x20 ../system/putc.o
 .debug_aranges
                0x0000000000000690       0x20 ../system/getdev.o
 .debug_aranges
                0x00000000000006b0       0x20 ../device/loopback/loopbackGetc.o
 .debug_aranges
                0x00000000000006d0       0x20 ../device/loopback/loopbackClose.o
 .debug_aranges
                0x00000000000006f0       0x20 ../device/loopback/loopbackOpen.o
 .debug_aranges
                0x0000000000000710       0x20 ../device/loopback/loopbackPutc.o
 .debug_aranges
                0x0000000000000730       0x20 ../device/loopback/loopbackWrite.o
 .debug_aranges
                0x0000000000000750       0x20 ../device/loopback/loopbackRead.o
 .debug_aranges
                0x0000000000000770       0x20 ../device/loopback/loopbackControl.o
 .debug_aranges
                0x0000000000000790       0x20 ../device/loopback/loopbackInit.o
 .debug_aranges
                0x00000000000007b0       0x20 ../device/uart-pl011/uartInit.o
 .debug_aranges
                0x00000000000007d0       0x20 ../device/uart-pl011/uartInterrupt.o
 .debug_aranges
                0x00000000000007f0       0x20 ../device/uart-pl011/uartPutc.o
 .debug_aranges
                0x0000000000000810       0x20 ../device/uart-pl011/uartRead.o
 .debug_aranges
                0x0000000000000830       0x20 ../device/uart-pl011/uartWrite.o
 .debug_aranges
                0x0000000000000850       0x20 ../device/uart-pl011/uartGetc.o
 .debug_aranges
                0x0000000000000870       0x30 ../device/uart-pl011/kprintf.o
 .debug_aranges
                0x00000000000008a0       0x20 ../device/tty/ttyControl.o
 .debug_aranges
                0x00000000000008c0       0x20 ../device/tty/ttyOpen.o
 .debug_aranges
                0x00000000000008e0       0x28 ../device/tty/ttyRead.o
 .debug_aranges
                0x0000000000000908       0x20 ../device/tty/ttyClose.o
 .debug_aranges
                0x0000000000000928       0x20 ../device/tty/ttyGetc.o
 .debug_aranges
                0x0000000000000948       0x20 ../device/tty/ttyInit.o
 .debug_aranges
                0x0000000000000968       0x20 ../device/tty/ttyPutc.o
 .debug_aranges
                0x0000000000000988       0x20 ../device/tty/ttyWrite.o
 .debug_aranges
                0x00000000000009a8       0x40 ../apps/date.o
 .debug_aranges
                0x00000000000009e8       0x20 ../apps/hello.o
 .debug_aranges
                0x0000000000000a08       0x20 ../mailbox/mailboxInit.o
 .debug_aranges
                0x0000000000000a28       0x20 ../shell/shell.o
 .debug_aranges
                0x0000000000000a48       0x20 ../shell/lexan.o
 .debug_aranges
                0x0000000000000a68       0x20 ../shell/xsh_clear.o
 .debug_aranges
                0x0000000000000a88       0x20 ../shell/xsh_date.o
 .debug_aranges
                0x0000000000000aa8       0x20 ../shell/xsh_exit.o
 .debug_aranges
                0x0000000000000ac8       0x20 ../shell/xsh_help.o
 .debug_aranges
                0x0000000000000ae8       0x20 ../shell/xsh_reset.o
 .debug_aranges
                0x0000000000000b08       0x20 ../shell/xsh_sleep.o
 .debug_aranges
                0x0000000000000b28       0x20 ../shell/xsh_kill.o
 .debug_aranges
                0x0000000000000b48       0x20 ../shell/xsh_ps.o
 .debug_aranges
                0x0000000000000b68       0x20 ../shell/xsh_memdump.o
 .debug_aranges
                0x0000000000000b88       0x28 ../shell/xsh_memstat.o
 .debug_aranges
                0x0000000000000bb0       0x20 ../shell/xsh_uartstat.o
 .debug_aranges
                0x0000000000000bd0       0x20 ../shell/xsh_gpiostat.o
 .debug_aranges
                0x0000000000000bf0       0x20 ../shell/xsh_led.o
 .debug_aranges
                0x0000000000000c10       0x28 ../shell/xsh_tar.o
 .debug_aranges
                0x0000000000000c38       0x20 ../shell/xsh_test.o
 .debug_aranges
                0x0000000000000c58       0x20 ../shell/xsh_testsuite.o
 .debug_aranges
                0x0000000000000c78       0x20 ../shell/xsh_hello.o
 .debug_aranges
                0x0000000000000c98       0x18 ../system/conf.o
 .debug_aranges
                0x0000000000000cb0       0x20 ../system/main.o
 .debug_aranges
                0x0000000000000cd0       0x20 ../lib/libxc.a(atoi.o)
 .debug_aranges
                0x0000000000000cf0       0x20 ../lib/libxc.a(atol.o)
 .debug_aranges
                0x0000000000000d10       0x20 ../lib/libxc.a(bzero.o)
 .debug_aranges
                0x0000000000000d30       0x18 ../lib/libxc.a(ctype_.o)
 .debug_aranges
                0x0000000000000d48       0x28 ../lib/libxc.a(doprnt.o)
 .debug_aranges
                0x0000000000000d70       0x20 ../lib/libxc.a(fprintf.o)
 .debug_aranges
                0x0000000000000d90       0x20 ../lib/libxc.a(printf.o)
 .debug_aranges
                0x0000000000000db0       0x20 ../lib/libxc.a(strncmp.o)
 .debug_aranges
                0x0000000000000dd0       0x20 ../lib/libxc.a(strncpy.o)
 .debug_aranges
                0x0000000000000df0       0x20 /usr/lib/gcc/arm-none-eabi/4.9.1/libgcc.a(_divsi3.o)
 .debug_aranges
                0x0000000000000e10       0x20 /usr/lib/gcc/arm-none-eabi/4.9.1/libgcc.a(_dvmd_tls.o)

.debug_ranges   0x0000000000000000      0x858
 .debug_ranges  0x0000000000000000       0x10 ../system/platforms/raspberry-pi/clkupdate.o
 .debug_ranges  0x0000000000000010       0x18 ../system/platforms/raspberry-pi/create.o
 .debug_ranges  0x0000000000000028       0x30 ../system/platforms/raspberry-pi/handlers.o
 .debug_ranges  0x0000000000000058       0x58 ../system/platforms/raspberry-pi/interrupt.o
 .debug_ranges  0x00000000000000b0       0x10 ../system/platforms/raspberry-pi/platforminit.o
 .debug_ranges  0x00000000000000c0       0x10 ../system/platforms/raspberry-pi/stubs.o
 .debug_ranges  0x00000000000000d0       0x60 ../system/platforms/raspberry-pi/vic.o
 .debug_ranges  0x0000000000000130       0x18 ../system/initialize.o
 .debug_ranges  0x0000000000000148       0x18 ../system/queue.o
 .debug_ranges  0x0000000000000160       0x10 ../system/kill.o
 .debug_ranges  0x0000000000000170       0x10 ../system/ready.o
 .debug_ranges  0x0000000000000180       0x10 ../system/resched.o
 .debug_ranges  0x0000000000000190       0x20 ../system/getitem.o
 .debug_ranges  0x00000000000001b0       0x10 ../system/queinit.o
 .debug_ranges  0x00000000000001c0       0x10 ../system/insert.o
 .debug_ranges  0x00000000000001d0       0x10 ../system/gettid.o
 .debug_ranges  0x00000000000001e0       0x10 ../system/xdone.o
 .debug_ranges  0x00000000000001f0       0x10 ../system/userret.o
 .debug_ranges  0x0000000000000200       0x10 ../system/clkinit.o
 .debug_ranges  0x0000000000000210       0x10 ../system/clkhandler.o
 .debug_ranges  0x0000000000000220       0x10 ../system/insertd.o
 .debug_ranges  0x0000000000000230       0x10 ../system/sleep.o
 .debug_ranges  0x0000000000000240       0x10 ../system/unsleep.o
 .debug_ranges  0x0000000000000250       0x18 ../system/wakeup.o
 .debug_ranges  0x0000000000000268       0x18 ../system/semcreate.o
 .debug_ranges  0x0000000000000280       0x10 ../system/semfree.o
 .debug_ranges  0x0000000000000290       0x10 ../system/semcount.o
 .debug_ranges  0x00000000000002a0       0x10 ../system/signal.o
 .debug_ranges  0x00000000000002b0       0x10 ../system/signaln.o
 .debug_ranges  0x00000000000002c0       0x10 ../system/wait.o
 .debug_ranges  0x00000000000002d0       0x10 ../system/memfree.o
 .debug_ranges  0x00000000000002e0       0x10 ../system/stkget.o
 .debug_ranges  0x00000000000002f0       0x10 ../system/send.o
 .debug_ranges  0x0000000000000300       0x10 ../system/receive.o
 .debug_ranges  0x0000000000000310       0x10 ../system/recvclr.o
 .debug_ranges  0x0000000000000320       0x10 ../system/control.o
 .debug_ranges  0x0000000000000330       0x10 ../system/open.o
 .debug_ranges  0x0000000000000340       0x10 ../system/ioerr.o
 .debug_ranges  0x0000000000000350       0x10 ../system/ionull.o
 .debug_ranges  0x0000000000000360       0x10 ../system/read.o
 .debug_ranges  0x0000000000000370       0x10 ../system/putc.o
 .debug_ranges  0x0000000000000380       0x10 ../system/getdev.o
 .debug_ranges  0x0000000000000390       0x10 ../device/loopback/loopbackGetc.o
 .debug_ranges  0x00000000000003a0       0x10 ../device/loopback/loopbackClose.o
 .debug_ranges  0x00000000000003b0       0x10 ../device/loopback/loopbackOpen.o
 .debug_ranges  0x00000000000003c0       0x10 ../device/loopback/loopbackPutc.o
 .debug_ranges  0x00000000000003d0       0x10 ../device/loopback/loopbackWrite.o
 .debug_ranges  0x00000000000003e0       0x10 ../device/loopback/loopbackRead.o
 .debug_ranges  0x00000000000003f0       0x10 ../device/loopback/loopbackControl.o
 .debug_ranges  0x0000000000000400       0x10 ../device/loopback/loopbackInit.o
 .debug_ranges  0x0000000000000410       0x10 ../device/uart-pl011/uartInit.o
 .debug_ranges  0x0000000000000420       0x10 ../device/uart-pl011/uartInterrupt.o
 .debug_ranges  0x0000000000000430       0x10 ../device/uart-pl011/uartPutc.o
 .debug_ranges  0x0000000000000440       0x10 ../device/uart-pl011/uartRead.o
 .debug_ranges  0x0000000000000450       0x10 ../device/uart-pl011/uartWrite.o
 .debug_ranges  0x0000000000000460       0x10 ../device/uart-pl011/uartGetc.o
 .debug_ranges  0x0000000000000470       0x20 ../device/uart-pl011/kprintf.o
 .debug_ranges  0x0000000000000490       0x10 ../device/tty/ttyControl.o
 .debug_ranges  0x00000000000004a0       0x10 ../device/tty/ttyOpen.o
 .debug_ranges  0x00000000000004b0       0x18 ../device/tty/ttyRead.o
 .debug_ranges  0x00000000000004c8       0x10 ../device/tty/ttyClose.o
 .debug_ranges  0x00000000000004d8       0x10 ../device/tty/ttyGetc.o
 .debug_ranges  0x00000000000004e8       0x10 ../device/tty/ttyInit.o
 .debug_ranges  0x00000000000004f8       0x10 ../device/tty/ttyPutc.o
 .debug_ranges  0x0000000000000508       0x10 ../device/tty/ttyWrite.o
 .debug_ranges  0x0000000000000518       0x30 ../apps/date.o
 .debug_ranges  0x0000000000000548       0x10 ../apps/hello.o
 .debug_ranges  0x0000000000000558       0x10 ../mailbox/mailboxInit.o
 .debug_ranges  0x0000000000000568       0x10 ../shell/shell.o
 .debug_ranges  0x0000000000000578       0x10 ../shell/lexan.o
 .debug_ranges  0x0000000000000588       0x10 ../shell/xsh_clear.o
 .debug_ranges  0x0000000000000598       0x10 ../shell/xsh_date.o
 .debug_ranges  0x00000000000005a8       0x10 ../shell/xsh_exit.o
 .debug_ranges  0x00000000000005b8       0x10 ../shell/xsh_help.o
 .debug_ranges  0x00000000000005c8       0x10 ../shell/xsh_reset.o
 .debug_ranges  0x00000000000005d8       0x10 ../shell/xsh_sleep.o
 .debug_ranges  0x00000000000005e8       0x10 ../shell/xsh_kill.o
 .debug_ranges  0x00000000000005f8       0x10 ../shell/xsh_ps.o
 .debug_ranges  0x0000000000000608       0x10 ../shell/xsh_memdump.o
 .debug_ranges  0x0000000000000618       0x18 ../shell/xsh_memstat.o
 .debug_ranges  0x0000000000000630       0x10 ../shell/xsh_uartstat.o
 .debug_ranges  0x0000000000000640       0x10 ../shell/xsh_gpiostat.o
 .debug_ranges  0x0000000000000650       0x10 ../shell/xsh_led.o
 .debug_ranges  0x0000000000000660       0x18 ../shell/xsh_tar.o
 .debug_ranges  0x0000000000000678       0x10 ../shell/xsh_test.o
 .debug_ranges  0x0000000000000688       0x10 ../shell/xsh_testsuite.o
 .debug_ranges  0x0000000000000698       0x10 ../shell/xsh_hello.o
 .debug_ranges  0x00000000000006a8       0x10 ../system/main.o
 .debug_ranges  0x00000000000006b8       0x10 ../lib/libxc.a(atoi.o)
 .debug_ranges  0x00000000000006c8       0x10 ../lib/libxc.a(atol.o)
 .debug_ranges  0x00000000000006d8       0x10 ../lib/libxc.a(bzero.o)
 .debug_ranges  0x00000000000006e8      0x130 ../lib/libxc.a(doprnt.o)
 .debug_ranges  0x0000000000000818       0x10 ../lib/libxc.a(fprintf.o)
 .debug_ranges  0x0000000000000828       0x10 ../lib/libxc.a(printf.o)
 .debug_ranges  0x0000000000000838       0x10 ../lib/libxc.a(strncmp.o)
 .debug_ranges  0x0000000000000848       0x10 ../lib/libxc.a(strncpy.o)

.debug_str      0x0000000000000000     0x1560
 .debug_str     0x0000000000000000      0x13b ../system/platforms/raspberry-pi/clkupdate.o
                                        0x14d (size before relaxing)
 .debug_str     0x000000000000013b      0x142 ../system/platforms/raspberry-pi/create.o
                                        0x261 (size before relaxing)
 .debug_str     0x000000000000027d       0x74 ../system/platforms/raspberry-pi/handlers.o
                                        0x10b (size before relaxing)
 .debug_str     0x00000000000002f1       0xa5 ../system/platforms/raspberry-pi/interrupt.o
                                        0x1d4 (size before relaxing)
 .debug_str     0x0000000000000396       0xc0 ../system/platforms/raspberry-pi/platforminit.o
                                        0x1eb (size before relaxing)
 .debug_str     0x0000000000000456       0x32 ../system/platforms/raspberry-pi/stubs.o
                                        0x12a (size before relaxing)
 .debug_str     0x0000000000000488       0xb9 ../system/platforms/raspberry-pi/vic.o
                                        0x212 (size before relaxing)
 .debug_str     0x0000000000000541       0xd3 ../system/initialize.o
                                        0x336 (size before relaxing)
 .debug_str     0x0000000000000614       0x35 ../system/queue.o
                                        0x1fa (size before relaxing)
 .debug_str     0x0000000000000649       0x19 ../system/kill.o
                                        0x208 (size before relaxing)
 .debug_str     0x0000000000000662       0x1e ../system/ready.o
                                        0x1ef (size before relaxing)
 .debug_str     0x0000000000000680       0x2c ../system/resched.o
                                        0x21b (size before relaxing)
 .debug_str     0x00000000000006ac       0x2d ../system/getitem.o
                                        0x144 (size before relaxing)
 .debug_str     0x00000000000006d9       0x24 ../system/queinit.o
                                        0x131 (size before relaxing)
 .debug_str     0x00000000000006fd       0x1a ../system/insert.o
                                        0x1ed (size before relaxing)
 .debug_str     0x0000000000000717       0x1a ../system/gettid.o
                                        0x125 (size before relaxing)
 .debug_str     0x0000000000000731       0x30 ../system/xdone.o
                                        0x13d (size before relaxing)
 .debug_str     0x0000000000000761       0x14 ../system/userret.o
                                        0x114 (size before relaxing)
 .debug_str     0x0000000000000775       0x34 ../system/clkinit.o
                                        0x17a (size before relaxing)
 .debug_str     0x00000000000007a9       0x22 ../system/clkhandler.o
                                        0x1a0 (size before relaxing)
 .debug_str     0x00000000000007cb       0x1c ../system/insertd.o
                                        0x1ef (size before relaxing)
 .debug_str     0x00000000000007e7       0x12 ../system/sleep.o
                                        0x1f8 (size before relaxing)
 .debug_str     0x00000000000007f9       0x1c ../system/unsleep.o
                                        0x1f6 (size before relaxing)
 .debug_str     0x0000000000000815       0x21 ../system/wakeup.o
                                        0x148 (size before relaxing)
 .debug_str     0x0000000000000836       0x31 ../system/semcreate.o
                                        0x175 (size before relaxing)
 .debug_str     0x0000000000000867       0x1c ../system/semfree.o
                                        0x198 (size before relaxing)
 .debug_str     0x0000000000000883       0x1e ../system/semcount.o
                                        0x13d (size before relaxing)
 .debug_str     0x00000000000008a1       0x1a ../system/signal.o
                                        0x176 (size before relaxing)
 .debug_str     0x00000000000008bb       0x1c ../system/signaln.o
                                        0x178 (size before relaxing)
 .debug_str     0x00000000000008d7       0x16 ../system/wait.o
                                        0x211 (size before relaxing)
 .debug_str     0x00000000000008ed       0x2a ../system/memfree.o
                                        0x1bf (size before relaxing)
 .debug_str     0x0000000000000917       0x28 ../system/stkget.o
                                        0x16e (size before relaxing)
 .debug_str     0x000000000000093f       0x16 ../system/send.o
                                        0x1dd (size before relaxing)
 .debug_str     0x0000000000000955       0x1c ../system/receive.o
                                        0x1e6 (size before relaxing)
 .debug_str     0x0000000000000971       0x1c ../system/recvclr.o
                                        0x1e6 (size before relaxing)
 .debug_str     0x000000000000098d       0x23 ../system/control.o
                                        0x180 (size before relaxing)
 .debug_str     0x00000000000009b0       0x18 ../system/open.o
                                        0x18c (size before relaxing)
 .debug_str     0x00000000000009c8       0x18 ../system/ioerr.o
                                         0xfc (size before relaxing)
 .debug_str     0x00000000000009e0       0x1a ../system/ionull.o
                                         0xfe (size before relaxing)
 .debug_str     0x00000000000009fa       0x18 ../system/read.o
                                        0x17b (size before relaxing)
 .debug_str     0x0000000000000a12       0x11 ../system/putc.o
                                        0x16e (size before relaxing)
 .debug_str     0x0000000000000a23       0x21 ../system/getdev.o
                                        0x178 (size before relaxing)
 .debug_str     0x0000000000000a44       0x4d ../device/loopback/loopbackGetc.o
                                        0x1ef (size before relaxing)
 .debug_str     0x0000000000000a91       0x31 ../device/loopback/loopbackClose.o
                                        0x1f1 (size before relaxing)
 .debug_str     0x0000000000000ac2       0x2f ../device/loopback/loopbackOpen.o
                                        0x1ef (size before relaxing)
 .debug_str     0x0000000000000af1       0x2f ../device/loopback/loopbackPutc.o
                                        0x1ef (size before relaxing)
 .debug_str     0x0000000000000b20       0x31 ../device/loopback/loopbackWrite.o
                                        0x1c4 (size before relaxing)
 .debug_str     0x0000000000000b51       0x2f ../device/loopback/loopbackRead.o
                                        0x1c2 (size before relaxing)
 .debug_str     0x0000000000000b80       0x35 ../device/loopback/loopbackControl.o
                                        0x1dd (size before relaxing)
 .debug_str     0x0000000000000bb5       0x2f ../device/loopback/loopbackInit.o
                                        0x1c2 (size before relaxing)
 .debug_str     0x0000000000000be4      0x10a ../device/uart-pl011/uartInit.o
                                        0x28b (size before relaxing)
 .debug_str     0x0000000000000cee       0x33 ../device/uart-pl011/uartInterrupt.o
                                        0x29d (size before relaxing)
 .debug_str     0x0000000000000d21       0x29 ../device/uart-pl011/uartPutc.o
                                        0x181 (size before relaxing)
 .debug_str     0x0000000000000d4a       0x29 ../device/uart-pl011/uartRead.o
                                        0x23d (size before relaxing)
 .debug_str     0x0000000000000d73       0x2b ../device/uart-pl011/uartWrite.o
                                        0x2ad (size before relaxing)
 .debug_str     0x0000000000000d9e       0x29 ../device/uart-pl011/uartGetc.o
                                        0x181 (size before relaxing)
 .debug_str     0x0000000000000dc7       0x39 ../device/uart-pl011/kprintf.o
                                        0x2c9 (size before relaxing)
 .debug_str     0x0000000000000e00       0x40 ../device/tty/ttyControl.o
                                        0x1c8 (size before relaxing)
 .debug_str     0x0000000000000e40       0x2f ../device/tty/ttyOpen.o
                                        0x215 (size before relaxing)
 .debug_str     0x0000000000000e6f       0x30 ../device/tty/ttyRead.o
                                        0x1d0 (size before relaxing)
 .debug_str     0x0000000000000e9f       0x22 ../device/tty/ttyClose.o
                                        0x1e2 (size before relaxing)
 .debug_str     0x0000000000000ec1       0x20 ../device/tty/ttyGetc.o
                                        0x17f (size before relaxing)
 .debug_str     0x0000000000000ee1       0x20 ../device/tty/ttyInit.o
                                        0x1b3 (size before relaxing)
 .debug_str     0x0000000000000f01       0x20 ../device/tty/ttyPutc.o
                                        0x1b3 (size before relaxing)
 .debug_str     0x0000000000000f21       0x22 ../device/tty/ttyWrite.o
                                        0x187 (size before relaxing)
 .debug_str     0x0000000000000f43       0xe3 ../apps/date.o
                                        0x1fe (size before relaxing)
 .debug_str     0x0000000000001026       0x1b ../apps/hello.o
                                        0x113 (size before relaxing)
 .debug_str     0x0000000000001041       0x52 ../mailbox/mailboxInit.o
                                        0x16f (size before relaxing)
 .debug_str     0x0000000000001093       0xc2 ../shell/shell.o
                                        0x2fc (size before relaxing)
 .debug_str     0x0000000000001155       0x2a ../shell/lexan.o
                                        0x123 (size before relaxing)
 .debug_str     0x000000000000117f       0x1f ../shell/xsh_clear.o
                                        0x1f6 (size before relaxing)
 .debug_str     0x000000000000119e       0x1d ../shell/xsh_date.o
                                        0x1f4 (size before relaxing)
 .debug_str     0x00000000000011bb       0x1d ../shell/xsh_exit.o
                                        0x1f4 (size before relaxing)
 .debug_str     0x00000000000011d8       0x2a ../shell/xsh_help.o
                                        0x22e (size before relaxing)
 .debug_str     0x0000000000001202       0x25 ../shell/xsh_reset.o
                                        0x223 (size before relaxing)
 .debug_str     0x0000000000001227       0x25 ../shell/xsh_sleep.o